<html>
<body>
<pre>
<h1>µVision Build Log</h1>
<h2>Project:</h2>
N:\SE 350\LAB 1\context_switching.uvproj
Project File Date:  01/25/2014

<h2>Output:</h2>
Rebuild target 'Context Switching SIM'
assembling startup_LPC17xx.s...
compiling system_LPC17xx.c...
compiling uart_polling.c...
compiling printf.c...
compiling main_svc.c...
compiling HAL.c...
compiling k_rtx_init.c...
compiling k_memory.c...
compiling k_process.c...
compiling heap.c...
compiling queue.c...
compiling usr_proc.c...
linking...
Program Size: Code=4004 RO-data=236 RW-data=48 ZI-data=696  
"context_switching.axf" - 0 Error(s), 0 Warning(s).
Load "N:\\SE 350\\LAB 1\\context_switching.AXF" 
Erase Done.
Programming Done.
Verify OK.
Rebuild target 'Context Switching SIM'
assembling startup_LPC17xx.s...
compiling system_LPC17xx.c...
compiling uart_polling.c...
compiling printf.c...
compiling main_svc.c...
compiling HAL.c...
compiling k_rtx_init.c...
compiling k_memory.c...
compiling k_process.c...
compiling heap.c...
compiling queue.c...
compiling usr_proc.c...
linking...
Program Size: Code=3720 RO-data=236 RW-data=48 ZI-data=696  
"context_switching.axf" - 0 Error(s), 0 Warning(s).
Load "N:\\SE 350\\LAB 1\\context_switching.AXF" 
Erase Done.
Programming Done.
Verify OK.
Rebuild target 'Context Switching SIM'
assembling startup_LPC17xx.s...
compiling system_LPC17xx.c...
compiling uart_polling.c...
compiling printf.c...
compiling main_svc.c...
compiling HAL.c...
compiling k_rtx_init.c...
compiling k_memory.c...
compiling k_process.c...
compiling heap.c...
compiling queue.c...
compiling usr_proc.c...
linking...
Program Size: Code=3784 RO-data=236 RW-data=48 ZI-data=696  
"context_switching.axf" - 0 Error(s), 0 Warning(s).
Load "N:\\SE 350\\LAB 1\\context_switching.AXF" 
Erase Done.
Programming Done.
Verify OK.
Rebuild target 'Context Switching SIM'
assembling startup_LPC17xx.s...
compiling system_LPC17xx.c...
compiling uart_polling.c...
compiling printf.c...
compiling main_svc.c...
compiling HAL.c...
compiling k_rtx_init.c...
compiling k_memory.c...
compiling k_process.c...
compiling heap.c...
compiling queue.c...
compiling usr_proc.c...
linking...
Program Size: Code=3812 RO-data=236 RW-data=48 ZI-data=696  
"context_switching.axf" - 0 Error(s), 0 Warning(s).
Load "N:\\SE 350\\LAB 1\\context_switching.AXF" 
Erase Done.
Programming Done.
Verify OK.
Rebuild target 'Context Switching SIM'
assembling startup_LPC17xx.s...
compiling system_LPC17xx.c...
compiling uart_polling.c...
compiling printf.c...
compiling main_svc.c...
compiling HAL.c...
compiling k_rtx_init.c...
compiling k_memory.c...
compiling k_process.c...
compiling heap.c...
compiling queue.c...
compiling usr_proc.c...
linking...
Program Size: Code=3840 RO-data=236 RW-data=48 ZI-data=696  
"context_switching.axf" - 0 Error(s), 0 Warning(s).
Load "N:\\SE 350\\LAB 1\\context_switching.AXF" 
Erase Done.
Programming Done.
Verify OK.
Build target 'Context Switching SIM'
compiling queue.c...
linking...
Program Size: Code=3860 RO-data=236 RW-data=48 ZI-data=696  
"context_switching.axf" - 0 Error(s), 0 Warning(s).
Load "N:\\SE 350\\LAB 1\\context_switching.AXF" 
Erase Done.
Programming Done.
Verify OK.
Rebuild target 'Context Switching SIM'
assembling startup_LPC17xx.s...
compiling system_LPC17xx.c...
compiling uart_polling.c...
compiling printf.c...
compiling main_svc.c...
compiling HAL.c...
compiling k_rtx_init.c...
compiling k_memory.c...
compiling k_process.c...
compiling heap.c...
compiling queue.c...
compiling usr_proc.c...
linking...
Program Size: Code=3860 RO-data=236 RW-data=48 ZI-data=696  
"context_switching.axf" - 0 Error(s), 0 Warning(s).
Load "N:\\SE 350\\LAB 1\\context_switching.AXF" 
Erase Done.
Programming Done.
Verify OK.
Rebuild target 'Context Switching SIM'
assembling startup_LPC17xx.s...
compiling system_LPC17xx.c...
compiling uart_polling.c...
compiling printf.c...
compiling main_svc.c...
compiling HAL.c...
compiling k_rtx_init.c...
compiling k_memory.c...
compiling k_process.c...
compiling heap.c...
compiling queue.c...
compiling usr_proc.c...
linking...
Program Size: Code=3876 RO-data=236 RW-data=48 ZI-data=696  
"context_switching.axf" - 0 Error(s), 0 Warning(s).
Load "N:\\SE 350\\LAB 1\\context_switching.AXF" 
Erase Done.
Programming Done.
Verify OK.
Rebuild target 'Context Switching SIM'
assembling startup_LPC17xx.s...
compiling system_LPC17xx.c...
compiling uart_polling.c...
compiling printf.c...
compiling main_svc.c...
compiling HAL.c...
compiling k_rtx_init.c...
compiling k_memory.c...
compiling k_process.c...
compiling heap.c...
compiling queue.c...
compiling usr_proc.c...
linking...
Program Size: Code=3876 RO-data=236 RW-data=48 ZI-data=696  
"context_switching.axf" - 0 Error(s), 0 Warning(s).
Load "N:\\SE 350\\LAB 1\\context_switching.AXF" 
Erase Done.
Programming Done.
Verify OK.
Rebuild target 'Context Switching SIM'
assembling startup_LPC17xx.s...
compiling system_LPC17xx.c...
compiling uart_polling.c...
compiling printf.c...
compiling main_svc.c...
compiling HAL.c...
compiling k_rtx_init.c...
compiling k_memory.c...
compiling k_process.c...
compiling heap.c...
compiling queue.c...
compiling usr_proc.c...
linking...
Program Size: Code=3872 RO-data=236 RW-data=48 ZI-data=696  
"context_switching.axf" - 0 Error(s), 0 Warning(s).
Load "N:\\SE 350\\LAB 1\\context_switching.AXF" 
Erase Done.
Programming Done.
Verify OK.
Rebuild target 'Context Switching SIM'
assembling startup_LPC17xx.s...
compiling system_LPC17xx.c...
compiling uart_polling.c...
compiling printf.c...
compiling main_svc.c...
compiling HAL.c...
compiling k_rtx_init.c...
src\queue.h(22): error:  #65: expected a ";"
src\queue.h(23): error:  #65: expected a ";"
compiling k_memory.c...
src\queue.h(22): error:  #65: expected a ";"
src\queue.h(23): error:  #65: expected a ";"
compiling k_process.c...
src\queue.h(22): error:  #65: expected a ";"
src\queue.h(23): error:  #65: expected a ";"
compiling heap.c...
compiling queue.c...
src\queue.h(22): error:  #65: expected a ";"
src\queue.h(23): error:  #65: expected a ";"
compiling usr_proc.c...
Target not created
Rebuild target 'Context Switching SIM'
assembling startup_LPC17xx.s...
compiling system_LPC17xx.c...
compiling uart_polling.c...
compiling printf.c...
compiling main_svc.c...
compiling HAL.c...
compiling k_rtx_init.c...
compiling k_memory.c...
src\k_memory.c(23): error:  #77-D: this declaration has no storage class or type specifier
src\k_memory.c(23): error:  #147: declaration is incompatible with "Queue *blocked_queue" (declared at line 19)
src\k_memory.c(23): error:  #65: expected a ";"
src\k_memory.c(24): error:  #77-D: this declaration has no storage class or type specifier
src\k_memory.c(24): error:  #65: expected a ";"
src\k_memory.c(25): error:  #77-D: this declaration has no storage class or type specifier
src\k_memory.c(25): error:  #147: declaration is incompatible with "Queue *ready_queue" (declared at line 20)
src\k_memory.c(25): error:  #65: expected a ";"
src\k_memory.c(26): error:  #77-D: this declaration has no storage class or type specifier
src\k_memory.c(26): error:  #65: expected a ";"
src\k_memory.c(187): error:  #167: argument of type "int" is incompatible with parameter of type "Queue *"
src\k_memory.c(208): error:  #44: expression must have pointer type
src\k_memory.c(209): error:  #167: argument of type "int" is incompatible with parameter of type "Queue *"
src\k_memory.c(210): error:  #167: argument of type "int" is incompatible with parameter of type "Queue *"
compiling k_process.c...
compiling heap.c...
compiling queue.c...
compiling usr_proc.c...
Target not created
Rebuild target 'Context Switching SIM'
assembling startup_LPC17xx.s...
compiling system_LPC17xx.c...
compiling uart_polling.c...
compiling printf.c...
compiling main_svc.c...
compiling HAL.c...
compiling k_rtx_init.c...
compiling k_memory.c...
src\k_memory.c(25): error:  #77-D: this declaration has no storage class or type specifier
src\k_memory.c(25): error:  #147: declaration is incompatible with "Queue *blocked_queue" (declared at line 21)
src\k_memory.c(25): error:  #144: a value of type "Queue *" cannot be used to initialize an entity of type "int"
src\k_memory.c(26): error:  #77-D: this declaration has no storage class or type specifier
src\k_memory.c(26): error:  #147: declaration is incompatible with "Queue *ready_queue" (declared at line 22)
src\k_memory.c(26): error:  #144: a value of type "Queue *" cannot be used to initialize an entity of type "int"
src\k_memory.c(27): error:  #77-D: this declaration has no storage class or type specifier
src\k_memory.c(27): error:  #65: expected a ";"
src\k_memory.c(28): error:  #77-D: this declaration has no storage class or type specifier
src\k_memory.c(28): error:  #65: expected a ";"
src\k_memory.c(29): error:  #77-D: this declaration has no storage class or type specifier
src\k_memory.c(29): error:  #65: expected a ";"
src\k_memory.c(30): error:  #77-D: this declaration has no storage class or type specifier
src\k_memory.c(30): error:  #65: expected a ";"
src\k_memory.c(191): error:  #167: argument of type "int" is incompatible with parameter of type "Queue *"
src\k_memory.c(212): error:  #44: expression must have pointer type
src\k_memory.c(213): error:  #167: argument of type "int" is incompatible with parameter of type "Queue *"
src\k_memory.c(214): error:  #167: argument of type "int" is incompatible with parameter of type "Queue *"
compiling k_process.c...
compiling heap.c...
compiling queue.c...
compiling usr_proc.c...
Target not created
Build target 'Context Switching SIM'
compiling k_rtx_init.c...
compiling k_memory.c...
linking...
Program Size: Code=3916 RO-data=236 RW-data=64 ZI-data=696  
"context_switching.axf" - 0 Error(s), 0 Warning(s).
Load "N:\\SE 350\\LAB 1\\context_switching.AXF" 
Erase Done.
Programming Done.
Verify OK.
Build target 'Context Switching SIM'
compiling k_process.c...
compiling queue.c...
linking...
Program Size: Code=3912 RO-data=236 RW-data=64 ZI-data=696  
"context_switching.axf" - 0 Error(s), 0 Warning(s).
Load "N:\\SE 350\\LAB 1\\context_switching.AXF" 
Erase Done.
Programming Done.
Verify OK.
Load "N:\\SE 350\\LAB 1\\context_switching.AXF" 
Erase Done.
Programming Done.
Verify OK.
Build target 'Context Switching SIM'
compiling queue.c...
linking...
Program Size: Code=3952 RO-data=236 RW-data=64 ZI-data=696  
"context_switching.axf" - 0 Error(s), 0 Warning(s).
Build target 'Context Switching SIM'
compiling k_process.c...
compiling queue.c...
linking...
Program Size: Code=4000 RO-data=236 RW-data=64 ZI-data=696  
"context_switching.axf" - 0 Error(s), 0 Warning(s).
Load "N:\\SE 350\\LAB 1\\context_switching.AXF" 
Erase Done.
Programming Done.
Verify OK.
Build target 'Context Switching SIM'
compiling k_process.c...
linking...
Program Size: Code=4000 RO-data=236 RW-data=64 ZI-data=696  
"context_switching.axf" - 0 Error(s), 0 Warning(s).
Load "N:\\SE 350\\LAB 1\\context_switching.AXF" 
Erase Done.
Programming Done.
Verify OK.
Build target 'Context Switching SIM'
compiling k_process.c...
linking...
Program Size: Code=3988 RO-data=236 RW-data=64 ZI-data=696  
"context_switching.axf" - 0 Error(s), 0 Warning(s).
Load "N:\\SE 350\\LAB 1\\context_switching.AXF" 
Erase Done.
Programming Done.
Verify OK.
Build target 'Context Switching SIM'
compiling k_process.c...
linking...
Program Size: Code=4012 RO-data=236 RW-data=64 ZI-data=696  
"context_switching.axf" - 0 Error(s), 0 Warning(s).
Load "N:\\SE 350\\LAB 1\\context_switching.AXF" 
Erase Done.
Programming Done.
Verify OK.
Build target 'Context Switching SIM'
compiling k_process.c...
compiling queue.c...
linking...
Program Size: Code=3956 RO-data=236 RW-data=64 ZI-data=696  
"context_switching.axf" - 0 Error(s), 0 Warning(s).
Load "N:\\SE 350\\LAB 1\\context_switching.AXF" 
Erase Done.
Programming Done.
Verify OK.
Build target 'Context Switching SIM'
compiling k_process.c...
linking...
Program Size: Code=3972 RO-data=236 RW-data=64 ZI-data=696  
"context_switching.axf" - 0 Error(s), 0 Warning(s).
Load "N:\\SE 350\\LAB 1\\context_switching.AXF" 
Erase Done.
Programming Done.
Verify OK.
Build target 'Context Switching SIM'
compiling k_process.c...
linking...
Program Size: Code=3988 RO-data=236 RW-data=64 ZI-data=696  
"context_switching.axf" - 0 Error(s), 0 Warning(s).
Load "N:\\SE 350\\LAB 1\\context_switching.AXF" 
Erase Done.
Programming Done.
Verify OK.
Build target 'Context Switching SIM'
compiling queue.c...
linking...
Program Size: Code=4052 RO-data=236 RW-data=64 ZI-data=696  
"context_switching.axf" - 0 Error(s), 0 Warning(s).
Load "N:\\SE 350\\LAB 1\\context_switching.AXF" 
Erase Done.
Programming Done.
Verify OK.
Rebuild target 'Context Switching SIM'
assembling startup_LPC17xx.s...
compiling system_LPC17xx.c...
compiling uart_polling.c...
compiling printf.c...
compiling main_svc.c...
compiling HAL.c...
compiling k_rtx_init.c...
compiling k_memory.c...
compiling k_process.c...
compiling heap.c...
compiling queue.c...
compiling usr_proc.c...
linking...
Program Size: Code=4088 RO-data=236 RW-data=64 ZI-data=696  
"context_switching.axf" - 0 Error(s), 0 Warning(s).
Load "N:\\SE 350\\LAB 1\\context_switching.AXF" 
Erase Done.
Programming Done.
Verify OK.
Build target 'Context Switching SIM'
compiling k_process.c...
src\k_process.c(83): warning:  #111-D: statement is unreachable
linking...
Program Size: Code=4036 RO-data=236 RW-data=64 ZI-data=696  
"context_switching.axf" - 0 Error(s), 1 Warning(s).
Load "N:\\SE 350\\LAB 1\\context_switching.AXF" 
Erase Done.
Programming Done.
Verify OK.
Rebuild target 'Context Switching SIM'
assembling startup_LPC17xx.s...
compiling system_LPC17xx.c...
compiling uart_polling.c...
compiling printf.c...
compiling main_svc.c...
compiling HAL.c...
compiling k_rtx_init.c...
compiling k_memory.c...
compiling k_process.c...
src\k_process.c(90): warning:  #111-D: statement is unreachable
compiling heap.c...
compiling queue.c...
compiling usr_proc.c...
linking...
Program Size: Code=4088 RO-data=236 RW-data=64 ZI-data=696  
"context_switching.axf" - 0 Error(s), 1 Warning(s).
Load "N:\\SE 350\\LAB 1\\context_switching.AXF" 
Erase Done.
Programming Done.
Verify OK.
Build target 'Context Switching SIM'
compiling k_process.c...
src\k_process.c(89): warning:  #111-D: statement is unreachable
compiling queue.c...
linking...
Program Size: Code=4116 RO-data=236 RW-data=64 ZI-data=696  
"context_switching.axf" - 0 Error(s), 1 Warning(s).
Load "N:\\SE 350\\LAB 1\\context_switching.AXF" 
Erase Done.
Programming Done.
Verify OK.
Rebuild target 'Context Switching SIM'
assembling startup_LPC17xx.s...
compiling system_LPC17xx.c...
compiling uart_polling.c...
compiling printf.c...
compiling main_svc.c...
compiling HAL.c...
compiling k_rtx_init.c...
compiling k_memory.c...
compiling k_process.c...
src\k_process.c(89): warning:  #111-D: statement is unreachable
compiling heap.c...
compiling queue.c...
compiling usr_proc.c...
linking...
Program Size: Code=4148 RO-data=236 RW-data=64 ZI-data=696  
"context_switching.axf" - 0 Error(s), 1 Warning(s).
Load "N:\\SE 350\\LAB 1\\context_switching.AXF" 
Erase Done.
Programming Done.
Verify OK.
Build target 'Context Switching SIM'
compiling queue.c...
linking...
Program Size: Code=4172 RO-data=236 RW-data=64 ZI-data=696  
"context_switching.axf" - 0 Error(s), 0 Warning(s).
Load "N:\\SE 350\\LAB 1\\context_switching.AXF" 
Erase Done.
Programming Done.
Verify OK.
Rebuild target 'Context Switching SIM'
assembling startup_LPC17xx.s...
compiling system_LPC17xx.c...
compiling uart_polling.c...
compiling printf.c...
compiling main_svc.c...
compiling HAL.c...
compiling k_rtx_init.c...
compiling k_memory.c...
compiling k_process.c...
src\k_process.c(89): warning:  #111-D: statement is unreachable
compiling heap.c...
compiling queue.c...
compiling usr_proc.c...
linking...
Program Size: Code=4192 RO-data=236 RW-data=64 ZI-data=696  
"context_switching.axf" - 0 Error(s), 1 Warning(s).
Load "N:\\SE 350\\LAB 1\\context_switching.AXF" 
Erase Done.
Programming Done.
Verify OK.
Rebuild target 'Context Switching SIM'
assembling startup_LPC17xx.s...
compiling system_LPC17xx.c...
compiling uart_polling.c...
compiling printf.c...
compiling main_svc.c...
compiling HAL.c...
compiling k_rtx_init.c...
compiling k_memory.c...
compiling k_process.c...
src\k_process.c(89): warning:  #111-D: statement is unreachable
compiling heap.c...
compiling queue.c...
compiling usr_proc.c...
linking...
Program Size: Code=4192 RO-data=236 RW-data=64 ZI-data=696  
"context_switching.axf" - 0 Error(s), 1 Warning(s).
Load "N:\\SE 350\\LAB 1\\context_switching.AXF" 
Erase Done.
Programming Done.
Verify OK.
Build target 'Context Switching SIM'
compiling k_rtx_init.c...
compiling k_memory.c...
compiling k_process.c...
src\k_process.c(90): warning:  #111-D: statement is unreachable
compiling queue.c...
src\queue.c(96): error:  #20: identifier "NUM_TEST_PROC" is undefined
src\queue.c(97): error:  #44: expression must have pointer type
Target not created
Build target 'Context Switching SIM'
compiling queue.c...
src\queue.c(97): error:  #44: expression must have pointer type
Target not created
Build target 'Context Switching SIM'
compiling queue.c...
src\queue.c(97): error:  #44: expression must have pointer type
Target not created
Build target 'Context Switching SIM'
compiling queue.c...
linking...
Program Size: Code=4272 RO-data=236 RW-data=64 ZI-data=696  
"context_switching.axf" - 0 Error(s), 0 Warning(s).
Build target 'Context Switching SIM'
compiling queue.c...
linking...
Program Size: Code=4268 RO-data=236 RW-data=64 ZI-data=696  
"context_switching.axf" - 0 Error(s), 0 Warning(s).
Load "N:\\SE 350\\LAB 1\\context_switching.AXF" 
Erase Done.
Programming Done.
Verify OK.
Build target 'Context Switching SIM'
compiling queue.c...
linking...
Program Size: Code=4268 RO-data=236 RW-data=64 ZI-data=696  
"context_switching.axf" - 0 Error(s), 0 Warning(s).
Load "N:\\SE 350\\LAB 1\\context_switching.AXF" 
Erase Done.
Programming Done.
Verify OK.
Rebuild target 'Context Switching SIM'
assembling startup_LPC17xx.s...
compiling system_LPC17xx.c...
compiling uart_polling.c...
compiling printf.c...
compiling main_svc.c...
compiling HAL.c...
compiling k_rtx_init.c...
compiling k_memory.c...
compiling k_process.c...
src\k_process.c(90): warning:  #111-D: statement is unreachable
compiling heap.c...
compiling queue.c...
compiling usr_proc.c...
linking...
Program Size: Code=4292 RO-data=236 RW-data=64 ZI-data=696  
"context_switching.axf" - 0 Error(s), 1 Warning(s).
Load "N:\\SE 350\\LAB 1\\context_switching.AXF" 
Erase Done.
Programming Done.
Verify OK.
Build target 'Context Switching SIM'
compiling queue.c...
src\queue.c(98): error:  #154: expression must have struct or union type
Target not created
Rebuild target 'Context Switching SIM'
assembling startup_LPC17xx.s...
compiling system_LPC17xx.c...
compiling uart_polling.c...
compiling printf.c...
compiling main_svc.c...
compiling HAL.c...
compiling k_rtx_init.c...
compiling k_memory.c...
compiling k_process.c...
src\k_process.c(90): warning:  #111-D: statement is unreachable
compiling heap.c...
compiling queue.c...
compiling usr_proc.c...
linking...
Program Size: Code=4296 RO-data=236 RW-data=64 ZI-data=696  
"context_switching.axf" - 0 Error(s), 1 Warning(s).
Load "N:\\SE 350\\LAB 1\\context_switching.AXF" 
Erase Done.
Programming Done.
Verify OK.
Build target 'Context Switching SIM'
compiling k_memory.c...
src\k_memory.c(94): warning:  #111-D: statement is unreachable
linking...
Program Size: Code=4060 RO-data=236 RW-data=64 ZI-data=696  
"context_switching.axf" - 0 Error(s), 1 Warning(s).
Load "N:\\SE 350\\LAB 1\\context_switching.AXF" 
Erase Done.
Programming Done.
Verify OK.
Build target 'Context Switching SIM'
compiling k_memory.c...
src\k_memory.c(94): warning:  #111-D: statement is unreachable
linking...
Program Size: Code=4060 RO-data=236 RW-data=64 ZI-data=696  
"context_switching.axf" - 0 Error(s), 1 Warning(s).
Load "N:\\SE 350\\LAB 1\\context_switching.AXF" 
Erase Done.
Programming Done.
Verify OK.
Build target 'Context Switching SIM'
compiling k_memory.c...
src\k_memory.c(95): warning:  #111-D: statement is unreachable
linking...
Program Size: Code=4072 RO-data=236 RW-data=64 ZI-data=696  
"context_switching.axf" - 0 Error(s), 1 Warning(s).
Load "N:\\SE 350\\LAB 1\\context_switching.AXF" 
Erase Done.
Programming Done.
Verify OK.
Build target 'Context Switching SIM'
compiling k_memory.c...
src\k_memory.c(96): warning:  #111-D: statement is unreachable
linking...
Program Size: Code=4084 RO-data=236 RW-data=64 ZI-data=696  
"context_switching.axf" - 0 Error(s), 1 Warning(s).
Load "N:\\SE 350\\LAB 1\\context_switching.AXF" 
Erase Done.
Programming Done.
Verify OK.
Rebuild target 'Context Switching SIM'
assembling startup_LPC17xx.s...
compiling system_LPC17xx.c...
compiling uart_polling.c...
compiling printf.c...
compiling main_svc.c...
compiling HAL.c...
compiling k_rtx_init.c...
compiling k_memory.c...
src\k_memory.c(93): warning:  #111-D: statement is unreachable
compiling k_process.c...
src\k_process.c(90): warning:  #111-D: statement is unreachable
compiling heap.c...
compiling queue.c...
compiling usr_proc.c...
linking...
Program Size: Code=4072 RO-data=236 RW-data=64 ZI-data=696  
"context_switching.axf" - 0 Error(s), 2 Warning(s).
Load "N:\\SE 350\\LAB 1\\context_switching.AXF" 
Erase Done.
Programming Done.
Verify OK.
Rebuild target 'Context Switching SIM'
assembling startup_LPC17xx.s...
compiling system_LPC17xx.c...
compiling uart_polling.c...
compiling printf.c...
compiling main_svc.c...
compiling HAL.c...
compiling k_rtx_init.c...
compiling k_memory.c...
src\k_memory.c(93): warning:  #111-D: statement is unreachable
compiling k_process.c...
src\k_process.c(90): warning:  #111-D: statement is unreachable
compiling heap.c...
compiling queue.c...
compiling usr_proc.c...
linking...
Program Size: Code=4072 RO-data=236 RW-data=64 ZI-data=696  
"context_switching.axf" - 0 Error(s), 2 Warning(s).
Load "N:\\SE 350\\LAB 1\\context_switching.AXF" 
Erase Done.
Programming Done.
Verify OK.
Build target 'Context Switching SIM'
compiling k_memory.c...
src\k_memory.c(94): warning:  #111-D: statement is unreachable
linking...
Program Size: Code=4088 RO-data=236 RW-data=64 ZI-data=696  
"context_switching.axf" - 0 Error(s), 1 Warning(s).
Load "N:\\SE 350\\LAB 1\\context_switching.AXF" 
Erase Done.
Programming Done.
Verify OK.
Rebuild target 'Context Switching SIM'
assembling startup_LPC17xx.s...
compiling system_LPC17xx.c...
compiling uart_polling.c...
compiling printf.c...
compiling main_svc.c...
compiling HAL.c...
compiling k_rtx_init.c...
compiling k_memory.c...
src\k_memory.c(92): warning:  #111-D: statement is unreachable
compiling k_process.c...
src\k_process.c(90): warning:  #111-D: statement is unreachable
compiling heap.c...
compiling queue.c...
compiling usr_proc.c...
linking...
Program Size: Code=4060 RO-data=236 RW-data=64 ZI-data=696  
"context_switching.axf" - 0 Error(s), 2 Warning(s).
Load "N:\\SE 350\\LAB 1\\context_switching.AXF" 
Erase Done.
Programming Done.
Verify OK.
Build target 'Context Switching SIM'
compiling k_memory.c...
src\k_memory.c(96): warning:  #111-D: statement is unreachable
linking...
Program Size: Code=4076 RO-data=236 RW-data=64 ZI-data=696  
"context_switching.axf" - 0 Error(s), 1 Warning(s).
Load "N:\\SE 350\\LAB 1\\context_switching.AXF" 
Erase Done.
Programming Done.
Verify OK.
Rebuild target 'Context Switching SIM'
assembling startup_LPC17xx.s...
compiling system_LPC17xx.c...
compiling uart_polling.c...
compiling printf.c...
compiling main_svc.c...
compiling HAL.c...
compiling k_rtx_init.c...
compiling k_memory.c...
compiling k_process.c...
src\k_process.c(90): warning:  #111-D: statement is unreachable
compiling heap.c...
compiling queue.c...
compiling usr_proc.c...
linking...
Program Size: Code=4308 RO-data=236 RW-data=64 ZI-data=696  
"context_switching.axf" - 0 Error(s), 1 Warning(s).
Load "N:\\SE 350\\LAB 1\\context_switching.AXF" 
Erase Done.
Programming Done.
Verify OK.
Rebuild target 'Context Switching SIM'
assembling startup_LPC17xx.s...
compiling system_LPC17xx.c...
compiling uart_polling.c...
compiling printf.c...
compiling main_svc.c...
compiling HAL.c...
compiling k_rtx_init.c...
compiling k_memory.c...
compiling k_process.c...
src\k_process.c(90): warning:  #111-D: statement is unreachable
compiling heap.c...
compiling queue.c...
compiling usr_proc.c...
linking...
Program Size: Code=4312 RO-data=236 RW-data=64 ZI-data=696  
"context_switching.axf" - 0 Error(s), 1 Warning(s).
Load "N:\\SE 350\\LAB 1\\context_switching.AXF" 
Erase Done.
Programming Done.
Verify OK.
Build target 'Context Switching SIM'
compiling queue.c...
linking...
Program Size: Code=4328 RO-data=236 RW-data=64 ZI-data=696  
"context_switching.axf" - 0 Error(s), 0 Warning(s).
Load "N:\\SE 350\\LAB 1\\context_switching.AXF" 
Erase Done.
Programming Done.
Verify OK.
Build target 'Context Switching SIM'
compiling queue.c...
linking...
Program Size: Code=4332 RO-data=236 RW-data=64 ZI-data=696  
"context_switching.axf" - 0 Error(s), 0 Warning(s).
Load "N:\\SE 350\\LAB 1\\context_switching.AXF" 
Erase Done.
Programming Done.
Verify OK.
Rebuild target 'Context Switching SIM'
assembling startup_LPC17xx.s...
compiling system_LPC17xx.c...
compiling uart_polling.c...
compiling printf.c...
compiling main_svc.c...
compiling HAL.c...
compiling k_rtx_init.c...
compiling k_memory.c...
compiling k_process.c...
src\k_process.c(90): warning:  #111-D: statement is unreachable
compiling heap.c...
compiling queue.c...
compiling usr_proc.c...
linking...
Program Size: Code=4348 RO-data=236 RW-data=64 ZI-data=696  
"context_switching.axf" - 0 Error(s), 1 Warning(s).
Load "N:\\SE 350\\LAB 1\\context_switching.AXF" 
Erase Done.
Programming Done.
Verify OK.
Build target 'Context Switching SIM'
compiling queue.c...
linking...
Program Size: Code=4352 RO-data=236 RW-data=64 ZI-data=696  
"context_switching.axf" - 0 Error(s), 0 Warning(s).
Load "N:\\SE 350\\LAB 1\\context_switching.AXF" 
Erase Done.
Programming Done.
Verify OK.
Rebuild target 'Context Switching SIM'
assembling startup_LPC17xx.s...
compiling system_LPC17xx.c...
compiling uart_polling.c...
compiling printf.c...
compiling main_svc.c...
compiling HAL.c...
compiling k_rtx_init.c...
compiling k_memory.c...
compiling k_process.c...
src\k_process.c(90): warning:  #111-D: statement is unreachable
compiling heap.c...
compiling queue.c...
compiling usr_proc.c...
linking...
Program Size: Code=4340 RO-data=236 RW-data=64 ZI-data=696  
"context_switching.axf" - 0 Error(s), 1 Warning(s).
Load "N:\\SE 350\\LAB 1\\context_switching.AXF" 
Erase Done.
Programming Done.
Verify OK.
Rebuild target 'Context Switching SIM'
assembling startup_LPC17xx.s...
compiling system_LPC17xx.c...
compiling uart_polling.c...
compiling printf.c...
compiling main_svc.c...
compiling HAL.c...
compiling k_rtx_init.c...
compiling k_memory.c...
compiling k_process.c...
src\k_process.c(90): warning:  #111-D: statement is unreachable
compiling heap.c...
compiling queue.c...
compiling usr_proc.c...
linking...
Program Size: Code=4384 RO-data=236 RW-data=64 ZI-data=696  
"context_switching.axf" - 0 Error(s), 1 Warning(s).
Load "N:\\SE 350\\LAB 1\\context_switching.AXF" 
Erase Done.
Programming Done.
Verify OK.
Rebuild target 'Context Switching SIM'
assembling startup_LPC17xx.s...
compiling system_LPC17xx.c...
compiling uart_polling.c...
compiling printf.c...
compiling main_svc.c...
compiling HAL.c...
compiling k_rtx_init.c...
compiling k_memory.c...
compiling k_process.c...
src\k_process.c(90): warning:  #111-D: statement is unreachable
compiling heap.c...
compiling queue.c...
compiling usr_proc.c...
linking...
Program Size: Code=4416 RO-data=236 RW-data=64 ZI-data=696  
"context_switching.axf" - 0 Error(s), 1 Warning(s).
Load "N:\\SE 350\\LAB 1\\context_switching.AXF" 
Erase Done.
Programming Done.
Verify OK.
Build target 'Context Switching SIM'
compiling queue.c...
linking...
Program Size: Code=4452 RO-data=236 RW-data=64 ZI-data=696  
"context_switching.axf" - 0 Error(s), 0 Warning(s).
Load "N:\\SE 350\\LAB 1\\context_switching.AXF" 
Erase Done.
Programming Done.
Verify OK.
Rebuild target 'Context Switching SIM'
assembling startup_LPC17xx.s...
compiling system_LPC17xx.c...
compiling uart_polling.c...
compiling printf.c...
compiling main_svc.c...
compiling HAL.c...
compiling k_rtx_init.c...
compiling k_memory.c...
compiling k_process.c...
src\k_process.c(90): warning:  #111-D: statement is unreachable
compiling heap.c...
compiling queue.c...
compiling usr_proc.c...
linking...
Program Size: Code=4456 RO-data=236 RW-data=64 ZI-data=696  
"context_switching.axf" - 0 Error(s), 1 Warning(s).
Load "N:\\SE 350\\LAB 1\\context_switching.AXF" 
Erase Done.
Programming Done.
Verify OK.
Rebuild target 'Context Switching SIM'
assembling startup_LPC17xx.s...
compiling system_LPC17xx.c...
compiling uart_polling.c...
compiling printf.c...
compiling main_svc.c...
compiling HAL.c...
compiling k_rtx_init.c...
compiling k_memory.c...
compiling k_process.c...
src\k_process.c(90): warning:  #111-D: statement is unreachable
compiling heap.c...
compiling queue.c...
compiling usr_proc.c...
linking...
Program Size: Code=4296 RO-data=236 RW-data=64 ZI-data=696  
"context_switching.axf" - 0 Error(s), 1 Warning(s).
Rebuild target 'Context Switching SIM'
assembling startup_LPC17xx.s...
compiling system_LPC17xx.c...
compiling uart_polling.c...
compiling printf.c...
compiling main_svc.c...
compiling HAL.c...
compiling k_rtx_init.c...
compiling k_memory.c...
compiling k_process.c...
src\k_process.c(90): warning:  #111-D: statement is unreachable
compiling heap.c...
compiling queue.c...
compiling usr_proc.c...
linking...
Program Size: Code=4304 RO-data=236 RW-data=64 ZI-data=696  
"context_switching.axf" - 0 Error(s), 1 Warning(s).
Load "N:\\SE 350\\LAB 1\\context_switching.AXF" 
Erase Done.
Programming Done.
Verify OK.
Rebuild target 'Context Switching SIM'
assembling startup_LPC17xx.s...
compiling system_LPC17xx.c...
compiling uart_polling.c...
compiling printf.c...
compiling main_svc.c...
compiling HAL.c...
compiling k_rtx_init.c...
compiling k_memory.c...
compiling k_process.c...
src\k_process.c(90): warning:  #111-D: statement is unreachable
compiling heap.c...
compiling queue.c...
compiling usr_proc.c...
linking...
Program Size: Code=4304 RO-data=236 RW-data=64 ZI-data=696  
"context_switching.axf" - 0 Error(s), 1 Warning(s).
Load "N:\\SE 350\\LAB 1\\context_switching.AXF" 
Erase Done.
Programming Done.
Verify OK.
Build target 'Context Switching SIM'
compiling queue.c...
linking...
Program Size: Code=4304 RO-data=236 RW-data=64 ZI-data=696  
"context_switching.axf" - 0 Error(s), 0 Warning(s).
Load "N:\\SE 350\\LAB 1\\context_switching.AXF" 
Erase Done.
Programming Done.
Verify OK.
Rebuild target 'Context Switching SIM'
assembling startup_LPC17xx.s...
compiling system_LPC17xx.c...
compiling uart_polling.c...
compiling printf.c...
compiling main_svc.c...
compiling HAL.c...
compiling k_rtx_init.c...
compiling k_memory.c...
compiling k_process.c...
src\k_process.c(90): warning:  #111-D: statement is unreachable
compiling heap.c...
compiling queue.c...
compiling usr_proc.c...
linking...
Program Size: Code=4340 RO-data=236 RW-data=64 ZI-data=696  
"context_switching.axf" - 0 Error(s), 1 Warning(s).
Load "N:\\SE 350\\LAB 1\\context_switching.AXF" 
Erase Done.
Programming Done.
Verify OK.
Rebuild target 'Context Switching SIM'
assembling startup_LPC17xx.s...
compiling system_LPC17xx.c...
compiling uart_polling.c...
compiling printf.c...
compiling main_svc.c...
compiling HAL.c...
compiling k_rtx_init.c...
compiling k_memory.c...
compiling k_process.c...
compiling heap.c...
compiling queue.c...
compiling usr_proc.c...
linking...
Program Size: Code=4352 RO-data=236 RW-data=64 ZI-data=696  
"context_switching.axf" - 0 Error(s), 0 Warning(s).
Load "N:\\SE 350\\LAB 1\\context_switching.AXF" 
Erase Done.
Programming Done.
Verify OK.
Rebuild target 'Context Switching SIM'
assembling startup_LPC17xx.s...
compiling system_LPC17xx.c...
compiling uart_polling.c...
compiling printf.c...
compiling main_svc.c...
compiling HAL.c...
compiling k_rtx_init.c...
compiling k_memory.c...
compiling k_process.c...
src\k_process.c(64): warning:  #111-D: statement is unreachable
src\k_process.c(64): error:  #29: expected an expression
compiling heap.c...
compiling queue.c...
compiling usr_proc.c...
Target not created
Rebuild target 'Context Switching SIM'
assembling startup_LPC17xx.s...
compiling system_LPC17xx.c...
compiling uart_polling.c...
compiling printf.c...
compiling main_svc.c...
compiling HAL.c...
compiling k_rtx_init.c...
compiling k_memory.c...
compiling k_process.c...
compiling heap.c...
compiling queue.c...
compiling usr_proc.c...
linking...
Program Size: Code=4156 RO-data=236 RW-data=64 ZI-data=696  
"context_switching.axf" - 0 Error(s), 0 Warning(s).
Load "N:\\SE 350\\LAB 1\\context_switching.AXF" 
Erase Done.
Programming Done.
Verify OK.
Build target 'Context Switching SIM'
compiling k_process.c...
linking...
Program Size: Code=4152 RO-data=236 RW-data=64 ZI-data=696  
"context_switching.axf" - 0 Error(s), 0 Warning(s).
Load "N:\\SE 350\\LAB 1\\context_switching.AXF" 
Erase Done.
Programming Done.
Verify OK.
Build target 'Context Switching SIM'
compiling k_process.c...
linking...
Program Size: Code=4148 RO-data=236 RW-data=64 ZI-data=696  
"context_switching.axf" - 0 Error(s), 0 Warning(s).
Load "N:\\SE 350\\LAB 1\\context_switching.AXF" 
Erase Done.
Programming Done.
Verify OK.
Rebuild target 'Context Switching SIM'
assembling startup_LPC17xx.s...
compiling system_LPC17xx.c...
compiling uart_polling.c...
compiling printf.c...
compiling main_svc.c...
compiling HAL.c...
compiling k_rtx_init.c...
compiling k_memory.c...
compiling k_process.c...
compiling heap.c...
compiling queue.c...
compiling usr_proc.c...
linking...
Program Size: Code=4148 RO-data=236 RW-data=64 ZI-data=696  
"context_switching.axf" - 0 Error(s), 0 Warning(s).
Load "N:\\SE 350\\LAB 1\\context_switching.AXF" 
Erase Done.
Programming Done.
Verify OK.
Rebuild target 'Context Switching SIM'
assembling startup_LPC17xx.s...
compiling system_LPC17xx.c...
compiling uart_polling.c...
compiling printf.c...
compiling main_svc.c...
compiling HAL.c...
compiling k_rtx_init.c...
compiling k_memory.c...
compiling k_process.c...
compiling heap.c...
compiling queue.c...
compiling usr_proc.c...
linking...
Program Size: Code=4156 RO-data=236 RW-data=64 ZI-data=696  
"context_switching.axf" - 0 Error(s), 0 Warning(s).
Load "N:\\SE 350\\LAB 1\\context_switching.AXF" 
Erase Done.
Programming Done.
Verify OK.
Rebuild target 'Context Switching SIM'
assembling startup_LPC17xx.s...
compiling system_LPC17xx.c...
compiling uart_polling.c...
compiling printf.c...
compiling main_svc.c...
compiling HAL.c...
compiling k_rtx_init.c...
compiling k_memory.c...
compiling k_process.c...
compiling heap.c...
compiling queue.c...
compiling usr_proc.c...
linking...
Program Size: Code=4156 RO-data=236 RW-data=64 ZI-data=696  
"context_switching.axf" - 0 Error(s), 0 Warning(s).
Build target 'Context Switching SIM'
compiling k_process.c...
linking...
Program Size: Code=4156 RO-data=236 RW-data=64 ZI-data=696  
"context_switching.axf" - 0 Error(s), 0 Warning(s).
Load "N:\\SE 350\\LAB 1\\context_switching.AXF" 
Erase Done.
Programming Done.
Verify OK.
Build target 'Context Switching SIM'
compiling k_process.c...
linking...
Program Size: Code=4176 RO-data=236 RW-data=64 ZI-data=696  
"context_switching.axf" - 0 Error(s), 0 Warning(s).
Load "N:\\SE 350\\LAB 1\\context_switching.AXF" 
Erase Done.
Programming Done.
Verify OK.
Build target 'Context Switching SIM'
compiling k_process.c...
compiling queue.c...
linking...
Program Size: Code=4192 RO-data=236 RW-data=64 ZI-data=696  
"context_switching.axf" - 0 Error(s), 0 Warning(s).
Load "N:\\SE 350\\LAB 1\\context_switching.AXF" 
Erase Done.
Programming Done.
Verify OK.
Build target 'Context Switching SIM'
compiling k_process.c...
linking...
Program Size: Code=4196 RO-data=236 RW-data=64 ZI-data=696  
"context_switching.axf" - 0 Error(s), 0 Warning(s).
Load "N:\\SE 350\\LAB 1\\context_switching.AXF" 
Erase Done.
Programming Done.
Verify OK.
Rebuild target 'Context Switching SIM'
assembling startup_LPC17xx.s...
compiling system_LPC17xx.c...
compiling uart_polling.c...
compiling printf.c...
compiling main_svc.c...
compiling HAL.c...
compiling k_rtx_init.c...
compiling k_memory.c...
compiling k_process.c...
compiling heap.c...
compiling queue.c...
compiling usr_proc.c...
linking...
Program Size: Code=4216 RO-data=236 RW-data=64 ZI-data=696  
"context_switching.axf" - 0 Error(s), 0 Warning(s).
Load "N:\\SE 350\\LAB 1\\context_switching.AXF" 
Erase Done.
Programming Done.
Verify OK.
Rebuild target 'Context Switching SIM'
assembling startup_LPC17xx.s...
compiling system_LPC17xx.c...
compiling uart_polling.c...
compiling printf.c...
compiling main_svc.c...
compiling HAL.c...
compiling k_rtx_init.c...
compiling k_memory.c...
compiling k_process.c...
compiling heap.c...
compiling queue.c...
compiling usr_proc.c...
linking...
Program Size: Code=4216 RO-data=236 RW-data=64 ZI-data=696  
"context_switching.axf" - 0 Error(s), 0 Warning(s).
Load "N:\\SE 350\\LAB 1\\context_switching.AXF" 
Erase Done.
Programming Done.
Verify OK.
Rebuild target 'Context Switching SIM'
assembling startup_LPC17xx.s...
compiling system_LPC17xx.c...
compiling uart_polling.c...
compiling printf.c...
compiling main_svc.c...
compiling HAL.c...
compiling k_rtx_init.c...
compiling k_memory.c...
compiling k_process.c...
compiling heap.c...
compiling queue.c...
compiling usr_proc.c...
linking...
Program Size: Code=4220 RO-data=236 RW-data=64 ZI-data=696  
"context_switching.axf" - 0 Error(s), 0 Warning(s).
Load "N:\\SE 350\\LAB 1\\context_switching.AXF" 
Erase Done.
Programming Done.
Verify OK.
Rebuild target 'Context Switching SIM'
assembling startup_LPC17xx.s...
compiling system_LPC17xx.c...
compiling uart_polling.c...
compiling printf.c...
compiling main_svc.c...
compiling HAL.c...
compiling k_rtx_init.c...
compiling k_memory.c...
compiling k_process.c...
compiling heap.c...
compiling queue.c...
compiling usr_proc.c...
linking...
Program Size: Code=4220 RO-data=236 RW-data=64 ZI-data=696  
"context_switching.axf" - 0 Error(s), 0 Warning(s).
Load "N:\\SE 350\\LAB 1\\context_switching.AXF" 
Erase Done.
Programming Done.
Verify OK.
Rebuild target 'Context Switching SIM'
assembling startup_LPC17xx.s...
compiling system_LPC17xx.c...
compiling uart_polling.c...
compiling printf.c...
compiling main_svc.c...
compiling HAL.c...
compiling k_rtx_init.c...
compiling k_memory.c...
src\k_memory.c(88): error:  #513: a value of type "int" cannot be assigned to an entity of type "PCB *"
src\k_memory.c(89): error:  #513: a value of type "int" cannot be assigned to an entity of type "struct Node *"
compiling k_process.c...
compiling heap.c...
compiling queue.c...
src\queue.c(93): error:  #42: operand types are incompatible ("PCB *" and "int")
src\queue.c(103): error:  #513: a value of type "int" cannot be assigned to an entity of type "PCB *"
compiling usr_proc.c...
Target not created
Rebuild target 'Context Switching SIM'
assembling startup_LPC17xx.s...
compiling system_LPC17xx.c...
compiling uart_polling.c...
compiling printf.c...
compiling main_svc.c...
compiling HAL.c...
compiling k_rtx_init.c...
compiling k_memory.c...
compiling k_process.c...
compiling heap.c...
compiling queue.c...
compiling usr_proc.c...
linking...
Program Size: Code=4224 RO-data=236 RW-data=64 ZI-data=696  
"context_switching.axf" - 0 Error(s), 0 Warning(s).
Load "N:\\SE 350\\LAB 1\\context_switching.AXF" 
Erase Done.
Programming Done.
Verify OK.
Rebuild target 'Context Switching SIM'
assembling startup_LPC17xx.s...
compiling system_LPC17xx.c...
compiling uart_polling.c...
compiling printf.c...
compiling main_svc.c...
compiling HAL.c...
compiling k_rtx_init.c...
compiling k_memory.c...
compiling k_process.c...
compiling heap.c...
compiling queue.c...
compiling usr_proc.c...
linking...
Program Size: Code=4224 RO-data=236 RW-data=64 ZI-data=696  
"context_switching.axf" - 0 Error(s), 0 Warning(s).
Load "N:\\SE 350\\LAB 1\\context_switching.AXF" 
Erase Done.
Programming Done.
Verify OK.
Build target 'Context Switching SIM'
compiling k_memory.c...
src\k_memory.c(23): error:  #147: declaration is incompatible with "Node nodes[3]" (declared at line 19 of "src\queue.h")
compiling queue.c...
Target not created
Rebuild target 'Context Switching SIM'
assembling startup_LPC17xx.s...
compiling system_LPC17xx.c...
compiling uart_polling.c...
compiling printf.c...
compiling main_svc.c...
compiling HAL.c...
compiling k_rtx_init.c...
compiling k_memory.c...
compiling k_process.c...
compiling heap.c...
compiling queue.c...
compiling usr_proc.c...
linking...
Program Size: Code=4224 RO-data=236 RW-data=64 ZI-data=728  
"context_switching.axf" - 0 Error(s), 0 Warning(s).
Load "N:\\SE 350\\LAB 1\\context_switching.AXF" 
Erase Done.
Programming Done.
Verify OK.
Rebuild target 'Context Switching SIM'
assembling startup_LPC17xx.s...
compiling system_LPC17xx.c...
compiling uart_polling.c...
compiling printf.c...
compiling main_svc.c...
compiling HAL.c...
compiling k_rtx_init.c...
compiling k_memory.c...
compiling k_process.c...
compiling heap.c...
compiling queue.c...
compiling usr_proc.c...
linking...
Program Size: Code=4220 RO-data=236 RW-data=64 ZI-data=728  
"context_switching.axf" - 0 Error(s), 0 Warning(s).
Load "N:\\SE 350\\LAB 1\\context_switching.AXF" 
Erase Done.
Programming Done.
Verify OK.
Rebuild target 'Context Switching SIM'
assembling startup_LPC17xx.s...
compiling system_LPC17xx.c...
compiling uart_polling.c...
compiling printf.c...
compiling main_svc.c...
compiling HAL.c...
compiling k_rtx_init.c...
compiling k_memory.c...
compiling k_process.c...
compiling heap.c...
compiling queue.c...
compiling usr_proc.c...
linking...
Program Size: Code=4220 RO-data=236 RW-data=64 ZI-data=728  
"context_switching.axf" - 0 Error(s), 0 Warning(s).
Load "N:\\SE 350\\LAB 1\\context_switching.AXF" 
Erase Done.
Programming Failed!
Load "N:\\SE 350\\LAB 1\\context_switching.AXF" 
Erase Done.
Programming Done.
Verify OK.
Rebuild target 'Context Switching SIM'
assembling startup_LPC17xx.s...
compiling system_LPC17xx.c...
compiling uart_polling.c...
compiling printf.c...
compiling main_svc.c...
compiling HAL.c...
compiling k_rtx_init.c...
compiling k_memory.c...
compiling k_process.c...
compiling heap.c...
compiling queue.c...
compiling usr_proc.c...
linking...
Program Size: Code=4228 RO-data=236 RW-data=64 ZI-data=728  
"context_switching.axf" - 0 Error(s), 0 Warning(s).
Load "N:\\SE 350\\LAB 1\\context_switching.AXF" 
Erase Done.
Programming Done.
Verify OK.
Build target 'Context Switching SIM'
compiling k_memory.c...
src\k_memory.c(23): error:  #147: declaration is incompatible with "Node nodes[7]" (declared at line 19 of "src\queue.h")
compiling queue.c...
Target not created
Build target 'Context Switching SIM'
compiling k_rtx_init.c...
compiling k_memory.c...
compiling k_process.c...
compiling queue.c...
linking...
Program Size: Code=4228 RO-data=236 RW-data=64 ZI-data=696  
"context_switching.axf" - 0 Error(s), 0 Warning(s).
Load "N:\\SE 350\\LAB 1\\context_switching.AXF" 
Erase Done.
Programming Done.
Verify OK.
Rebuild target 'Context Switching SIM'
assembling startup_LPC17xx.s...
compiling system_LPC17xx.c...
compiling uart_polling.c...
compiling printf.c...
compiling main_svc.c...
compiling HAL.c...
compiling k_rtx_init.c...
compiling k_memory.c...
compiling k_process.c...
compiling heap.c...
compiling queue.c...
compiling usr_proc.c...
linking...
Program Size: Code=4232 RO-data=236 RW-data=64 ZI-data=696  
"context_switching.axf" - 0 Error(s), 0 Warning(s).
Load "N:\\SE 350\\LAB 1\\context_switching.AXF" 
Erase Done.
Programming Done.
Verify OK.
Rebuild target 'Context Switching SIM'
assembling startup_LPC17xx.s...
compiling system_LPC17xx.c...
compiling uart_polling.c...
compiling printf.c...
compiling main_svc.c...
compiling HAL.c...
compiling k_rtx_init.c...
compiling k_memory.c...
compiling k_process.c...
compiling heap.c...
compiling queue.c...
compiling usr_proc.c...
linking...
Program Size: Code=4232 RO-data=236 RW-data=64 ZI-data=696  
"context_switching.axf" - 0 Error(s), 0 Warning(s).
Load "N:\\SE 350\\LAB 1\\context_switching.AXF" 
Erase Done.
Programming Done.
Verify OK.
Rebuild target 'Context Switching SIM'
assembling startup_LPC17xx.s...
compiling system_LPC17xx.c...
compiling uart_polling.c...
compiling printf.c...
compiling main_svc.c...
compiling HAL.c...
compiling k_rtx_init.c...
compiling k_memory.c...
compiling k_process.c...
compiling heap.c...
compiling queue.c...
compiling usr_proc.c...
linking...
Program Size: Code=4232 RO-data=236 RW-data=64 ZI-data=696  
"context_switching.axf" - 0 Error(s), 0 Warning(s).
Load "N:\\SE 350\\LAB 1\\context_switching.AXF" 
Erase Done.
Programming Done.
Verify OK.
Rebuild target 'Context Switching SIM'
assembling startup_LPC17xx.s...
compiling system_LPC17xx.c...
compiling uart_polling.c...
compiling printf.c...
compiling main_svc.c...
compiling HAL.c...
compiling k_rtx_init.c...
compiling k_memory.c...
compiling k_process.c...
compiling heap.c...
compiling queue.c...
src\queue.c(79): warning:  #550-D: variable "iter" was set but never used
src\queue.c(80): warning:  #177-D: variable "i" was declared but never referenced
compiling usr_proc.c...
linking...
Program Size: Code=4188 RO-data=236 RW-data=64 ZI-data=696  
"context_switching.axf" - 0 Error(s), 2 Warning(s).
Load "N:\\SE 350\\LAB 1\\context_switching.AXF" 
Erase Done.
Programming Done.
Verify OK.
Rebuild target 'Context Switching SIM'
assembling startup_LPC17xx.s...
compiling system_LPC17xx.c...
compiling uart_polling.c...
compiling printf.c...
compiling main_svc.c...
compiling HAL.c...
compiling k_rtx_init.c...
compiling k_memory.c...
compiling k_process.c...
compiling heap.c...
compiling queue.c...
src\queue.c(79): warning:  #550-D: variable "iter" was set but never used
src\queue.c(80): warning:  #177-D: variable "i" was declared but never referenced
compiling usr_proc.c...
linking...
Program Size: Code=4192 RO-data=236 RW-data=64 ZI-data=696  
"context_switching.axf" - 0 Error(s), 2 Warning(s).
Load "N:\\SE 350\\LAB 1\\context_switching.AXF" 
Erase Done.
Programming Done.
Verify OK.
Rebuild target 'Context Switching SIM'
assembling startup_LPC17xx.s...
compiling system_LPC17xx.c...
compiling uart_polling.c...
compiling printf.c...
compiling main_svc.c...
compiling HAL.c...
compiling k_rtx_init.c...
compiling k_memory.c...
compiling k_process.c...
compiling heap.c...
compiling queue.c...
src\queue.c(81): warning:  #550-D: variable "iter" was set but never used
src\queue.c(82): warning:  #177-D: variable "i" was declared but never referenced
compiling usr_proc.c...
linking...
Program Size: Code=4212 RO-data=236 RW-data=64 ZI-data=696  
"context_switching.axf" - 0 Error(s), 2 Warning(s).
Load "N:\\SE 350\\LAB 1\\context_switching.AXF" 
Erase Done.
Programming Done.
Verify OK.
Rebuild target 'Context Switching SIM'
assembling startup_LPC17xx.s...
compiling system_LPC17xx.c...
compiling uart_polling.c...
compiling printf.c...
compiling main_svc.c...
compiling HAL.c...
compiling k_rtx_init.c...
compiling k_memory.c...
compiling k_process.c...
compiling heap.c...
compiling queue.c...
src\queue.c(82): warning:  #550-D: variable "iter" was set but never used
src\queue.c(83): warning:  #177-D: variable "i" was declared but never referenced
compiling usr_proc.c...
linking...
Program Size: Code=4240 RO-data=236 RW-data=64 ZI-data=696  
"context_switching.axf" - 0 Error(s), 2 Warning(s).
Load "N:\\SE 350\\LAB 1\\context_switching.AXF" 
Erase Done.
Programming Done.
Verify OK.
Build target 'Context Switching SIM'
compiling queue.c...
src\queue.c(80): warning:  #550-D: variable "iter" was set but never used
src\queue.c(81): warning:  #177-D: variable "i" was declared but never referenced
linking...
Program Size: Code=4236 RO-data=236 RW-data=64 ZI-data=696  
"context_switching.axf" - 0 Error(s), 2 Warning(s).
Build target 'Context Switching SIM'
linking...
Program Size: Code=4236 RO-data=236 RW-data=64 ZI-data=696  
"context_switching.axf" - 0 Error(s), 0 Warning(s).
Load "N:\\SE 350\\LAB 1\\context_switching.AXF" 
Erase Done.
Programming Done.
Verify OK.
Rebuild target 'Context Switching SIM'
assembling startup_LPC17xx.s...
compiling system_LPC17xx.c...
compiling uart_polling.c...
compiling printf.c...
compiling main_svc.c...
compiling HAL.c...
compiling k_rtx_init.c...
compiling k_memory.c...
src\k_memory.c(90): warning:  #175-D: subscript out of range
src\k_memory.c(91): warning:  #175-D: subscript out of range
src\k_memory.c(92): warning:  #175-D: subscript out of range
src\k_memory.c(93): warning:  #175-D: subscript out of range
src\k_memory.c(94): warning:  #175-D: subscript out of range
compiling k_process.c...
compiling heap.c...
compiling queue.c...
src\queue.c(80): warning:  #550-D: variable "iter" was set but never used
src\queue.c(81): warning:  #177-D: variable "i" was declared but never referenced
compiling usr_proc.c...
linking...
Program Size: Code=4324 RO-data=236 RW-data=120 ZI-data=696  
"context_switching.axf" - 0 Error(s), 7 Warning(s).
Rebuild target 'Context Switching SIM'
assembling startup_LPC17xx.s...
compiling system_LPC17xx.c...
compiling uart_polling.c...
compiling printf.c...
compiling main_svc.c...
compiling HAL.c...
compiling k_rtx_init.c...
compiling k_memory.c...
compiling k_process.c...
compiling heap.c...
compiling queue.c...
src\queue.c(80): warning:  #550-D: variable "iter" was set but never used
src\queue.c(81): warning:  #177-D: variable "i" was declared but never referenced
compiling usr_proc.c...
linking...
Program Size: Code=4272 RO-data=236 RW-data=120 ZI-data=696  
"context_switching.axf" - 0 Error(s), 2 Warning(s).
Load "N:\\SE 350\\LAB 1\\context_switching.AXF" 
Erase Done.
Programming Done.
Verify OK.
Build target 'Context Switching SIM'
compiling k_memory.c...
src\k_memory.c(24): error:  #147: declaration is incompatible with "Node nodes[3]" (declared at line 19 of "src\queue.h")
Target not created
Rebuild target 'Context Switching SIM'
assembling startup_LPC17xx.s...
compiling system_LPC17xx.c...
compiling uart_polling.c...
compiling printf.c...
compiling main_svc.c...
compiling HAL.c...
compiling k_rtx_init.c...
compiling k_memory.c...
compiling k_process.c...
compiling heap.c...
compiling queue.c...
src\queue.c(80): warning:  #550-D: variable "iter" was set but never used
src\queue.c(81): warning:  #177-D: variable "i" was declared but never referenced
src\queue.c(96): error:  #154: expression must have struct or union type
src\queue.c(98): error:  #120: return value type does not match the function type
src\queue.c(114): error:  #154: expression must have struct or union type
src\queue.c(115): error:  #154: expression must have struct or union type
compiling usr_proc.c...
Target not created
Rebuild target 'Context Switching SIM'
assembling startup_LPC17xx.s...
compiling system_LPC17xx.c...
compiling uart_polling.c...
compiling printf.c...
compiling main_svc.c...
compiling HAL.c...
compiling k_rtx_init.c...
compiling k_memory.c...
compiling k_process.c...
compiling heap.c...
compiling queue.c...
src\queue.c(80): warning:  #550-D: variable "iter" was set but never used
src\queue.c(81): warning:  #177-D: variable "i" was declared but never referenced
compiling usr_proc.c...
linking...
Program Size: Code=4256 RO-data=236 RW-data=120 ZI-data=688  
"context_switching.axf" - 0 Error(s), 2 Warning(s).
Load "N:\\SE 350\\LAB 1\\context_switching.AXF" 
Erase Done.
Programming Done.
Verify OK.
Rebuild target 'Context Switching SIM'
assembling startup_LPC17xx.s...
compiling system_LPC17xx.c...
compiling uart_polling.c...
compiling printf.c...
compiling main_svc.c...
compiling HAL.c...
compiling k_rtx_init.c...
compiling k_memory.c...
compiling k_process.c...
compiling heap.c...
compiling queue.c...
src\queue.c(80): warning:  #550-D: variable "iter" was set but never used
src\queue.c(81): warning:  #177-D: variable "i" was declared but never referenced
compiling usr_proc.c...
linking...
Program Size: Code=4236 RO-data=236 RW-data=64 ZI-data=696  
"context_switching.axf" - 0 Error(s), 2 Warning(s).
Load "N:\\SE 350\\LAB 1\\context_switching.AXF" 
Erase Done.
Programming Done.
Verify OK.
Build target 'Context Switching SIM'
compiling k_memory.c...
linking...
Program Size: Code=4256 RO-data=236 RW-data=64 ZI-data=696  
"context_switching.axf" - 0 Error(s), 0 Warning(s).
Load "N:\\SE 350\\LAB 1\\context_switching.AXF" 
Erase Done.
Programming Done.
Verify OK.
Build target 'Context Switching SIM'
compiling queue.c...
src\queue.c(80): warning:  #550-D: variable "iter" was set but never used
src\queue.c(81): warning:  #177-D: variable "i" was declared but never referenced
linking...
Program Size: Code=4284 RO-data=236 RW-data=64 ZI-data=696  
"context_switching.axf" - 0 Error(s), 2 Warning(s).
Load "N:\\SE 350\\LAB 1\\context_switching.AXF" 
Erase Done.
Programming Done.
Cannot Write to RAM for Flash Algorithms !
Verify Failed!
Load "N:\\SE 350\\LAB 1\\context_switching.AXF" 
Erase Done.
Programming Done.
Verify OK.
Rebuild target 'Context Switching SIM'
assembling startup_LPC17xx.s...
compiling system_LPC17xx.c...
compiling uart_polling.c...
compiling printf.c...
compiling main_svc.c...
compiling HAL.c...
compiling k_rtx_init.c...
compiling k_memory.c...
compiling k_process.c...
compiling heap.c...
compiling queue.c...
src\queue.c(80): warning:  #550-D: variable "iter" was set but never used
src\queue.c(81): warning:  #177-D: variable "i" was declared but never referenced
compiling usr_proc.c...
linking...
Program Size: Code=4264 RO-data=236 RW-data=64 ZI-data=696  
"context_switching.axf" - 0 Error(s), 2 Warning(s).
Load "N:\\SE 350\\LAB 1\\context_switching.AXF" 
Erase Done.
Programming Done.
Verify OK.
Rebuild target 'Context Switching SIM'
assembling startup_LPC17xx.s...
compiling system_LPC17xx.c...
compiling uart_polling.c...
compiling printf.c...
compiling main_svc.c...
compiling HAL.c...
compiling k_rtx_init.c...
compiling k_memory.c...
compiling k_process.c...
compiling heap.c...
compiling queue.c...
src\queue.c(80): warning:  #550-D: variable "iter" was set but never used
src\queue.c(81): warning:  #177-D: variable "i" was declared but never referenced
compiling usr_proc.c...
linking...
Program Size: Code=4548 RO-data=236 RW-data=64 ZI-data=696  
"context_switching.axf" - 0 Error(s), 2 Warning(s).
Load "N:\\SE 350\\LAB 1\\context_switching.AXF" 
Erase Done.
Programming Done.
Verify OK.
Rebuild target 'Context Switching SIM'
assembling startup_LPC17xx.s...
compiling system_LPC17xx.c...
compiling uart_polling.c...
compiling printf.c...
compiling main_svc.c...
compiling HAL.c...
compiling k_rtx_init.c...
compiling k_memory.c...
compiling k_process.c...
compiling heap.c...
compiling queue.c...
src\queue.c(80): warning:  #550-D: variable "iter" was set but never used
src\queue.c(81): warning:  #177-D: variable "i" was declared but never referenced
compiling usr_proc.c...
linking...
Program Size: Code=4284 RO-data=236 RW-data=64 ZI-data=696  
"context_switching.axf" - 0 Error(s), 2 Warning(s).
Load "N:\\SE 350\\LAB 1\\context_switching.AXF" 
Erase Done.
Programming Done.
Verify OK.
Rebuild target 'Context Switching SIM'
assembling startup_LPC17xx.s...
compiling system_LPC17xx.c...
compiling uart_polling.c...
compiling printf.c...
compiling main_svc.c...
compiling HAL.c...
compiling k_rtx_init.c...
compiling k_memory.c...
compiling k_process.c...
compiling heap.c...
compiling queue.c...
src\queue.c(80): warning:  #550-D: variable "iter" was set but never used
src\queue.c(81): warning:  #177-D: variable "i" was declared but never referenced
compiling usr_proc.c...
linking...
Program Size: Code=4400 RO-data=236 RW-data=64 ZI-data=696  
"context_switching.axf" - 0 Error(s), 2 Warning(s).
Load "N:\\SE 350\\LAB 1\\context_switching.AXF" 
Erase Done.
Programming Done.
Verify OK.
Rebuild target 'Context Switching SIM'
assembling startup_LPC17xx.s...
compiling system_LPC17xx.c...
compiling uart_polling.c...
compiling printf.c...
compiling main_svc.c...
compiling HAL.c...
compiling k_rtx_init.c...
compiling k_memory.c...
compiling k_process.c...
compiling heap.c...
compiling queue.c...
src\queue.c(80): warning:  #550-D: variable "iter" was set but never used
src\queue.c(81): warning:  #177-D: variable "i" was declared but never referenced
compiling usr_proc.c...
linking...
Program Size: Code=4320 RO-data=236 RW-data=64 ZI-data=696  
"context_switching.axf" - 0 Error(s), 2 Warning(s).
Load "N:\\SE 350\\LAB 1\\context_switching.AXF" 
Erase Done.
Programming Done.
Verify OK.
Rebuild target 'Context Switching SIM'
assembling startup_LPC17xx.s...
compiling system_LPC17xx.c...
compiling uart_polling.c...
compiling printf.c...
compiling main_svc.c...
compiling HAL.c...
compiling k_rtx_init.c...
compiling k_memory.c...
compiling k_process.c...
compiling heap.c...
compiling queue.c...
src\queue.c(80): warning:  #550-D: variable "iter" was set but never used
src\queue.c(81): warning:  #177-D: variable "i" was declared but never referenced
compiling usr_proc.c...
linking...
Program Size: Code=4360 RO-data=236 RW-data=64 ZI-data=696  
"context_switching.axf" - 0 Error(s), 2 Warning(s).
Load "N:\\SE 350\\LAB 1\\context_switching.AXF" 
Erase Done.
Programming Done.
Verify OK.
Rebuild target 'Context Switching SIM'
assembling startup_LPC17xx.s...
compiling system_LPC17xx.c...
compiling uart_polling.c...
compiling printf.c...
compiling main_svc.c...
compiling HAL.c...
compiling k_rtx_init.c...
compiling k_memory.c...
compiling k_process.c...
compiling heap.c...
compiling queue.c...
src\queue.c(80): warning:  #550-D: variable "iter" was set but never used
src\queue.c(81): warning:  #177-D: variable "i" was declared but never referenced
compiling usr_proc.c...
linking...
Program Size: Code=4360 RO-data=236 RW-data=64 ZI-data=704  
"context_switching.axf" - 0 Error(s), 2 Warning(s).
Load "N:\\SE 350\\LAB 1\\context_switching.AXF" 
Erase Done.
Programming Done.
Verify OK.
Rebuild target 'Context Switching SIM'
assembling startup_LPC17xx.s...
compiling system_LPC17xx.c...
compiling uart_polling.c...
compiling printf.c...
compiling main_svc.c...
compiling HAL.c...
compiling k_rtx_init.c...
compiling k_memory.c...
compiling k_process.c...
compiling heap.c...
compiling queue.c...
src\queue.c(80): warning:  #550-D: variable "iter" was set but never used
src\queue.c(81): warning:  #177-D: variable "i" was declared but never referenced
compiling usr_proc.c...
linking...
Program Size: Code=4360 RO-data=236 RW-data=64 ZI-data=736  
"context_switching.axf" - 0 Error(s), 2 Warning(s).
Load "N:\\SE 350\\LAB 1\\context_switching.AXF" 
Erase Done.
Programming Done.
Verify OK.
Rebuild target 'Context Switching SIM'
assembling startup_LPC17xx.s...
compiling system_LPC17xx.c...
compiling uart_polling.c...
compiling printf.c...
compiling main_svc.c...
compiling HAL.c...
compiling k_rtx_init.c...
compiling k_memory.c...
compiling k_process.c...
compiling heap.c...
compiling queue.c...
src\queue.c(80): warning:  #550-D: variable "iter" was set but never used
src\queue.c(81): warning:  #177-D: variable "i" was declared but never referenced
compiling usr_proc.c...
linking...
Program Size: Code=4360 RO-data=236 RW-data=64 ZI-data=696  
"context_switching.axf" - 0 Error(s), 2 Warning(s).
Load "N:\\SE 350\\LAB 1\\context_switching.AXF" 
Erase Done.
Programming Done.
Verify OK.
Rebuild target 'Context Switching SIM'
assembling startup_LPC17xx.s...
compiling system_LPC17xx.c...
compiling uart_polling.c...
compiling printf.c...
compiling main_svc.c...
compiling HAL.c...
compiling k_rtx_init.c...
compiling k_memory.c...
compiling k_process.c...
compiling heap.c...
compiling queue.c...
src\queue.c(80): warning:  #550-D: variable "iter" was set but never used
src\queue.c(81): warning:  #177-D: variable "i" was declared but never referenced
compiling usr_proc.c...
linking...
Program Size: Code=4348 RO-data=236 RW-data=64 ZI-data=696  
"context_switching.axf" - 0 Error(s), 2 Warning(s).
Load "N:\\SE 350\\LAB 1\\context_switching.AXF" 
Erase Done.
Programming Done.
Verify OK.
Build target 'Context Switching SIM'
compiling k_process.c...
linking...
Program Size: Code=4360 RO-data=236 RW-data=64 ZI-data=696  
"context_switching.axf" - 0 Error(s), 0 Warning(s).
Build target 'Context Switching SIM'
compiling k_process.c...
linking...
Program Size: Code=4360 RO-data=236 RW-data=64 ZI-data=696  
"context_switching.axf" - 0 Error(s), 0 Warning(s).
Load "N:\\SE 350\\LAB 1\\context_switching.AXF" 
Erase Done.
Programming Done.
Verify OK.
Build target 'Context Switching SIM'
compiling queue.c...
linking...
Program Size: Code=4404 RO-data=236 RW-data=64 ZI-data=696  
"context_switching.axf" - 0 Error(s), 0 Warning(s).
Load "N:\\SE 350\\LAB 1\\context_switching.AXF" 
Erase Done.
Programming Done.
Verify OK.
Rebuild target 'Context Switching SIM'
assembling startup_LPC17xx.s...
compiling system_LPC17xx.c...
compiling uart_polling.c...
compiling printf.c...
compiling main_svc.c...
compiling HAL.c...
compiling k_rtx_init.c...
compiling k_memory.c...
compiling k_process.c...
compiling heap.c...
compiling queue.c...
compiling usr_proc.c...
linking...
Program Size: Code=4404 RO-data=236 RW-data=64 ZI-data=696  
"context_switching.axf" - 0 Error(s), 0 Warning(s).
Load "N:\\SE 350\\LAB 1\\context_switching.AXF" 
Erase Done.
Programming Done.
Verify OK.
Build target 'Context Switching SIM'
compiling k_process.c...
linking...
Program Size: Code=4404 RO-data=236 RW-data=64 ZI-data=696  
"context_switching.axf" - 0 Error(s), 0 Warning(s).
Load "N:\\SE 350\\LAB 1\\context_switching.AXF" 
Erase Done.
Programming Done.
Verify OK.
Load "N:\\SE 350\\LAB 1\\context_switching.AXF" 
Erase Done.
Programming Done.
Verify OK.
Rebuild target 'Context Switching SIM'
assembling startup_LPC17xx.s...
compiling system_LPC17xx.c...
compiling uart_polling.c...
compiling printf.c...
compiling main_svc.c...
compiling HAL.c...
compiling k_rtx_init.c...
compiling k_memory.c...
compiling k_process.c...
compiling heap.c...
compiling queue.c...
compiling usr_proc.c...
linking...
Program Size: Code=4404 RO-data=236 RW-data=64 ZI-data=696  
"context_switching.axf" - 0 Error(s), 0 Warning(s).
Load "N:\\SE 350\\LAB 1\\context_switching.AXF" 
Erase Done.
Programming Done.
Verify OK.
Build target 'Context Switching SIM'
compiling k_process.c...
linking...
Program Size: Code=4428 RO-data=236 RW-data=64 ZI-data=696  
"context_switching.axf" - 0 Error(s), 0 Warning(s).
Load "N:\\SE 350\\LAB 1\\context_switching.AXF" 
Erase Done.
Programming Done.
Verify OK.
Rebuild target 'Context Switching SIM'
assembling startup_LPC17xx.s...
compiling system_LPC17xx.c...
compiling uart_polling.c...
compiling printf.c...
compiling main_svc.c...
compiling HAL.c...
compiling k_rtx_init.c...
compiling k_memory.c...
compiling k_process.c...
compiling heap.c...
compiling queue.c...
compiling usr_proc.c...
linking...
Program Size: Code=4428 RO-data=236 RW-data=64 ZI-data=696  
"context_switching.axf" - 0 Error(s), 0 Warning(s).
Load "N:\\SE 350\\LAB 1\\context_switching.AXF" 
Erase Done.
Programming Done.
Verify OK.
Rebuild target 'Context Switching SIM'
assembling startup_LPC17xx.s...
compiling system_LPC17xx.c...
compiling uart_polling.c...
compiling printf.c...
compiling main_svc.c...
compiling HAL.c...
compiling k_rtx_init.c...
compiling k_memory.c...
compiling k_process.c...
compiling heap.c...
compiling queue.c...
src\queue.c(45): warning:  #111-D: statement is unreachable
compiling usr_proc.c...
linking...
Program Size: Code=4448 RO-data=236 RW-data=64 ZI-data=696  
"context_switching.axf" - 0 Error(s), 1 Warning(s).
Rebuild target 'Context Switching SIM'
assembling startup_LPC17xx.s...
compiling system_LPC17xx.c...
compiling uart_polling.c...
compiling printf.c...
compiling main_svc.c...
compiling HAL.c...
compiling k_rtx_init.c...
compiling k_memory.c...
compiling k_process.c...
compiling heap.c...
compiling queue.c...
compiling usr_proc.c...
linking...
Program Size: Code=4452 RO-data=236 RW-data=64 ZI-data=696  
"context_switching.axf" - 0 Error(s), 0 Warning(s).
Rebuild target 'Context Switching SIM'
assembling startup_LPC17xx.s...
compiling system_LPC17xx.c...
compiling uart_polling.c...
compiling printf.c...
compiling main_svc.c...
compiling HAL.c...
compiling k_rtx_init.c...
compiling k_memory.c...
compiling k_process.c...
compiling heap.c...
compiling queue.c...
compiling usr_proc.c...
linking...
Program Size: Code=4452 RO-data=236 RW-data=64 ZI-data=696  
"context_switching.axf" - 0 Error(s), 0 Warning(s).
Load "N:\\SE 350\\LAB 1\\context_switching.AXF" 
Erase Done.
Programming Done.
Verify OK.
Rebuild target 'Context Switching SIM'
assembling startup_LPC17xx.s...
compiling system_LPC17xx.c...
compiling uart_polling.c...
compiling printf.c...
compiling main_svc.c...
compiling HAL.c...
compiling k_rtx_init.c...
compiling k_memory.c...
compiling k_process.c...
compiling heap.c...
compiling queue.c...
compiling usr_proc.c...
linking...
Program Size: Code=4464 RO-data=236 RW-data=64 ZI-data=696  
"context_switching.axf" - 0 Error(s), 0 Warning(s).
Load "N:\\SE 350\\LAB 1\\context_switching.AXF" 
Erase Done.
Programming Done.
Verify OK.
Build target 'Context Switching SIM'
compiling k_process.c...
src\k_process.c(177): warning:  #111-D: statement is unreachable
compiling queue.c...
linking...
Program Size: Code=4384 RO-data=236 RW-data=64 ZI-data=696  
"context_switching.axf" - 0 Error(s), 1 Warning(s).
Load "N:\\SE 350\\LAB 1\\context_switching.AXF" 
Erase Done.
Programming Done.
Verify OK.
Build target 'Context Switching SIM'
compiling k_process.c...
src\k_process.c(188): warning:  #111-D: statement is unreachable
linking...
Program Size: Code=4460 RO-data=236 RW-data=64 ZI-data=696  
"context_switching.axf" - 0 Error(s), 1 Warning(s).
Load "N:\\SE 350\\LAB 1\\context_switching.AXF" 
Erase Done.
Programming Done.
Verify OK.
Rebuild target 'Context Switching SIM'
assembling startup_LPC17xx.s...
compiling system_LPC17xx.c...
compiling uart_polling.c...
compiling printf.c...
compiling main_svc.c...
compiling HAL.c...
compiling k_rtx_init.c...
compiling k_memory.c...
compiling k_process.c...
compiling heap.c...
compiling queue.c...
compiling usr_proc.c...
linking...
Program Size: Code=4468 RO-data=236 RW-data=64 ZI-data=696  
"context_switching.axf" - 0 Error(s), 0 Warning(s).
Load "N:\\SE 350\\LAB 1\\context_switching.AXF" 
Erase Done.
Programming Done.
Verify OK.
Rebuild target 'Context Switching SIM'
assembling startup_LPC17xx.s...
compiling system_LPC17xx.c...
compiling uart_polling.c...
compiling printf.c...
compiling main_svc.c...
compiling HAL.c...
compiling k_rtx_init.c...
compiling k_memory.c...
compiling k_process.c...
compiling heap.c...
compiling queue.c...
compiling usr_proc.c...
linking...
Program Size: Code=4464 RO-data=236 RW-data=64 ZI-data=696  
"context_switching.axf" - 0 Error(s), 0 Warning(s).
Load "N:\\SE 350\\LAB 1\\context_switching.AXF" 
Erase Done.
Programming Done.
Verify OK.
Build target 'Context Switching SIM'
compiling k_process.c...
linking...
Program Size: Code=4456 RO-data=236 RW-data=64 ZI-data=696  
"context_switching.axf" - 0 Error(s), 0 Warning(s).
Load "N:\\SE 350\\LAB 1\\context_switching.AXF" 
Erase Done.
Programming Done.
Verify OK.
Rebuild target 'Context Switching SIM'
assembling startup_LPC17xx.s...
compiling system_LPC17xx.c...
compiling uart_polling.c...
compiling printf.c...
compiling main_svc.c...
compiling HAL.c...
compiling k_rtx_init.c...
compiling k_memory.c...
compiling k_process.c...
compiling heap.c...
compiling queue.c...
compiling usr_proc.c...
linking...
Program Size: Code=4468 RO-data=236 RW-data=64 ZI-data=696  
"context_switching.axf" - 0 Error(s), 0 Warning(s).
Rebuild target 'Context Switching SIM'
assembling startup_LPC17xx.s...
compiling system_LPC17xx.c...
compiling uart_polling.c...
compiling printf.c...
compiling main_svc.c...
compiling HAL.c...
compiling k_rtx_init.c...
compiling k_memory.c...
compiling k_process.c...
compiling heap.c...
compiling queue.c...
compiling usr_proc.c...
linking...
Program Size: Code=4464 RO-data=236 RW-data=64 ZI-data=696  
"context_switching.axf" - 0 Error(s), 0 Warning(s).
Load "N:\\SE 350\\LAB 1\\context_switching.AXF" 
Erase Done.
Programming Done.
Verify OK.
Rebuild target 'Context Switching SIM'
assembling startup_LPC17xx.s...
compiling system_LPC17xx.c...
compiling uart_polling.c...
compiling printf.c...
compiling main_svc.c...
compiling HAL.c...
compiling k_rtx_init.c...
compiling k_memory.c...
compiling k_process.c...
compiling heap.c...
compiling queue.c...
compiling usr_proc.c...
linking...
Program Size: Code=4468 RO-data=236 RW-data=64 ZI-data=696  
"context_switching.axf" - 0 Error(s), 0 Warning(s).
Load "N:\\SE 350\\LAB 1\\context_switching.AXF" 
Erase Done.
Programming Done.
Verify OK.
Rebuild target 'Context Switching SIM'
assembling startup_LPC17xx.s...
compiling system_LPC17xx.c...
compiling uart_polling.c...
compiling printf.c...
compiling main_svc.c...
compiling HAL.c...
compiling k_rtx_init.c...
compiling k_memory.c...
compiling k_process.c...
src\k_process.c(189): warning:  #111-D: statement is unreachable
compiling heap.c...
compiling queue.c...
compiling usr_proc.c...
linking...
Program Size: Code=4472 RO-data=236 RW-data=64 ZI-data=696  
"context_switching.axf" - 0 Error(s), 1 Warning(s).
Load "N:\\SE 350\\LAB 1\\context_switching.AXF" 
Erase Done.
Programming Done.
Verify OK.
Rebuild target 'Context Switching SIM'
assembling startup_LPC17xx.s...
compiling system_LPC17xx.c...
compiling uart_polling.c...
compiling printf.c...
compiling main_svc.c...
compiling HAL.c...
compiling k_rtx_init.c...
compiling k_memory.c...
compiling k_process.c...
compiling heap.c...
compiling queue.c...
src\queue.c(74): warning:  #111-D: statement is unreachable
compiling usr_proc.c...
linking...
Program Size: Code=4464 RO-data=236 RW-data=64 ZI-data=696  
"context_switching.axf" - 0 Error(s), 1 Warning(s).
Load "N:\\SE 350\\LAB 1\\context_switching.AXF" 
Erase Done.
Programming Done.
Verify OK.
