<html>
<body>
<pre>
<h1>µVision Build Log</h1>
<h2>Project:</h2>
N:\SE 350\LAB 1\context_switching.uvproj
Project File Date:  01/25/2014

<h2>Output:</h2>
Rebuild target 'Context Switching SIM'
assembling startup_LPC17xx.s...
compiling system_LPC17xx.c...
compiling uart_polling.c...
compiling printf.c...
compiling main_svc.c...
compiling HAL.c...
compiling k_rtx_init.c...
compiling k_memory.c...
compiling k_process.c...
compiling heap.c...
compiling queue.c...
compiling usr_proc.c...
linking...
Program Size: Code=4388 RO-data=236 RW-data=40 ZI-data=904  
"context_switching.axf" - 0 Error(s), 0 Warning(s).
