<html>
<body>
<pre>
<h1>µVision Build Log</h1>
<h2>Project:</h2>
N:\SE-350-Lab-c381ba068ffbf91446d6d36a242f63c2a9743ca9\LAB 3\context_switching.uvproj
Project File Date:  03/17/2014

<h2>Output:</h2>
Rebuild target 'Context Switching SIM'
assembling startup_LPC17xx.s...
compiling system_LPC17xx.c...
compiling uart_polling.c...
compiling printf.c...
compiling main_svc.c...
compiling uart_irq.c...
compiling HAL.c...
compiling k_rtx_init.c...
compiling k_memory.c...
compiling k_process.c...
src\k_process.c(298): warning:  #550-D: variable "ret_val" was set but never used
src\k_process.c(309): warning:  #550-D: variable "ret_val" was set but never used
src\k_process.c(471): warning:  #550-D: variable "ret_val" was set but never used
src\k_process.c(544): warning:  #550-D: variable "ret_val" was set but never used
src\k_process.c(569): warning:  #177-D: variable "ret_val" was declared but never referenced
src\k_process.c(572): warning:  #177-D: variable "sizemailbox" was declared but never referenced
src\k_process.c(613): warning:  #177-D: variable "ret_val" was declared but never referenced
src\k_process.c(619): warning:  #550-D: variable "g_send_char" was set but never used
compiling heap.c...
compiling queue.c...
compiling envelope.c...
compiling timer.c...
compiling usr_proc.c...
src\usr_proc.c(37): warning:  #167-D: argument of type "char *" is incompatible with parameter of type "unsigned char *"
src\usr_proc.c(253): warning:  #550-D: variable "ret_val" was set but never used
src\usr_proc.c(282): warning:  #550-D: variable "ret_val" was set but never used
linking...
Program Size: Code=8876 RO-data=236 RW-data=80 ZI-data=1336  
"context_switching.axf" - 0 Error(s), 11 Warning(s).
Load "N:\\SE-350-Lab-c381ba068ffbf91446d6d36a242f63c2a9743ca9\\LAB 3\\context_switching.AXF" 
Erase Done.
Programming Done.
Verify OK.
Rebuild target 'Context Switching SIM'
assembling startup_LPC17xx.s...
compiling system_LPC17xx.c...
compiling uart_polling.c...
compiling printf.c...
compiling main_svc.c...
compiling uart_irq.c...
compiling HAL.c...
compiling k_rtx_init.c...
compiling k_memory.c...
compiling k_process.c...
src\k_process.c(298): warning:  #550-D: variable "ret_val" was set but never used
src\k_process.c(309): warning:  #550-D: variable "ret_val" was set but never used
src\k_process.c(471): warning:  #550-D: variable "ret_val" was set but never used
src\k_process.c(551): warning:  #550-D: variable "ret_val" was set but never used
src\k_process.c(576): warning:  #177-D: variable "ret_val" was declared but never referenced
src\k_process.c(579): warning:  #177-D: variable "sizemailbox" was declared but never referenced
src\k_process.c(620): warning:  #177-D: variable "ret_val" was declared but never referenced
src\k_process.c(626): warning:  #550-D: variable "g_send_char" was set but never used
compiling heap.c...
compiling queue.c...
compiling envelope.c...
compiling timer.c...
compiling usr_proc.c...
src\usr_proc.c(37): warning:  #167-D: argument of type "char *" is incompatible with parameter of type "unsigned char *"
src\usr_proc.c(253): warning:  #550-D: variable "ret_val" was set but never used
src\usr_proc.c(282): warning:  #550-D: variable "ret_val" was set but never used
src\usr_proc.c(308): error:  #29: expected an expression
src\usr_proc.c(321): error:  #513: a value of type "int" cannot be assigned to an entity of type "char *"
src\usr_proc.c(334): error:  #268: declaration may not appear after executable statement in block
src\usr_proc.c(334): error:  #29: expected an expression
src\usr_proc.c(334): error:  #32: expression must have arithmetic type
src\usr_proc.c(334): error:  #65: expected a ";"
Target not created
Rebuild target 'Context Switching SIM'
assembling startup_LPC17xx.s...
compiling system_LPC17xx.c...
compiling uart_polling.c...
compiling printf.c...
compiling main_svc.c...
compiling uart_irq.c...
compiling HAL.c...
compiling k_rtx_init.c...
compiling k_memory.c...
compiling k_process.c...
src\k_process.c(298): warning:  #550-D: variable "ret_val" was set but never used
src\k_process.c(309): warning:  #550-D: variable "ret_val" was set but never used
src\k_process.c(471): warning:  #550-D: variable "ret_val" was set but never used
src\k_process.c(551): warning:  #550-D: variable "ret_val" was set but never used
src\k_process.c(576): warning:  #177-D: variable "ret_val" was declared but never referenced
src\k_process.c(579): warning:  #177-D: variable "sizemailbox" was declared but never referenced
src\k_process.c(620): warning:  #177-D: variable "ret_val" was declared but never referenced
src\k_process.c(626): warning:  #550-D: variable "g_send_char" was set but never used
compiling heap.c...
compiling queue.c...
compiling envelope.c...
compiling timer.c...
compiling usr_proc.c...
src\usr_proc.c(37): warning:  #167-D: argument of type "char *" is incompatible with parameter of type "unsigned char *"
src\usr_proc.c(253): warning:  #550-D: variable "ret_val" was set but never used
src\usr_proc.c(282): warning:  #550-D: variable "ret_val" was set but never used
src\usr_proc.c(322): error:  #513: a value of type "int" cannot be assigned to an entity of type "char *"
src\usr_proc.c(336): error:  #268: declaration may not appear after executable statement in block
src\usr_proc.c(336): error:  #29: expected an expression
src\usr_proc.c(336): error:  #32: expression must have arithmetic type
Target not created
Rebuild target 'Context Switching SIM'
assembling startup_LPC17xx.s...
compiling system_LPC17xx.c...
compiling uart_polling.c...
compiling printf.c...
compiling main_svc.c...
compiling uart_irq.c...
compiling HAL.c...
compiling k_rtx_init.c...
compiling k_memory.c...
compiling k_process.c...
src\k_process.c(298): warning:  #550-D: variable "ret_val" was set but never used
src\k_process.c(309): warning:  #550-D: variable "ret_val" was set but never used
src\k_process.c(471): warning:  #550-D: variable "ret_val" was set but never used
src\k_process.c(551): warning:  #550-D: variable "ret_val" was set but never used
src\k_process.c(576): warning:  #177-D: variable "ret_val" was declared but never referenced
src\k_process.c(579): warning:  #177-D: variable "sizemailbox" was declared but never referenced
src\k_process.c(620): warning:  #177-D: variable "ret_val" was declared but never referenced
src\k_process.c(626): warning:  #550-D: variable "g_send_char" was set but never used
compiling heap.c...
compiling queue.c...
compiling envelope.c...
compiling timer.c...
compiling usr_proc.c...
src\usr_proc.c(37): warning:  #167-D: argument of type "char *" is incompatible with parameter of type "unsigned char *"
src\usr_proc.c(253): warning:  #550-D: variable "ret_val" was set but never used
src\usr_proc.c(282): warning:  #550-D: variable "ret_val" was set but never used
src\usr_proc.c(338): error:  #268: declaration may not appear after executable statement in block
src\usr_proc.c(338): error:  #29: expected an expression
src\usr_proc.c(338): error:  #32: expression must have arithmetic type
Target not created
Rebuild target 'Context Switching SIM'
assembling startup_LPC17xx.s...
compiling system_LPC17xx.c...
compiling uart_polling.c...
compiling printf.c...
compiling main_svc.c...
compiling uart_irq.c...
compiling HAL.c...
compiling k_rtx_init.c...
compiling k_memory.c...
compiling k_process.c...
src\k_process.c(298): warning:  #550-D: variable "ret_val" was set but never used
src\k_process.c(309): warning:  #550-D: variable "ret_val" was set but never used
src\k_process.c(471): warning:  #550-D: variable "ret_val" was set but never used
src\k_process.c(551): warning:  #550-D: variable "ret_val" was set but never used
src\k_process.c(576): warning:  #177-D: variable "ret_val" was declared but never referenced
src\k_process.c(579): warning:  #177-D: variable "sizemailbox" was declared but never referenced
src\k_process.c(620): warning:  #177-D: variable "ret_val" was declared but never referenced
src\k_process.c(626): warning:  #550-D: variable "g_send_char" was set but never used
compiling heap.c...
compiling queue.c...
compiling envelope.c...
compiling timer.c...
compiling usr_proc.c...
src\usr_proc.c(37): warning:  #167-D: argument of type "char *" is incompatible with parameter of type "unsigned char *"
src\usr_proc.c(253): warning:  #550-D: variable "ret_val" was set but never used
src\usr_proc.c(282): warning:  #550-D: variable "ret_val" was set but never used
src\usr_proc.c(337): error:  #29: expected an expression
src\usr_proc.c(337): error:  #32: expression must have arithmetic type
Target not created
Rebuild target 'Context Switching SIM'
assembling startup_LPC17xx.s...
compiling system_LPC17xx.c...
compiling uart_polling.c...
compiling printf.c...
compiling main_svc.c...
compiling uart_irq.c...
compiling HAL.c...
compiling k_rtx_init.c...
compiling k_memory.c...
compiling k_process.c...
src\k_process.c(298): warning:  #550-D: variable "ret_val" was set but never used
src\k_process.c(309): warning:  #550-D: variable "ret_val" was set but never used
src\k_process.c(471): warning:  #550-D: variable "ret_val" was set but never used
src\k_process.c(551): warning:  #550-D: variable "ret_val" was set but never used
src\k_process.c(576): warning:  #177-D: variable "ret_val" was declared but never referenced
src\k_process.c(579): warning:  #177-D: variable "sizemailbox" was declared but never referenced
src\k_process.c(620): warning:  #177-D: variable "ret_val" was declared but never referenced
src\k_process.c(626): warning:  #550-D: variable "g_send_char" was set but never used
compiling heap.c...
compiling queue.c...
compiling envelope.c...
compiling timer.c...
compiling usr_proc.c...
src\usr_proc.c(37): warning:  #167-D: argument of type "char *" is incompatible with parameter of type "unsigned char *"
src\usr_proc.c(253): warning:  #550-D: variable "ret_val" was set but never used
src\usr_proc.c(282): warning:  #550-D: variable "ret_val" was set but never used
src\usr_proc.c(337): error:  #29: expected an expression
src\usr_proc.c(337): error:  #32: expression must have arithmetic type
src\usr_proc.c(337): error:  #65: expected a ";"
src\usr_proc.c(338): error:  #29: expected an expression
src\usr_proc.c(338): error:  #32: expression must have arithmetic type
Target not created
Build target 'Context Switching SIM'
compiling usr_proc.c...
src\usr_proc.c(37): warning:  #167-D: argument of type "char *" is incompatible with parameter of type "unsigned char *"
src\usr_proc.c(253): warning:  #550-D: variable "ret_val" was set but never used
src\usr_proc.c(282): warning:  #550-D: variable "ret_val" was set but never used
linking...
Program Size: Code=9164 RO-data=236 RW-data=80 ZI-data=1336  
"context_switching.axf" - 0 Error(s), 3 Warning(s).
Load "N:\\SE-350-Lab-c381ba068ffbf91446d6d36a242f63c2a9743ca9\\LAB 3\\context_switching.AXF" 
Erase Done.
Programming Done.
Verify OK.
Build target 'Context Switching SIM'
compiling usr_proc.c...
src\usr_proc.c(37): warning:  #167-D: argument of type "char *" is incompatible with parameter of type "unsigned char *"
src\usr_proc.c(253): warning:  #550-D: variable "ret_val" was set but never used
src\usr_proc.c(282): warning:  #550-D: variable "ret_val" was set but never used
linking...
Program Size: Code=9164 RO-data=236 RW-data=80 ZI-data=1336  
"context_switching.axf" - 0 Error(s), 3 Warning(s).
Load "N:\\SE-350-Lab-c381ba068ffbf91446d6d36a242f63c2a9743ca9\\LAB 3\\context_switching.AXF" 
Erase Done.
Programming Done.
Verify OK.
Build target 'Context Switching SIM'
compiling usr_proc.c...
src\usr_proc.c(37): warning:  #167-D: argument of type "char *" is incompatible with parameter of type "unsigned char *"
src\usr_proc.c(253): warning:  #550-D: variable "ret_val" was set but never used
src\usr_proc.c(282): warning:  #550-D: variable "ret_val" was set but never used
linking...
Program Size: Code=9192 RO-data=236 RW-data=80 ZI-data=1336  
"context_switching.axf" - 0 Error(s), 3 Warning(s).
Load "N:\\SE-350-Lab-c381ba068ffbf91446d6d36a242f63c2a9743ca9\\LAB 3\\context_switching.AXF" 
Erase Done.
Programming Done.
Verify OK.
Build target 'Context Switching SIM'
compiling k_process.c...
src\k_process.c(298): warning:  #550-D: variable "ret_val" was set but never used
src\k_process.c(309): warning:  #550-D: variable "ret_val" was set but never used
src\k_process.c(529): error:  #268: declaration may not appear after executable statement in block
src\k_process.c(471): warning:  #550-D: variable "ret_val" was set but never used
src\k_process.c(552): warning:  #550-D: variable "ret_val" was set but never used
src\k_process.c(577): warning:  #177-D: variable "ret_val" was declared but never referenced
src\k_process.c(580): warning:  #177-D: variable "sizemailbox" was declared but never referenced
src\k_process.c(621): warning:  #177-D: variable "ret_val" was declared but never referenced
src\k_process.c(627): warning:  #550-D: variable "g_send_char" was set but never used
Target not created
Build target 'Context Switching SIM'
compiling k_process.c...
src\k_process.c(298): warning:  #550-D: variable "ret_val" was set but never used
src\k_process.c(309): warning:  #550-D: variable "ret_val" was set but never used
src\k_process.c(471): warning:  #550-D: variable "ret_val" was set but never used
src\k_process.c(552): warning:  #550-D: variable "ret_val" was set but never used
src\k_process.c(577): warning:  #177-D: variable "ret_val" was declared but never referenced
src\k_process.c(580): warning:  #177-D: variable "sizemailbox" was declared but never referenced
src\k_process.c(621): warning:  #177-D: variable "ret_val" was declared but never referenced
src\k_process.c(627): warning:  #550-D: variable "g_send_char" was set but never used
linking...
Program Size: Code=9208 RO-data=236 RW-data=80 ZI-data=1336  
"context_switching.axf" - 0 Error(s), 8 Warning(s).
Load "N:\\SE-350-Lab-c381ba068ffbf91446d6d36a242f63c2a9743ca9\\LAB 3\\context_switching.AXF" 
Erase Done.
Programming Done.
Verify OK.
Build target 'Context Switching SIM'
compiling k_process.c...
src\k_process.c(298): warning:  #550-D: variable "ret_val" was set but never used
src\k_process.c(309): warning:  #550-D: variable "ret_val" was set but never used
src\k_process.c(471): warning:  #550-D: variable "ret_val" was set but never used
src\k_process.c(552): warning:  #550-D: variable "ret_val" was set but never used
src\k_process.c(577): warning:  #177-D: variable "ret_val" was declared but never referenced
src\k_process.c(580): warning:  #177-D: variable "sizemailbox" was declared but never referenced
src\k_process.c(621): warning:  #177-D: variable "ret_val" was declared but never referenced
src\k_process.c(627): warning:  #550-D: variable "g_send_char" was set but never used
compiling usr_proc.c...
src\usr_proc.c(37): warning:  #167-D: argument of type "char *" is incompatible with parameter of type "unsigned char *"
src\usr_proc.c(253): warning:  #550-D: variable "ret_val" was set but never used
src\usr_proc.c(282): warning:  #550-D: variable "ret_val" was set but never used
linking...
Program Size: Code=9208 RO-data=236 RW-data=80 ZI-data=1336  
"context_switching.axf" - 0 Error(s), 11 Warning(s).
Load "N:\\SE-350-Lab-c381ba068ffbf91446d6d36a242f63c2a9743ca9\\LAB 3\\context_switching.AXF" 
Erase Done.
Programming Done.
Verify OK.
Build target 'Context Switching SIM'
compiling usr_proc.c...
src\usr_proc.c(37): warning:  #167-D: argument of type "char *" is incompatible with parameter of type "unsigned char *"
src\usr_proc.c(253): warning:  #550-D: variable "ret_val" was set but never used
src\usr_proc.c(282): warning:  #550-D: variable "ret_val" was set but never used
linking...
Program Size: Code=9220 RO-data=236 RW-data=80 ZI-data=1336  
"context_switching.axf" - 0 Error(s), 3 Warning(s).
Load "N:\\SE-350-Lab-c381ba068ffbf91446d6d36a242f63c2a9743ca9\\LAB 3\\context_switching.AXF" 
Erase Done.
Programming Done.
Verify OK.
Build target 'Context Switching SIM'
compiling usr_proc.c...
src\usr_proc.c(37): warning:  #167-D: argument of type "char *" is incompatible with parameter of type "unsigned char *"
src\usr_proc.c(253): warning:  #550-D: variable "ret_val" was set but never used
src\usr_proc.c(282): warning:  #550-D: variable "ret_val" was set but never used
linking...
Program Size: Code=9220 RO-data=236 RW-data=80 ZI-data=1336  
"context_switching.axf" - 0 Error(s), 3 Warning(s).
Load "N:\\SE-350-Lab-c381ba068ffbf91446d6d36a242f63c2a9743ca9\\LAB 3\\context_switching.AXF" 
Erase Done.
Programming Done.
Verify OK.
Build target 'Context Switching SIM'
compiling usr_proc.c...
src\usr_proc.c(37): warning:  #167-D: argument of type "char *" is incompatible with parameter of type "unsigned char *"
src\usr_proc.c(253): warning:  #550-D: variable "ret_val" was set but never used
src\usr_proc.c(282): warning:  #550-D: variable "ret_val" was set but never used
linking...
Program Size: Code=9232 RO-data=236 RW-data=80 ZI-data=1336  
"context_switching.axf" - 0 Error(s), 3 Warning(s).
Load "N:\\SE-350-Lab-c381ba068ffbf91446d6d36a242f63c2a9743ca9\\LAB 3\\context_switching.AXF" 
Erase Done.
Programming Done.
Verify OK.
Build target 'Context Switching SIM'
compiling usr_proc.c...
src\usr_proc.c(37): warning:  #167-D: argument of type "char *" is incompatible with parameter of type "unsigned char *"
src\usr_proc.c(253): warning:  #550-D: variable "ret_val" was set but never used
src\usr_proc.c(282): warning:  #550-D: variable "ret_val" was set but never used
linking...
Program Size: Code=9236 RO-data=236 RW-data=80 ZI-data=1336  
"context_switching.axf" - 0 Error(s), 3 Warning(s).
Load "N:\\SE-350-Lab-c381ba068ffbf91446d6d36a242f63c2a9743ca9\\LAB 3\\context_switching.AXF" 
Erase Done.
Programming Done.
Verify OK.
Build target 'Context Switching SIM'
compiling usr_proc.c...
src\usr_proc.c(37): warning:  #167-D: argument of type "char *" is incompatible with parameter of type "unsigned char *"
src\usr_proc.c(253): warning:  #550-D: variable "ret_val" was set but never used
src\usr_proc.c(282): warning:  #550-D: variable "ret_val" was set but never used
src\usr_proc.c(328): warning:  #167-D: argument of type "char *" is incompatible with parameter of type "unsigned char *"
src\usr_proc.c(306): warning:  #177-D: variable "sender_pid" was declared but never referenced
linking...
Program Size: Code=9240 RO-data=236 RW-data=80 ZI-data=1336  
"context_switching.axf" - 0 Error(s), 5 Warning(s).
Load "N:\\SE-350-Lab-c381ba068ffbf91446d6d36a242f63c2a9743ca9\\LAB 3\\context_switching.AXF" 
Erase Done.
Programming Done.
Verify OK.
Rebuild target 'Context Switching SIM'
assembling startup_LPC17xx.s...
compiling system_LPC17xx.c...
compiling uart_polling.c...
compiling printf.c...
compiling main_svc.c...
compiling uart_irq.c...
compiling HAL.c...
compiling k_rtx_init.c...
compiling k_memory.c...
compiling k_process.c...
src\k_process.c(298): warning:  #550-D: variable "ret_val" was set but never used
src\k_process.c(309): warning:  #550-D: variable "ret_val" was set but never used
src\k_process.c(471): warning:  #550-D: variable "ret_val" was set but never used
src\k_process.c(552): warning:  #550-D: variable "ret_val" was set but never used
src\k_process.c(577): warning:  #177-D: variable "ret_val" was declared but never referenced
src\k_process.c(580): warning:  #177-D: variable "sizemailbox" was declared but never referenced
src\k_process.c(621): warning:  #177-D: variable "ret_val" was declared but never referenced
src\k_process.c(627): warning:  #550-D: variable "g_send_char" was set but never used
compiling heap.c...
compiling queue.c...
compiling envelope.c...
compiling timer.c...
compiling usr_proc.c...
src\usr_proc.c(37): warning:  #167-D: argument of type "char *" is incompatible with parameter of type "unsigned char *"
src\usr_proc.c(253): warning:  #550-D: variable "ret_val" was set but never used
src\usr_proc.c(282): warning:  #550-D: variable "ret_val" was set but never used
src\usr_proc.c(327): warning:  #167-D: argument of type "char *" is incompatible with parameter of type "unsigned char *"
src\usr_proc.c(306): warning:  #177-D: variable "sender_pid" was declared but never referenced
linking...
Program Size: Code=9228 RO-data=236 RW-data=80 ZI-data=1336  
"context_switching.axf" - 0 Error(s), 13 Warning(s).
Load "N:\\SE-350-Lab-c381ba068ffbf91446d6d36a242f63c2a9743ca9\\LAB 3\\context_switching.AXF" 
Erase Done.
Programming Done.
Verify OK.
Build target 'Context Switching SIM'
compiling usr_proc.c...
src\usr_proc.c(37): warning:  #167-D: argument of type "char *" is incompatible with parameter of type "unsigned char *"
src\usr_proc.c(253): warning:  #550-D: variable "ret_val" was set but never used
src\usr_proc.c(282): warning:  #550-D: variable "ret_val" was set but never used
src\usr_proc.c(327): warning:  #167-D: argument of type "char *" is incompatible with parameter of type "unsigned char *"
linking...
Program Size: Code=9228 RO-data=236 RW-data=80 ZI-data=1336  
"context_switching.axf" - 0 Error(s), 4 Warning(s).
Load "N:\\SE-350-Lab-c381ba068ffbf91446d6d36a242f63c2a9743ca9\\LAB 3\\context_switching.AXF" 
Erase Done.
Programming Done.
Verify OK.
Build target 'Context Switching SIM'
compiling usr_proc.c...
src\usr_proc.c(37): warning:  #167-D: argument of type "char *" is incompatible with parameter of type "unsigned char *"
src\usr_proc.c(253): warning:  #550-D: variable "ret_val" was set but never used
src\usr_proc.c(282): warning:  #550-D: variable "ret_val" was set but never used
src\usr_proc.c(327): warning:  #167-D: argument of type "char *" is incompatible with parameter of type "unsigned char *"
linking...
Program Size: Code=9228 RO-data=236 RW-data=80 ZI-data=1336  
"context_switching.axf" - 0 Error(s), 4 Warning(s).
Load "N:\\SE-350-Lab-c381ba068ffbf91446d6d36a242f63c2a9743ca9\\LAB 3\\context_switching.AXF" 
Erase Done.
Programming Done.
Verify OK.
Rebuild target 'Context Switching SIM'
assembling startup_LPC17xx.s...
compiling system_LPC17xx.c...
compiling uart_polling.c...
compiling printf.c...
compiling main_svc.c...
compiling uart_irq.c...
compiling HAL.c...
compiling k_rtx_init.c...
compiling k_memory.c...
compiling k_process.c...
src\k_process.c(298): warning:  #550-D: variable "ret_val" was set but never used
src\k_process.c(309): warning:  #550-D: variable "ret_val" was set but never used
src\k_process.c(471): warning:  #550-D: variable "ret_val" was set but never used
src\k_process.c(552): warning:  #550-D: variable "ret_val" was set but never used
src\k_process.c(577): warning:  #177-D: variable "ret_val" was declared but never referenced
src\k_process.c(580): warning:  #177-D: variable "sizemailbox" was declared but never referenced
src\k_process.c(621): warning:  #177-D: variable "ret_val" was declared but never referenced
src\k_process.c(627): warning:  #550-D: variable "g_send_char" was set but never used
compiling heap.c...
compiling queue.c...
compiling envelope.c...
compiling timer.c...
compiling usr_proc.c...
src\usr_proc.c(37): warning:  #167-D: argument of type "char *" is incompatible with parameter of type "unsigned char *"
src\usr_proc.c(253): warning:  #550-D: variable "ret_val" was set but never used
src\usr_proc.c(282): warning:  #550-D: variable "ret_val" was set but never used
src\usr_proc.c(327): warning:  #167-D: argument of type "char *" is incompatible with parameter of type "unsigned char *"
src\usr_proc.c(349): error:  #144: a value of type "int" cannot be used to initialize an entity of type "char *"
src\usr_proc.c(350): warning:  #223-D: function "atoi" declared implicitly
src\usr_proc.c(382): warning:  #111-D: statement is unreachable
src\usr_proc.c(382): error:  #20: identifier "p" is undefined
src\usr_proc.c(385): error:  #169: expected a declaration
Target not created
Rebuild target 'Context Switching SIM'
assembling startup_LPC17xx.s...
compiling system_LPC17xx.c...
compiling uart_polling.c...
compiling printf.c...
compiling main_svc.c...
compiling uart_irq.c...
compiling HAL.c...
compiling k_rtx_init.c...
compiling k_memory.c...
compiling k_process.c...
src\k_process.c(298): warning:  #550-D: variable "ret_val" was set but never used
src\k_process.c(309): warning:  #550-D: variable "ret_val" was set but never used
src\k_process.c(471): warning:  #550-D: variable "ret_val" was set but never used
src\k_process.c(552): warning:  #550-D: variable "ret_val" was set but never used
src\k_process.c(577): warning:  #177-D: variable "ret_val" was declared but never referenced
src\k_process.c(580): warning:  #177-D: variable "sizemailbox" was declared but never referenced
src\k_process.c(621): warning:  #177-D: variable "ret_val" was declared but never referenced
src\k_process.c(627): warning:  #550-D: variable "g_send_char" was set but never used
compiling heap.c...
compiling queue.c...
compiling envelope.c...
compiling timer.c...
compiling usr_proc.c...
src\usr_proc.c(37): warning:  #167-D: argument of type "char *" is incompatible with parameter of type "unsigned char *"
src\usr_proc.c(253): warning:  #550-D: variable "ret_val" was set but never used
src\usr_proc.c(282): warning:  #550-D: variable "ret_val" was set but never used
src\usr_proc.c(327): warning:  #167-D: argument of type "char *" is incompatible with parameter of type "unsigned char *"
src\usr_proc.c(349): error:  #144: a value of type "int" cannot be used to initialize an entity of type "char *"
src\usr_proc.c(350): warning:  #223-D: function "atoi" declared implicitly
Target not created
Rebuild target 'Context Switching SIM'
assembling startup_LPC17xx.s...
compiling system_LPC17xx.c...
compiling uart_polling.c...
compiling printf.c...
compiling main_svc.c...
compiling uart_irq.c...
compiling HAL.c...
compiling k_rtx_init.c...
compiling k_memory.c...
compiling k_process.c...
src\k_process.c(298): warning:  #550-D: variable "ret_val" was set but never used
src\k_process.c(309): warning:  #550-D: variable "ret_val" was set but never used
src\k_process.c(471): warning:  #550-D: variable "ret_val" was set but never used
src\k_process.c(552): warning:  #550-D: variable "ret_val" was set but never used
src\k_process.c(577): warning:  #177-D: variable "ret_val" was declared but never referenced
src\k_process.c(580): warning:  #177-D: variable "sizemailbox" was declared but never referenced
src\k_process.c(621): warning:  #177-D: variable "ret_val" was declared but never referenced
src\k_process.c(627): warning:  #550-D: variable "g_send_char" was set but never used
compiling heap.c...
compiling queue.c...
compiling envelope.c...
compiling timer.c...
compiling usr_proc.c...
src\usr_proc.c(37): warning:  #167-D: argument of type "char *" is incompatible with parameter of type "unsigned char *"
src\usr_proc.c(253): warning:  #550-D: variable "ret_val" was set but never used
src\usr_proc.c(282): warning:  #550-D: variable "ret_val" was set but never used
src\usr_proc.c(327): warning:  #167-D: argument of type "char *" is incompatible with parameter of type "unsigned char *"
src\usr_proc.c(350): warning:  #223-D: function "atoi" declared implicitly
linking...
Program Size: Code=9288 RO-data=236 RW-data=80 ZI-data=1336  
"context_switching.axf" - 0 Error(s), 13 Warning(s).
Load "N:\\SE-350-Lab-c381ba068ffbf91446d6d36a242f63c2a9743ca9\\LAB 3\\context_switching.AXF" 
Erase Done.
Programming Done.
Verify OK.
Build target 'Context Switching SIM'
compiling usr_proc.c...
src\usr_proc.c(37): warning:  #167-D: argument of type "char *" is incompatible with parameter of type "unsigned char *"
src\usr_proc.c(253): warning:  #550-D: variable "ret_val" was set but never used
src\usr_proc.c(282): warning:  #550-D: variable "ret_val" was set but never used
src\usr_proc.c(327): warning:  #167-D: argument of type "char *" is incompatible with parameter of type "unsigned char *"
src\usr_proc.c(350): warning:  #223-D: function "atoi" declared implicitly
linking...
Program Size: Code=9292 RO-data=236 RW-data=80 ZI-data=1336  
"context_switching.axf" - 0 Error(s), 5 Warning(s).
Load "N:\\SE-350-Lab-c381ba068ffbf91446d6d36a242f63c2a9743ca9\\LAB 3\\context_switching.AXF" 
Erase Done.
Programming Done.
Verify OK.
Build target 'Context Switching SIM'
compiling usr_proc.c...
src\usr_proc.c(37): warning:  #167-D: argument of type "char *" is incompatible with parameter of type "unsigned char *"
src\usr_proc.c(253): warning:  #550-D: variable "ret_val" was set but never used
src\usr_proc.c(282): warning:  #550-D: variable "ret_val" was set but never used
src\usr_proc.c(327): warning:  #167-D: argument of type "char *" is incompatible with parameter of type "unsigned char *"
src\usr_proc.c(350): warning:  #223-D: function "atoi" declared implicitly
linking...
Program Size: Code=9296 RO-data=236 RW-data=80 ZI-data=1336  
"context_switching.axf" - 0 Error(s), 5 Warning(s).
Load "N:\\SE-350-Lab-c381ba068ffbf91446d6d36a242f63c2a9743ca9\\LAB 3\\context_switching.AXF" 
Erase Done.
Programming Done.
Verify OK.
Build target 'Context Switching SIM'
compiling main_svc.c...
compiling uart_irq.c...
compiling k_rtx_init.c...
compiling k_memory.c...
compiling k_process.c...
src\k_process.c(298): warning:  #550-D: variable "ret_val" was set but never used
src\k_process.c(309): warning:  #550-D: variable "ret_val" was set but never used
src\k_process.c(471): warning:  #550-D: variable "ret_val" was set but never used
src\k_process.c(552): warning:  #550-D: variable "ret_val" was set but never used
src\k_process.c(577): warning:  #177-D: variable "ret_val" was declared but never referenced
src\k_process.c(580): warning:  #177-D: variable "sizemailbox" was declared but never referenced
src\k_process.c(621): warning:  #177-D: variable "ret_val" was declared but never referenced
src\k_process.c(627): warning:  #550-D: variable "g_send_char" was set but never used
compiling heap.c...
compiling queue.c...
compiling envelope.c...
compiling timer.c...
compiling usr_proc.c...
src\usr_proc.c(37): warning:  #167-D: argument of type "char *" is incompatible with parameter of type "unsigned char *"
src\usr_proc.c(253): warning:  #550-D: variable "ret_val" was set but never used
src\usr_proc.c(282): warning:  #550-D: variable "ret_val" was set but never used
src\usr_proc.c(327): warning:  #167-D: argument of type "char *" is incompatible with parameter of type "unsigned char *"
src\usr_proc.c(348): error:  #20: identifier "Queue" is undefined
src\usr_proc.c(350): warning:  #223-D: function "q_init" declared implicitly
src\usr_proc.c(358): warning:  #223-D: function "q_pop" declared implicitly
src\usr_proc.c(362): warning:  #223-D: function "atoi" declared implicitly
src\usr_proc.c(369): error:  #268: declaration may not appear after executable statement in block
src\usr_proc.c(381): warning:  #223-D: function "q_push" declared implicitly
Target not created
Build target 'Context Switching SIM'
compiling usr_proc.c...
src\k_rtx.h(59): error:  #101: "proc_init" has already been declared in the current scope
src\k_rtx.h(65): error:  #256: invalid redeclaration of type name "PROC_INIT" (declared at line 37 of "src\rtx.h")
src\k_process.h(50): error:  #147: declaration is incompatible with "int g_timer_count" (declared at line 11 of "src\usr_proc.h")
src\usr_proc.c(38): warning:  #167-D: argument of type "char *" is incompatible with parameter of type "unsigned char *"
src\usr_proc.c(254): warning:  #550-D: variable "ret_val" was set but never used
src\usr_proc.c(283): warning:  #550-D: variable "ret_val" was set but never used
src\usr_proc.c(328): warning:  #167-D: argument of type "char *" is incompatible with parameter of type "unsigned char *"
src\usr_proc.c(351): error:  #167: argument of type "Queue" is incompatible with parameter of type "Queue *"
src\usr_proc.c(363): warning:  #223-D: function "atoi" declared implicitly
src\usr_proc.c(370): error:  #268: declaration may not appear after executable statement in block
src\usr_proc.c(382): error:  #167: argument of type "Queue" is incompatible with parameter of type "Queue *"
Target not created
Build target 'Context Switching SIM'
compiling usr_proc.c...
src\usr_proc.c(42): warning:  #167-D: argument of type "char *" is incompatible with parameter of type "unsigned char *"
src\usr_proc.c(258): warning:  #550-D: variable "ret_val" was set but never used
src\usr_proc.c(287): warning:  #550-D: variable "ret_val" was set but never used
src\usr_proc.c(332): warning:  #167-D: argument of type "char *" is incompatible with parameter of type "unsigned char *"
src\usr_proc.c(355): warning:  #223-D: function "q_init" declared implicitly
src\usr_proc.c(363): warning:  #223-D: function "q_pop" declared implicitly
src\usr_proc.c(367): warning:  #223-D: function "atoi" declared implicitly
src\usr_proc.c(374): error:  #268: declaration may not appear after executable statement in block
src\usr_proc.c(386): warning:  #223-D: function "q_push" declared implicitly
Target not created
Rebuild target 'Context Switching SIM'
assembling startup_LPC17xx.s...
compiling system_LPC17xx.c...
compiling uart_polling.c...
compiling printf.c...
compiling main_svc.c...
compiling uart_irq.c...
src\k_rtx.h(55): error:  #20: identifier "Queue" is undefined
src\k_process.h(46): error:  #20: identifier "Queue" is undefined
src\k_process.h(47): error:  #20: identifier "Queue" is undefined
src\k_process.h(48): error:  #20: identifier "Queue" is undefined
compiling HAL.c...
compiling k_rtx_init.c...
src\k_rtx.h(55): error:  #20: identifier "Queue" is undefined
src\k_process.h(46): error:  #20: identifier "Queue" is undefined
src\k_process.h(47): error:  #20: identifier "Queue" is undefined
src\k_process.h(48): error:  #20: identifier "Queue" is undefined
compiling k_memory.c...
src\k_rtx.h(55): error:  #20: identifier "Queue" is undefined
src\k_process.h(46): error:  #20: identifier "Queue" is undefined
src\k_process.h(47): error:  #20: identifier "Queue" is undefined
src\k_process.h(48): error:  #20: identifier "Queue" is undefined
compiling k_process.c...
src\k_process.c(298): warning:  #550-D: variable "ret_val" was set but never used
src\k_process.c(309): warning:  #550-D: variable "ret_val" was set but never used
src\k_process.c(471): warning:  #550-D: variable "ret_val" was set but never used
src\k_process.c(552): warning:  #550-D: variable "ret_val" was set but never used
src\k_process.c(577): warning:  #177-D: variable "ret_val" was declared but never referenced
src\k_process.c(580): warning:  #177-D: variable "sizemailbox" was declared but never referenced
src\k_process.c(621): warning:  #177-D: variable "ret_val" was declared but never referenced
src\k_process.c(627): warning:  #550-D: variable "g_send_char" was set but never used
compiling heap.c...
src\k_rtx.h(55): error:  #20: identifier "Queue" is undefined
src\k_process.h(46): error:  #20: identifier "Queue" is undefined
src\k_process.h(47): error:  #20: identifier "Queue" is undefined
src\k_process.h(48): error:  #20: identifier "Queue" is undefined
compiling queue.c...
src\k_rtx.h(55): error:  #20: identifier "Queue" is undefined
src\k_process.h(46): error:  #20: identifier "Queue" is undefined
src\k_process.h(47): error:  #20: identifier "Queue" is undefined
src\k_process.h(48): error:  #20: identifier "Queue" is undefined
compiling envelope.c...
src\k_rtx.h(55): error:  #20: identifier "Queue" is undefined
src\k_process.h(46): error:  #20: identifier "Queue" is undefined
src\k_process.h(47): error:  #20: identifier "Queue" is undefined
src\k_process.h(48): error:  #20: identifier "Queue" is undefined
compiling timer.c...
src\k_rtx.h(55): error:  #20: identifier "Queue" is undefined
src\k_process.h(46): error:  #20: identifier "Queue" is undefined
src\k_process.h(47): error:  #20: identifier "Queue" is undefined
src\k_process.h(48): error:  #20: identifier "Queue" is undefined
compiling usr_proc.c...
src\k_rtx.h(55): error:  #20: identifier "Queue" is undefined
src\k_rtx.h(59): error:  #101: "proc_init" has already been declared in the current scope
src\k_rtx.h(65): error:  #256: invalid redeclaration of type name "PROC_INIT" (declared at line 37 of "src\rtx.h")
src\k_process.h(46): error:  #20: identifier "Queue" is undefined
src\k_process.h(47): error:  #20: identifier "Queue" is undefined
src\k_process.h(48): error:  #20: identifier "Queue" is undefined
src\k_process.h(50): error:  #147: declaration is incompatible with "int g_timer_count" (declared at line 11 of "src\usr_proc.h")
src\usr_proc.c(38): warning:  #167-D: argument of type "char *" is incompatible with parameter of type "unsigned char *"
src\usr_proc.c(254): warning:  #550-D: variable "ret_val" was set but never used
src\usr_proc.c(283): warning:  #550-D: variable "ret_val" was set but never used
src\usr_proc.c(328): warning:  #167-D: argument of type "char *" is incompatible with parameter of type "unsigned char *"
src\usr_proc.c(363): warning:  #223-D: function "atoi" declared implicitly
src\usr_proc.c(370): error:  #268: declaration may not appear after executable statement in block
src\usr_proc.c(382): error:  #167: argument of type "Queue" is incompatible with parameter of type "Queue *"
Target not created
Build target 'Context Switching SIM'
compiling uart_irq.c...
compiling k_rtx_init.c...
compiling k_memory.c...
compiling k_process.c...
src\k_process.c(298): warning:  #550-D: variable "ret_val" was set but never used
src\k_process.c(309): warning:  #550-D: variable "ret_val" was set but never used
src\k_process.c(471): warning:  #550-D: variable "ret_val" was set but never used
src\k_process.c(552): warning:  #550-D: variable "ret_val" was set but never used
src\k_process.c(577): warning:  #177-D: variable "ret_val" was declared but never referenced
src\k_process.c(580): warning:  #177-D: variable "sizemailbox" was declared but never referenced
src\k_process.c(621): warning:  #177-D: variable "ret_val" was declared but never referenced
src\k_process.c(627): warning:  #550-D: variable "g_send_char" was set but never used
compiling heap.c...
compiling queue.c...
compiling envelope.c...
compiling timer.c...
compiling usr_proc.c...
src\k_rtx.h(59): error:  #101: "proc_init" has already been declared in the current scope
src\k_rtx.h(65): error:  #256: invalid redeclaration of type name "PROC_INIT" (declared at line 37 of "src\rtx.h")
src\k_process.h(50): error:  #147: declaration is incompatible with "int g_timer_count" (declared at line 11 of "src\usr_proc.h")
src\usr_proc.c(38): warning:  #167-D: argument of type "char *" is incompatible with parameter of type "unsigned char *"
src\usr_proc.c(254): warning:  #550-D: variable "ret_val" was set but never used
src\usr_proc.c(283): warning:  #550-D: variable "ret_val" was set but never used
src\usr_proc.c(328): warning:  #167-D: argument of type "char *" is incompatible with parameter of type "unsigned char *"
src\usr_proc.c(363): warning:  #223-D: function "atoi" declared implicitly
src\usr_proc.c(370): error:  #268: declaration may not appear after executable statement in block
src\usr_proc.c(382): error:  #167: argument of type "Queue" is incompatible with parameter of type "Queue *"
Target not created
Build target 'Context Switching SIM'
compiling uart_irq.c...
src\k_rtx.h(55): error:  #20: identifier "Queue" is undefined
src\k_process.h(46): error:  #20: identifier "Queue" is undefined
src\k_process.h(47): error:  #20: identifier "Queue" is undefined
src\k_process.h(48): error:  #20: identifier "Queue" is undefined
compiling k_rtx_init.c...
src\k_rtx.h(55): error:  #20: identifier "Queue" is undefined
src\k_process.h(46): error:  #20: identifier "Queue" is undefined
src\k_process.h(47): error:  #20: identifier "Queue" is undefined
src\k_process.h(48): error:  #20: identifier "Queue" is undefined
compiling k_memory.c...
src\k_rtx.h(55): error:  #20: identifier "Queue" is undefined
src\k_process.h(46): error:  #20: identifier "Queue" is undefined
src\k_process.h(47): error:  #20: identifier "Queue" is undefined
src\k_process.h(48): error:  #20: identifier "Queue" is undefined
compiling k_process.c...
src\k_process.c(298): warning:  #550-D: variable "ret_val" was set but never used
src\k_process.c(309): warning:  #550-D: variable "ret_val" was set but never used
src\k_process.c(471): warning:  #550-D: variable "ret_val" was set but never used
src\k_process.c(552): warning:  #550-D: variable "ret_val" was set but never used
src\k_process.c(577): warning:  #177-D: variable "ret_val" was declared but never referenced
src\k_process.c(580): warning:  #177-D: variable "sizemailbox" was declared but never referenced
src\k_process.c(621): warning:  #177-D: variable "ret_val" was declared but never referenced
src\k_process.c(627): warning:  #550-D: variable "g_send_char" was set but never used
compiling heap.c...
src\k_rtx.h(55): error:  #20: identifier "Queue" is undefined
src\k_process.h(46): error:  #20: identifier "Queue" is undefined
src\k_process.h(47): error:  #20: identifier "Queue" is undefined
src\k_process.h(48): error:  #20: identifier "Queue" is undefined
compiling queue.c...
src\k_rtx.h(55): error:  #20: identifier "Queue" is undefined
src\k_process.h(46): error:  #20: identifier "Queue" is undefined
src\k_process.h(47): error:  #20: identifier "Queue" is undefined
src\k_process.h(48): error:  #20: identifier "Queue" is undefined
compiling envelope.c...
src\k_rtx.h(55): error:  #20: identifier "Queue" is undefined
src\k_process.h(46): error:  #20: identifier "Queue" is undefined
src\k_process.h(47): error:  #20: identifier "Queue" is undefined
src\k_process.h(48): error:  #20: identifier "Queue" is undefined
compiling timer.c...
src\k_rtx.h(55): error:  #20: identifier "Queue" is undefined
src\k_process.h(46): error:  #20: identifier "Queue" is undefined
src\k_process.h(47): error:  #20: identifier "Queue" is undefined
src\k_process.h(48): error:  #20: identifier "Queue" is undefined
compiling usr_proc.c...
src\k_rtx.h(55): error:  #20: identifier "Queue" is undefined
src\k_rtx.h(59): error:  #101: "proc_init" has already been declared in the current scope
src\k_rtx.h(65): error:  #256: invalid redeclaration of type name "PROC_INIT" (declared at line 37 of "src\rtx.h")
src\k_process.h(46): error:  #20: identifier "Queue" is undefined
src\k_process.h(47): error:  #20: identifier "Queue" is undefined
src\k_process.h(48): error:  #20: identifier "Queue" is undefined
src\k_process.h(50): error:  #147: declaration is incompatible with "int g_timer_count" (declared at line 11 of "src\usr_proc.h")
src\usr_proc.c(38): warning:  #167-D: argument of type "char *" is incompatible with parameter of type "unsigned char *"
src\usr_proc.c(254): warning:  #550-D: variable "ret_val" was set but never used
src\usr_proc.c(283): warning:  #550-D: variable "ret_val" was set but never used
src\usr_proc.c(328): warning:  #167-D: argument of type "char *" is incompatible with parameter of type "unsigned char *"
src\usr_proc.c(363): warning:  #223-D: function "atoi" declared implicitly
src\usr_proc.c(370): error:  #268: declaration may not appear after executable statement in block
src\usr_proc.c(382): error:  #167: argument of type "Queue" is incompatible with parameter of type "Queue *"
Target not created
Build target 'Context Switching SIM'
compiling uart_irq.c...
src\heap.h(22): error:  #20: identifier "U8" is undefined
src\heap.h(36): error:  #20: identifier "U32" is undefined
src\heap.h(37): error:  #20: identifier "U32" is undefined
src\k_memory.h(22): error:  #20: identifier "PCB" is undefined
src\k_memory.h(23): error:  #20: identifier "PROC_INIT" is undefined
src\k_memory.h(23): error:  #20: identifier "NUM_TEST_PROCS" is undefined
src\k_memory.h(23): error:  #20: identifier "NUM_SYS_PROCS" is undefined
src\k_memory.h(24): error:  #20: identifier "PCB" is undefined
src\k_memory.h(28): error:  #20: identifier "U32" is undefined
src\k_memory.h(28): error:  #20: identifier "U32" is undefined
src\k_process.h(25): error:  #20: identifier "PCB" is undefined
src\k_process.h(31): error:  #20: identifier "PCB" is undefined
src\k_process.h(43): error:  #20: identifier "U32" is undefined
src\k_process.h(43): error:  #20: identifier "U32" is undefined
src\k_process.h(46): error:  #20: identifier "Queue" is undefined
src\k_process.h(46): error:  #20: identifier "NUM_PRIORITIES" is undefined
src\k_process.h(47): error:  #20: identifier "Queue" is undefined
src\k_process.h(48): error:  #20: identifier "Queue" is undefined
compiling k_rtx_init.c...
src\heap.h(22): error:  #20: identifier "U8" is undefined
src\heap.h(36): error:  #20: identifier "U32" is undefined
src\heap.h(37): error:  #20: identifier "U32" is undefined
src\k_memory.h(22): error:  #20: identifier "PCB" is undefined
src\k_memory.h(23): error:  #20: identifier "PROC_INIT" is undefined
src\k_memory.h(23): error:  #20: identifier "NUM_TEST_PROCS" is undefined
src\k_memory.h(23): error:  #20: identifier "NUM_SYS_PROCS" is undefined
src\k_memory.h(24): error:  #20: identifier "PCB" is undefined
src\k_memory.h(28): error:  #20: identifier "U32" is undefined
src\k_memory.h(28): error:  #20: identifier "U32" is undefined
src\k_process.h(25): error:  #20: identifier "PCB" is undefined
src\k_process.h(31): error:  #20: identifier "PCB" is undefined
src\k_process.h(43): error:  #20: identifier "U32" is undefined
src\k_process.h(43): error:  #20: identifier "U32" is undefined
src\k_process.h(46): error:  #20: identifier "Queue" is undefined
src\k_process.h(46): error:  #20: identifier "NUM_PRIORITIES" is undefined
src\k_process.h(47): error:  #20: identifier "Queue" is undefined
src\k_process.h(48): error:  #20: identifier "Queue" is undefined
compiling k_memory.c...
src\k_process.h(25): error:  #20: identifier "PCB" is undefined
src\k_process.h(31): error:  #20: identifier "PCB" is undefined
src\k_process.h(43): error:  #20: identifier "U32" is undefined
src\k_process.h(43): error:  #20: identifier "U32" is undefined
src\k_process.h(46): error:  #20: identifier "Queue" is undefined
src\k_process.h(46): error:  #20: identifier "NUM_PRIORITIES" is undefined
src\k_process.h(47): error:  #20: identifier "Queue" is undefined
src\k_process.h(48): error:  #20: identifier "Queue" is undefined
compiling k_process.c...
src\k_process.c(298): warning:  #550-D: variable "ret_val" was set but never used
src\k_process.c(309): warning:  #550-D: variable "ret_val" was set but never used
src\k_process.c(471): warning:  #550-D: variable "ret_val" was set but never used
src\k_process.c(552): warning:  #550-D: variable "ret_val" was set but never used
src\k_process.c(577): warning:  #177-D: variable "ret_val" was declared but never referenced
src\k_process.c(580): warning:  #177-D: variable "sizemailbox" was declared but never referenced
src\k_process.c(621): warning:  #177-D: variable "ret_val" was declared but never referenced
src\k_process.c(627): warning:  #550-D: variable "g_send_char" was set but never used
compiling heap.c...
src\heap.h(22): error:  #20: identifier "U8" is undefined
src\heap.h(36): error:  #20: identifier "U32" is undefined
src\heap.h(37): error:  #20: identifier "U32" is undefined
src\k_memory.h(22): error:  #20: identifier "PCB" is undefined
src\k_memory.h(23): error:  #20: identifier "PROC_INIT" is undefined
src\k_memory.h(23): error:  #20: identifier "NUM_TEST_PROCS" is undefined
src\k_memory.h(23): error:  #20: identifier "NUM_SYS_PROCS" is undefined
src\k_memory.h(24): error:  #20: identifier "PCB" is undefined
src\k_memory.h(28): error:  #20: identifier "U32" is undefined
src\k_memory.h(28): error:  #20: identifier "U32" is undefined
src\k_process.h(25): error:  #20: identifier "PCB" is undefined
src\k_process.h(31): error:  #20: identifier "PCB" is undefined
src\k_process.h(43): error:  #20: identifier "U32" is undefined
src\k_process.h(43): error:  #20: identifier "U32" is undefined
src\k_process.h(46): error:  #20: identifier "Queue" is undefined
src\k_process.h(46): error:  #20: identifier "NUM_PRIORITIES" is undefined
src\k_process.h(47): error:  #20: identifier "Queue" is undefined
src\k_process.h(48): error:  #20: identifier "Queue" is undefined
compiling queue.c...
src\k_rtx.h(56): error:  #20: identifier "Queue" is undefined
src\k_process.h(46): error:  #20: identifier "Queue" is undefined
src\k_process.h(47): error:  #20: identifier "Queue" is undefined
src\k_process.h(48): error:  #20: identifier "Queue" is undefined
compiling envelope.c...
src\heap.h(22): error:  #20: identifier "U8" is undefined
src\heap.h(36): error:  #20: identifier "U32" is undefined
src\heap.h(37): error:  #20: identifier "U32" is undefined
src\k_memory.h(22): error:  #20: identifier "PCB" is undefined
src\k_memory.h(23): error:  #20: identifier "PROC_INIT" is undefined
src\k_memory.h(23): error:  #20: identifier "NUM_TEST_PROCS" is undefined
src\k_memory.h(23): error:  #20: identifier "NUM_SYS_PROCS" is undefined
src\k_memory.h(24): error:  #20: identifier "PCB" is undefined
src\k_memory.h(28): error:  #20: identifier "U32" is undefined
src\k_memory.h(28): error:  #20: identifier "U32" is undefined
src\k_process.h(25): error:  #20: identifier "PCB" is undefined
src\k_process.h(31): error:  #20: identifier "PCB" is undefined
src\k_process.h(43): error:  #20: identifier "U32" is undefined
src\k_process.h(43): error:  #20: identifier "U32" is undefined
src\k_process.h(46): error:  #20: identifier "Queue" is undefined
src\k_process.h(46): error:  #20: identifier "NUM_PRIORITIES" is undefined
src\k_process.h(47): error:  #20: identifier "Queue" is undefined
src\k_process.h(48): error:  #20: identifier "Queue" is undefined
src\envelope.c(28): error:  #132: expression must have pointer-to-struct-or-union type
src\envelope.c(54): error:  #132: expression must have pointer-to-struct-or-union type
src\envelope.c(55): error:  #132: expression must have pointer-to-struct-or-union type
src\envelope.c(57): error:  #132: expression must have pointer-to-struct-or-union type
src\envelope.c(61): error:  #132: expression must have pointer-to-struct-or-union type
src\envelope.c(90): error:  #132: expression must have pointer-to-struct-or-union type
compiling timer.c...
src\heap.h(22): error:  #20: identifier "U8" is undefined
src\heap.h(36): error:  #20: identifier "U32" is undefined
src\heap.h(37): error:  #20: identifier "U32" is undefined
src\k_memory.h(22): error:  #20: identifier "PCB" is undefined
src\k_memory.h(23): error:  #20: identifier "PROC_INIT" is undefined
src\k_memory.h(23): error:  #20: identifier "NUM_TEST_PROCS" is undefined
src\k_memory.h(23): error:  #20: identifier "NUM_SYS_PROCS" is undefined
src\k_memory.h(24): error:  #20: identifier "PCB" is undefined
src\k_memory.h(28): error:  #20: identifier "U32" is undefined
src\k_memory.h(28): error:  #20: identifier "U32" is undefined
src\k_process.h(25): error:  #20: identifier "PCB" is undefined
src\k_process.h(31): error:  #20: identifier "PCB" is undefined
src\k_process.h(43): error:  #20: identifier "U32" is undefined
src\k_process.h(43): error:  #20: identifier "U32" is undefined
src\k_process.h(46): error:  #20: identifier "Queue" is undefined
src\k_process.h(46): error:  #20: identifier "NUM_PRIORITIES" is undefined
src\k_process.h(47): error:  #20: identifier "Queue" is undefined
src\k_process.h(48): error:  #20: identifier "Queue" is undefined
compiling usr_proc.c...
src\k_rtx.h(56): error:  #20: identifier "Queue" is undefined
src\k_rtx.h(60): error:  #101: "proc_init" has already been declared in the current scope
src\k_rtx.h(66): error:  #256: invalid redeclaration of type name "PROC_INIT" (declared at line 37 of "src\rtx.h")
src\k_process.h(46): error:  #20: identifier "Queue" is undefined
src\k_process.h(47): error:  #20: identifier "Queue" is undefined
src\k_process.h(48): error:  #20: identifier "Queue" is undefined
src\k_process.h(50): error:  #147: declaration is incompatible with "int g_timer_count" (declared at line 11 of "src\usr_proc.h")
src\usr_proc.c(38): warning:  #167-D: argument of type "char *" is incompatible with parameter of type "unsigned char *"
src\usr_proc.c(254): warning:  #550-D: variable "ret_val" was set but never used
src\usr_proc.c(283): warning:  #550-D: variable "ret_val" was set but never used
src\usr_proc.c(328): warning:  #167-D: argument of type "char *" is incompatible with parameter of type "unsigned char *"
src\usr_proc.c(363): warning:  #223-D: function "atoi" declared implicitly
src\usr_proc.c(370): error:  #268: declaration may not appear after executable statement in block
src\usr_proc.c(382): error:  #167: argument of type "Queue" is incompatible with parameter of type "Queue *"
Target not created
Build target 'Context Switching SIM'
compiling uart_irq.c...
compiling k_rtx_init.c...
compiling k_memory.c...
compiling k_process.c...
src\k_process.c(298): warning:  #550-D: variable "ret_val" was set but never used
src\k_process.c(309): warning:  #550-D: variable "ret_val" was set but never used
src\k_process.c(471): warning:  #550-D: variable "ret_val" was set but never used
src\k_process.c(552): warning:  #550-D: variable "ret_val" was set but never used
src\k_process.c(577): warning:  #177-D: variable "ret_val" was declared but never referenced
src\k_process.c(580): warning:  #177-D: variable "sizemailbox" was declared but never referenced
src\k_process.c(621): warning:  #177-D: variable "ret_val" was declared but never referenced
src\k_process.c(627): warning:  #550-D: variable "g_send_char" was set but never used
compiling heap.c...
compiling queue.c...
compiling envelope.c...
compiling timer.c...
compiling usr_proc.c...
src\k_rtx.h(59): error:  #101: "proc_init" has already been declared in the current scope
src\k_rtx.h(65): error:  #256: invalid redeclaration of type name "PROC_INIT" (declared at line 37 of "src\rtx.h")
src\k_process.h(50): error:  #147: declaration is incompatible with "int g_timer_count" (declared at line 11 of "src\usr_proc.h")
src\usr_proc.c(38): warning:  #167-D: argument of type "char *" is incompatible with parameter of type "unsigned char *"
src\usr_proc.c(254): warning:  #550-D: variable "ret_val" was set but never used
src\usr_proc.c(283): warning:  #550-D: variable "ret_val" was set but never used
src\usr_proc.c(328): warning:  #167-D: argument of type "char *" is incompatible with parameter of type "unsigned char *"
src\usr_proc.c(363): warning:  #223-D: function "atoi" declared implicitly
src\usr_proc.c(370): error:  #268: declaration may not appear after executable statement in block
src\usr_proc.c(382): error:  #167: argument of type "Queue" is incompatible with parameter of type "Queue *"
Target not created
Rebuild target 'Context Switching SIM'
assembling startup_LPC17xx.s...
compiling system_LPC17xx.c...
compiling uart_polling.c...
compiling printf.c...
compiling main_svc.c...
compiling uart_irq.c...
compiling HAL.c...
compiling k_rtx_init.c...
compiling k_memory.c...
compiling k_process.c...
src\k_process.c(298): warning:  #550-D: variable "ret_val" was set but never used
src\k_process.c(309): warning:  #550-D: variable "ret_val" was set but never used
src\k_process.c(471): warning:  #550-D: variable "ret_val" was set but never used
src\k_process.c(552): warning:  #550-D: variable "ret_val" was set but never used
src\k_process.c(577): warning:  #177-D: variable "ret_val" was declared but never referenced
src\k_process.c(580): warning:  #177-D: variable "sizemailbox" was declared but never referenced
src\k_process.c(621): warning:  #177-D: variable "ret_val" was declared but never referenced
src\k_process.c(627): warning:  #550-D: variable "g_send_char" was set but never used
compiling heap.c...
compiling queue.c...
compiling envelope.c...
compiling timer.c...
compiling usr_proc.c...
src\q_queue.h(28): error:  #20: identifier "Message" is undefined
src\q_queue.h(29): error:  #20: identifier "Message" is undefined
src\usr_proc.c(38): warning:  #167-D: argument of type "char *" is incompatible with parameter of type "unsigned char *"
src\usr_proc.c(254): warning:  #550-D: variable "ret_val" was set but never used
src\usr_proc.c(283): warning:  #550-D: variable "ret_val" was set but never used
src\usr_proc.c(328): warning:  #167-D: argument of type "char *" is incompatible with parameter of type "unsigned char *"
src\usr_proc.c(363): warning:  #223-D: function "atoi" declared implicitly
src\usr_proc.c(370): error:  #268: declaration may not appear after executable statement in block
src\usr_proc.c(382): error:  #167: argument of type "Q_Queue" is incompatible with parameter of type "Q_Queue *"
Target not created
Rebuild target 'Context Switching SIM'
assembling startup_LPC17xx.s...
compiling system_LPC17xx.c...
compiling uart_polling.c...
compiling printf.c...
compiling main_svc.c...
compiling uart_irq.c...
compiling HAL.c...
compiling k_rtx_init.c...
compiling k_memory.c...
compiling k_process.c...
src\k_process.c(298): warning:  #550-D: variable "ret_val" was set but never used
src\k_process.c(309): warning:  #550-D: variable "ret_val" was set but never used
src\k_process.c(471): warning:  #550-D: variable "ret_val" was set but never used
src\k_process.c(552): warning:  #550-D: variable "ret_val" was set but never used
src\k_process.c(577): warning:  #177-D: variable "ret_val" was declared but never referenced
src\k_process.c(580): warning:  #177-D: variable "sizemailbox" was declared but never referenced
src\k_process.c(621): warning:  #177-D: variable "ret_val" was declared but never referenced
src\k_process.c(627): warning:  #550-D: variable "g_send_char" was set but never used
compiling heap.c...
compiling queue.c...
compiling envelope.c...
compiling timer.c...
compiling usr_proc.c...
src\q_queue.h(28): error:  #20: identifier "Message" is undefined
src\q_queue.h(29): error:  #20: identifier "Message" is undefined
src\usr_proc.c(38): warning:  #167-D: argument of type "char *" is incompatible with parameter of type "unsigned char *"
src\usr_proc.c(254): warning:  #550-D: variable "ret_val" was set but never used
src\usr_proc.c(283): warning:  #550-D: variable "ret_val" was set but never used
src\usr_proc.c(328): warning:  #167-D: argument of type "char *" is incompatible with parameter of type "unsigned char *"
src\usr_proc.c(363): warning:  #223-D: function "atoi" declared implicitly
src\usr_proc.c(370): error:  #268: declaration may not appear after executable statement in block
src\usr_proc.c(382): error:  #167: argument of type "Q_Queue" is incompatible with parameter of type "Q_Queue *"
compiling q_queue.c...
src\q_queue.h(28): error:  #20: identifier "Message" is undefined
src\q_queue.h(29): error:  #20: identifier "Message" is undefined
src\q_queue.c(15): error:  #20: identifier "NULL" is undefined
src\q_queue.c(23): error:  #20: identifier "NULL" is undefined
src\q_queue.c(31): error:  #136: struct "msg" has no field "prev"
src\q_queue.c(46): error:  #20: identifier "NULL" is undefined
src\q_queue.c(47): error:  #136: struct "msg" has no field "prev"
Target not created
Rebuild target 'Context Switching SIM'
assembling startup_LPC17xx.s...
compiling system_LPC17xx.c...
compiling uart_polling.c...
compiling printf.c...
compiling main_svc.c...
compiling uart_irq.c...
compiling HAL.c...
compiling k_rtx_init.c...
compiling k_memory.c...
compiling k_process.c...
src\k_process.c(298): warning:  #550-D: variable "ret_val" was set but never used
src\k_process.c(309): warning:  #550-D: variable "ret_val" was set but never used
src\k_process.c(471): warning:  #550-D: variable "ret_val" was set but never used
src\k_process.c(552): warning:  #550-D: variable "ret_val" was set but never used
src\k_process.c(577): warning:  #177-D: variable "ret_val" was declared but never referenced
src\k_process.c(580): warning:  #177-D: variable "sizemailbox" was declared but never referenced
src\k_process.c(621): warning:  #177-D: variable "ret_val" was declared but never referenced
src\k_process.c(627): warning:  #550-D: variable "g_send_char" was set but never used
compiling heap.c...
compiling queue.c...
compiling envelope.c...
compiling timer.c...
compiling usr_proc.c...
src\usr_proc.c(38): warning:  #167-D: argument of type "char *" is incompatible with parameter of type "unsigned char *"
src\usr_proc.c(254): warning:  #550-D: variable "ret_val" was set but never used
src\usr_proc.c(283): warning:  #550-D: variable "ret_val" was set but never used
src\usr_proc.c(328): warning:  #167-D: argument of type "char *" is incompatible with parameter of type "unsigned char *"
src\usr_proc.c(363): warning:  #223-D: function "atoi" declared implicitly
src\usr_proc.c(370): error:  #268: declaration may not appear after executable statement in block
src\usr_proc.c(382): error:  #167: argument of type "Q_Queue" is incompatible with parameter of type "Q_Queue *"
compiling q_queue.c...
src\q_queue.c(15): error:  #20: identifier "NULL" is undefined
src\q_queue.c(23): error:  #20: identifier "NULL" is undefined
src\q_queue.c(31): error:  #136: struct "msg" has no field "prev"
src\q_queue.c(46): error:  #20: identifier "NULL" is undefined
src\q_queue.c(47): error:  #136: struct "msg" has no field "prev"
Target not created
Build target 'Context Switching SIM'
compiling usr_proc.c...
src\usr_proc.c(38): warning:  #167-D: argument of type "char *" is incompatible with parameter of type "unsigned char *"
src\usr_proc.c(254): warning:  #550-D: variable "ret_val" was set but never used
src\usr_proc.c(283): warning:  #550-D: variable "ret_val" was set but never used
src\usr_proc.c(328): warning:  #167-D: argument of type "char *" is incompatible with parameter of type "unsigned char *"
src\usr_proc.c(363): warning:  #223-D: function "atoi" declared implicitly
src\usr_proc.c(383): error:  #167: argument of type "Q_Queue" is incompatible with parameter of type "Q_Queue *"
compiling q_queue.c...
src\q_queue.c(31): error:  #136: struct "msg" has no field "prev"
src\q_queue.c(47): error:  #136: struct "msg" has no field "prev"
Target not created
Build target 'Context Switching SIM'
compiling usr_proc.c...
src\q_queue.h(22): error:  #20: identifier "msg" is undefined
src\usr_proc.c(38): warning:  #167-D: argument of type "char *" is incompatible with parameter of type "unsigned char *"
src\usr_proc.c(254): warning:  #550-D: variable "ret_val" was set but never used
src\usr_proc.c(283): warning:  #550-D: variable "ret_val" was set but never used
src\usr_proc.c(328): warning:  #167-D: argument of type "char *" is incompatible with parameter of type "unsigned char *"
src\usr_proc.c(363): warning:  #223-D: function "atoi" declared implicitly
compiling q_queue.c...
src\q_queue.h(22): error:  #20: identifier "msg" is undefined
Target not created
Build target 'Context Switching SIM'
compiling usr_proc.c...
src\q_queue.h(22): error:  #20: identifier "msg" is undefined
src\q_queue.h(22): error:  #65: expected a ";"
src\q_queue.h(22): warning:  #381-D: extra ";" ignored
src\usr_proc.c(38): warning:  #167-D: argument of type "char *" is incompatible with parameter of type "unsigned char *"
src\usr_proc.c(254): warning:  #550-D: variable "ret_val" was set but never used
src\usr_proc.c(283): warning:  #550-D: variable "ret_val" was set but never used
src\usr_proc.c(328): warning:  #167-D: argument of type "char *" is incompatible with parameter of type "unsigned char *"
src\usr_proc.c(363): warning:  #223-D: function "atoi" declared implicitly
compiling q_queue.c...
src\q_queue.h(22): error:  #20: identifier "msg" is undefined
src\q_queue.h(22): error:  #65: expected a ";"
src\q_queue.h(22): warning:  #381-D: extra ";" ignored
Target not created
Build target 'Context Switching SIM'
compiling usr_proc.c...
src\q_queue.h(22): error:  #20: identifier "msg" is undefined
src\q_queue.h(22): error:  #65: expected a ";"
src\usr_proc.c(38): warning:  #167-D: argument of type "char *" is incompatible with parameter of type "unsigned char *"
src\usr_proc.c(254): warning:  #550-D: variable "ret_val" was set but never used
src\usr_proc.c(283): warning:  #550-D: variable "ret_val" was set but never used
src\usr_proc.c(328): warning:  #167-D: argument of type "char *" is incompatible with parameter of type "unsigned char *"
src\usr_proc.c(363): warning:  #223-D: function "atoi" declared implicitly
compiling q_queue.c...
src\q_queue.h(22): error:  #20: identifier "msg" is undefined
src\q_queue.h(22): error:  #65: expected a ";"
Target not created
Build target 'Context Switching SIM'
compiling usr_proc.c...
src\q_queue.h(22): error:  #65: expected a ";"
src\usr_proc.c(38): warning:  #167-D: argument of type "char *" is incompatible with parameter of type "unsigned char *"
src\usr_proc.c(254): warning:  #550-D: variable "ret_val" was set but never used
src\usr_proc.c(283): warning:  #550-D: variable "ret_val" was set but never used
src\usr_proc.c(328): warning:  #167-D: argument of type "char *" is incompatible with parameter of type "unsigned char *"
src\usr_proc.c(363): warning:  #223-D: function "atoi" declared implicitly
compiling q_queue.c...
src\q_queue.h(22): error:  #65: expected a ";"
Target not created
Build target 'Context Switching SIM'
compiling usr_proc.c...
src\usr_proc.c(38): warning:  #167-D: argument of type "char *" is incompatible with parameter of type "unsigned char *"
src\usr_proc.c(254): warning:  #550-D: variable "ret_val" was set but never used
src\usr_proc.c(283): warning:  #550-D: variable "ret_val" was set but never used
src\usr_proc.c(328): warning:  #167-D: argument of type "char *" is incompatible with parameter of type "unsigned char *"
src\usr_proc.c(363): warning:  #223-D: function "atoi" declared implicitly
compiling q_queue.c...
linking...
context_switching.axf: Error: L6200E: Symbol q_init multiply defined (by q_queue.o and queue.o).
context_switching.axf: Error: L6200E: Symbol q_push multiply defined (by q_queue.o and queue.o).
context_switching.axf: Error: L6200E: Symbol q_pop multiply defined (by q_queue.o and queue.o).
Target not created
Build target 'Context Switching SIM'
compiling usr_proc.c...
src\usr_proc.c(38): warning:  #167-D: argument of type "char *" is incompatible with parameter of type "unsigned char *"
src\usr_proc.c(254): warning:  #550-D: variable "ret_val" was set but never used
src\usr_proc.c(283): warning:  #550-D: variable "ret_val" was set but never used
src\usr_proc.c(328): warning:  #167-D: argument of type "char *" is incompatible with parameter of type "unsigned char *"
src\usr_proc.c(351): warning:  #223-D: function "q_init" declared implicitly
src\usr_proc.c(359): warning:  #223-D: function "q_pop" declared implicitly
src\usr_proc.c(363): warning:  #223-D: function "atoi" declared implicitly
src\usr_proc.c(383): warning:  #223-D: function "q_push" declared implicitly
compiling q_queue.c...
linking...
Program Size: Code=9464 RO-data=236 RW-data=80 ZI-data=1336  
"context_switching.axf" - 0 Error(s), 8 Warning(s).
Build target 'Context Switching SIM'
compiling q_queue.c...
linking...
Program Size: Code=9464 RO-data=236 RW-data=80 ZI-data=1336  
"context_switching.axf" - 0 Error(s), 0 Warning(s).
Load "N:\\SE-350-Lab-c381ba068ffbf91446d6d36a242f63c2a9743ca9\\LAB 3\\context_switching.AXF" 
Erase Done.
Programming Done.
Verify OK.
Build target 'Context Switching SIM'
compiling k_process.c...
src\k_process.c(298): warning:  #550-D: variable "ret_val" was set but never used
src\k_process.c(309): warning:  #550-D: variable "ret_val" was set but never used
src\k_process.c(471): warning:  #550-D: variable "ret_val" was set but never used
src\k_process.c(552): warning:  #550-D: variable "ret_val" was set but never used
src\k_process.c(577): warning:  #177-D: variable "ret_val" was declared but never referenced
src\k_process.c(580): warning:  #177-D: variable "sizemailbox" was declared but never referenced
src\k_process.c(621): warning:  #177-D: variable "ret_val" was declared but never referenced
src\k_process.c(627): warning:  #550-D: variable "g_send_char" was set but never used
linking...
Program Size: Code=9464 RO-data=236 RW-data=80 ZI-data=1336  
"context_switching.axf" - 0 Error(s), 8 Warning(s).
Load "N:\\SE-350-Lab-c381ba068ffbf91446d6d36a242f63c2a9743ca9\\LAB 3\\context_switching.AXF" 
Erase Done.
Programming Done.
Verify OK.
Rebuild target 'Context Switching SIM'
assembling startup_LPC17xx.s...
compiling system_LPC17xx.c...
compiling uart_polling.c...
compiling printf.c...
compiling main_svc.c...
compiling uart_irq.c...
compiling HAL.c...
compiling k_rtx_init.c...
compiling k_memory.c...
compiling k_process.c...
src\k_process.c(298): warning:  #550-D: variable "ret_val" was set but never used
src\k_process.c(309): warning:  #550-D: variable "ret_val" was set but never used
src\k_process.c(471): warning:  #550-D: variable "ret_val" was set but never used
src\k_process.c(552): warning:  #550-D: variable "ret_val" was set but never used
src\k_process.c(577): warning:  #177-D: variable "ret_val" was declared but never referenced
src\k_process.c(580): warning:  #177-D: variable "sizemailbox" was declared but never referenced
src\k_process.c(621): warning:  #177-D: variable "ret_val" was declared but never referenced
src\k_process.c(627): warning:  #550-D: variable "g_send_char" was set but never used
compiling heap.c...
compiling queue.c...
compiling envelope.c...
compiling timer.c...
compiling usr_proc.c...
src\usr_proc.c(38): warning:  #167-D: argument of type "char *" is incompatible with parameter of type "unsigned char *"
src\usr_proc.c(254): warning:  #550-D: variable "ret_val" was set but never used
src\usr_proc.c(283): warning:  #550-D: variable "ret_val" was set but never used
src\usr_proc.c(328): warning:  #167-D: argument of type "char *" is incompatible with parameter of type "unsigned char *"
src\usr_proc.c(351): warning:  #223-D: function "q_init" declared implicitly
src\usr_proc.c(359): warning:  #223-D: function "q_pop" declared implicitly
src\usr_proc.c(363): warning:  #223-D: function "atoi" declared implicitly
src\usr_proc.c(383): warning:  #223-D: function "q_push" declared implicitly
compiling q_queue.c...
linking...
Program Size: Code=9660 RO-data=332 RW-data=80 ZI-data=1336  
"context_switching.axf" - 0 Error(s), 16 Warning(s).
Load "N:\\SE-350-Lab-c381ba068ffbf91446d6d36a242f63c2a9743ca9\\LAB 3\\context_switching.AXF" 
Erase Done.
Programming Done.
Verify OK.
Rebuild target 'Context Switching SIM'
assembling startup_LPC17xx.s...
compiling system_LPC17xx.c...
compiling uart_polling.c...
compiling printf.c...
compiling main_svc.c...
compiling uart_irq.c...
compiling HAL.c...
compiling k_rtx_init.c...
compiling k_memory.c...
compiling k_process.c...
src\k_process.c(298): warning:  #550-D: variable "ret_val" was set but never used
src\k_process.c(309): warning:  #550-D: variable "ret_val" was set but never used
src\k_process.c(514): warning:  #223-D: function "atoi" declared implicitly
src\k_process.c(471): warning:  #550-D: variable "ret_val" was set but never used
src\k_process.c(552): warning:  #550-D: variable "ret_val" was set but never used
src\k_process.c(577): warning:  #177-D: variable "ret_val" was declared but never referenced
src\k_process.c(580): warning:  #177-D: variable "sizemailbox" was declared but never referenced
src\k_process.c(621): warning:  #177-D: variable "ret_val" was declared but never referenced
src\k_process.c(627): warning:  #550-D: variable "g_send_char" was set but never used
compiling heap.c...
compiling queue.c...
compiling envelope.c...
compiling timer.c...
compiling usr_proc.c...
src\usr_proc.c(38): warning:  #167-D: argument of type "char *" is incompatible with parameter of type "unsigned char *"
src\usr_proc.c(254): warning:  #550-D: variable "ret_val" was set but never used
src\usr_proc.c(283): warning:  #550-D: variable "ret_val" was set but never used
src\usr_proc.c(328): warning:  #167-D: argument of type "char *" is incompatible with parameter of type "unsigned char *"
src\usr_proc.c(351): warning:  #223-D: function "q_init" declared implicitly
src\usr_proc.c(359): warning:  #223-D: function "q_pop" declared implicitly
src\usr_proc.c(363): warning:  #223-D: function "atoi" declared implicitly
src\usr_proc.c(383): warning:  #223-D: function "q_push" declared implicitly
compiling q_queue.c...
linking...
Program Size: Code=9676 RO-data=332 RW-data=80 ZI-data=1336  
"context_switching.axf" - 0 Error(s), 17 Warning(s).
Load "N:\\SE-350-Lab-c381ba068ffbf91446d6d36a242f63c2a9743ca9\\LAB 3\\context_switching.AXF" 
Erase Done.
Programming Done.
Verify OK.
Rebuild target 'Context Switching SIM'
assembling startup_LPC17xx.s...
compiling system_LPC17xx.c...
compiling uart_polling.c...
compiling printf.c...
compiling main_svc.c...
compiling uart_irq.c...
compiling HAL.c...
compiling k_rtx_init.c...
compiling k_memory.c...
compiling k_process.c...
src\k_process.c(298): warning:  #550-D: variable "ret_val" was set but never used
src\k_process.c(309): warning:  #550-D: variable "ret_val" was set but never used
src\k_process.c(514): warning:  #223-D: function "atoi" declared implicitly
src\k_process.c(471): warning:  #550-D: variable "ret_val" was set but never used
src\k_process.c(552): warning:  #550-D: variable "ret_val" was set but never used
src\k_process.c(577): warning:  #177-D: variable "ret_val" was declared but never referenced
src\k_process.c(580): warning:  #177-D: variable "sizemailbox" was declared but never referenced
src\k_process.c(621): warning:  #177-D: variable "ret_val" was declared but never referenced
src\k_process.c(627): warning:  #550-D: variable "g_send_char" was set but never used
compiling heap.c...
compiling queue.c...
compiling envelope.c...
compiling timer.c...
compiling usr_proc.c...
src\usr_proc.c(38): warning:  #167-D: argument of type "char *" is incompatible with parameter of type "unsigned char *"
src\usr_proc.c(254): warning:  #550-D: variable "ret_val" was set but never used
src\usr_proc.c(283): warning:  #550-D: variable "ret_val" was set but never used
src\usr_proc.c(328): warning:  #167-D: argument of type "char *" is incompatible with parameter of type "unsigned char *"
src\usr_proc.c(351): warning:  #223-D: function "q_init" declared implicitly
src\usr_proc.c(359): warning:  #223-D: function "q_pop" declared implicitly
src\usr_proc.c(363): warning:  #223-D: function "atoi" declared implicitly
src\usr_proc.c(383): warning:  #223-D: function "q_push" declared implicitly
compiling q_queue.c...
linking...
Program Size: Code=9676 RO-data=332 RW-data=80 ZI-data=1336  
"context_switching.axf" - 0 Error(s), 17 Warning(s).
Rebuild target 'Context Switching SIM'
assembling startup_LPC17xx.s...
compiling system_LPC17xx.c...
compiling uart_polling.c...
compiling printf.c...
compiling main_svc.c...
compiling uart_irq.c...
compiling HAL.c...
compiling k_rtx_init.c...
compiling k_memory.c...
compiling k_process.c...
src\k_process.c(298): warning:  #550-D: variable "ret_val" was set but never used
src\k_process.c(309): warning:  #550-D: variable "ret_val" was set but never used
src\k_process.c(471): warning:  #550-D: variable "ret_val" was set but never used
src\k_process.c(552): warning:  #550-D: variable "ret_val" was set but never used
src\k_process.c(577): warning:  #177-D: variable "ret_val" was declared but never referenced
src\k_process.c(580): warning:  #177-D: variable "sizemailbox" was declared but never referenced
src\k_process.c(621): warning:  #177-D: variable "ret_val" was declared but never referenced
src\k_process.c(627): warning:  #550-D: variable "g_send_char" was set but never used
compiling heap.c...
compiling queue.c...
compiling envelope.c...
compiling timer.c...
compiling usr_proc.c...
src\usr_proc.c(38): warning:  #167-D: argument of type "char *" is incompatible with parameter of type "unsigned char *"
src\usr_proc.c(254): warning:  #550-D: variable "ret_val" was set but never used
src\usr_proc.c(283): warning:  #550-D: variable "ret_val" was set but never used
src\usr_proc.c(328): warning:  #167-D: argument of type "char *" is incompatible with parameter of type "unsigned char *"
src\usr_proc.c(351): warning:  #223-D: function "q_init" declared implicitly
src\usr_proc.c(359): warning:  #223-D: function "q_pop" declared implicitly
src\usr_proc.c(363): warning:  #223-D: function "atoi" declared implicitly
src\usr_proc.c(383): warning:  #223-D: function "q_push" declared implicitly
compiling q_queue.c...
linking...
Program Size: Code=9660 RO-data=332 RW-data=80 ZI-data=1336  
"context_switching.axf" - 0 Error(s), 16 Warning(s).
Rebuild target 'Context Switching SIM'
assembling startup_LPC17xx.s...
compiling system_LPC17xx.c...
compiling uart_polling.c...
compiling printf.c...
compiling main_svc.c...
compiling uart_irq.c...
compiling HAL.c...
compiling k_rtx_init.c...
compiling k_memory.c...
compiling k_process.c...
src\k_process.c(298): warning:  #550-D: variable "ret_val" was set but never used
src\k_process.c(309): warning:  #550-D: variable "ret_val" was set but never used
src\k_process.c(471): warning:  #550-D: variable "ret_val" was set but never used
src\k_process.c(552): warning:  #550-D: variable "ret_val" was set but never used
src\k_process.c(577): warning:  #177-D: variable "ret_val" was declared but never referenced
src\k_process.c(580): warning:  #177-D: variable "sizemailbox" was declared but never referenced
src\k_process.c(621): warning:  #177-D: variable "ret_val" was declared but never referenced
src\k_process.c(627): warning:  #550-D: variable "g_send_char" was set but never used
compiling heap.c...
compiling queue.c...
compiling envelope.c...
compiling timer.c...
compiling usr_proc.c...
src\usr_proc.c(38): warning:  #167-D: argument of type "char *" is incompatible with parameter of type "unsigned char *"
src\usr_proc.c(254): warning:  #550-D: variable "ret_val" was set but never used
src\usr_proc.c(283): warning:  #550-D: variable "ret_val" was set but never used
src\usr_proc.c(328): warning:  #167-D: argument of type "char *" is incompatible with parameter of type "unsigned char *"
src\usr_proc.c(351): warning:  #223-D: function "q_init" declared implicitly
src\usr_proc.c(359): warning:  #223-D: function "q_pop" declared implicitly
src\usr_proc.c(363): warning:  #223-D: function "atoi" declared implicitly
src\usr_proc.c(383): warning:  #223-D: function "q_push" declared implicitly
compiling q_queue.c...
linking...
Program Size: Code=9660 RO-data=332 RW-data=80 ZI-data=1336  
"context_switching.axf" - 0 Error(s), 16 Warning(s).
Build target 'Context Switching SIM'
compiling k_process.c...
src\k_process.c(298): warning:  #550-D: variable "ret_val" was set but never used
src\k_process.c(309): warning:  #550-D: variable "ret_val" was set but never used
src\k_process.c(471): warning:  #550-D: variable "ret_val" was set but never used
src\k_process.c(554): warning:  #550-D: variable "ret_val" was set but never used
src\k_process.c(579): warning:  #177-D: variable "ret_val" was declared but never referenced
src\k_process.c(582): warning:  #177-D: variable "sizemailbox" was declared but never referenced
src\k_process.c(623): warning:  #177-D: variable "ret_val" was declared but never referenced
src\k_process.c(629): warning:  #550-D: variable "g_send_char" was set but never used
linking...
Program Size: Code=9676 RO-data=332 RW-data=80 ZI-data=1336  
"context_switching.axf" - 0 Error(s), 8 Warning(s).
Load "N:\\SE-350-Lab-c381ba068ffbf91446d6d36a242f63c2a9743ca9\\LAB 3\\context_switching.AXF" 
Erase Done.
Programming Done.
Verify OK.
Rebuild target 'Context Switching SIM'
assembling startup_LPC17xx.s...
compiling system_LPC17xx.c...
compiling uart_polling.c...
compiling printf.c...
compiling main_svc.c...
compiling uart_irq.c...
compiling HAL.c...
compiling k_rtx_init.c...
compiling k_memory.c...
compiling k_process.c...
src\k_process.c(298): warning:  #550-D: variable "ret_val" was set but never used
src\k_process.c(309): warning:  #550-D: variable "ret_val" was set but never used
src\k_process.c(471): warning:  #550-D: variable "ret_val" was set but never used
src\k_process.c(556): warning:  #550-D: variable "ret_val" was set but never used
src\k_process.c(581): warning:  #177-D: variable "ret_val" was declared but never referenced
src\k_process.c(584): warning:  #177-D: variable "sizemailbox" was declared but never referenced
src\k_process.c(625): warning:  #177-D: variable "ret_val" was declared but never referenced
src\k_process.c(631): warning:  #550-D: variable "g_send_char" was set but never used
compiling heap.c...
compiling queue.c...
compiling envelope.c...
compiling timer.c...
compiling usr_proc.c...
src\usr_proc.c(38): warning:  #167-D: argument of type "char *" is incompatible with parameter of type "unsigned char *"
src\usr_proc.c(254): warning:  #550-D: variable "ret_val" was set but never used
src\usr_proc.c(283): warning:  #550-D: variable "ret_val" was set but never used
src\usr_proc.c(328): warning:  #167-D: argument of type "char *" is incompatible with parameter of type "unsigned char *"
src\usr_proc.c(351): warning:  #223-D: function "q_init" declared implicitly
src\usr_proc.c(359): warning:  #223-D: function "q_pop" declared implicitly
src\usr_proc.c(363): warning:  #223-D: function "atoi" declared implicitly
src\usr_proc.c(383): warning:  #223-D: function "q_push" declared implicitly
compiling q_queue.c...
linking...
Program Size: Code=9688 RO-data=332 RW-data=80 ZI-data=1336  
"context_switching.axf" - 0 Error(s), 16 Warning(s).
Load "N:\\SE-350-Lab-c381ba068ffbf91446d6d36a242f63c2a9743ca9\\LAB 3\\context_switching.AXF" 
Erase Done.
Programming Done.
Verify OK.
Build target 'Context Switching SIM'
compiling k_process.c...
src\k_process.c(298): warning:  #550-D: variable "ret_val" was set but never used
src\k_process.c(309): warning:  #550-D: variable "ret_val" was set but never used
src\k_process.c(477): warning:  #223-D: function "atomic" declared implicitly
src\k_process.c(471): warning:  #550-D: variable "ret_val" was set but never used
src\k_process.c(557): warning:  #550-D: variable "ret_val" was set but never used
src\k_process.c(582): warning:  #177-D: variable "ret_val" was declared but never referenced
src\k_process.c(585): warning:  #177-D: variable "sizemailbox" was declared but never referenced
src\k_process.c(626): warning:  #177-D: variable "ret_val" was declared but never referenced
src\k_process.c(632): warning:  #550-D: variable "g_send_char" was set but never used
linking...
context_switching.axf: Error: L6218E: Undefined symbol atomic (referred from k_process.o).
Target not created
Build target 'Context Switching SIM'
compiling k_process.c...
src\k_process.c(298): warning:  #550-D: variable "ret_val" was set but never used
src\k_process.c(309): warning:  #550-D: variable "ret_val" was set but never used
src\k_process.c(471): warning:  #550-D: variable "ret_val" was set but never used
src\k_process.c(555): warning:  #550-D: variable "ret_val" was set but never used
src\k_process.c(580): warning:  #177-D: variable "ret_val" was declared but never referenced
src\k_process.c(583): warning:  #177-D: variable "sizemailbox" was declared but never referenced
src\k_process.c(624): warning:  #177-D: variable "ret_val" was declared but never referenced
src\k_process.c(630): warning:  #550-D: variable "g_send_char" was set but never used
linking...
Program Size: Code=9688 RO-data=332 RW-data=80 ZI-data=1336  
"context_switching.axf" - 0 Error(s), 8 Warning(s).
Build target 'Context Switching SIM'
compiling k_process.c...
src\k_process.c(298): warning:  #550-D: variable "ret_val" was set but never used
src\k_process.c(309): warning:  #550-D: variable "ret_val" was set but never used
src\k_process.c(528): warning:  #223-D: function "atomic_off" declared implicitly
src\k_process.c(471): warning:  #550-D: variable "ret_val" was set but never used
src\k_process.c(558): warning:  #550-D: variable "ret_val" was set but never used
src\k_process.c(583): warning:  #177-D: variable "ret_val" was declared but never referenced
src\k_process.c(586): warning:  #177-D: variable "sizemailbox" was declared but never referenced
src\k_process.c(627): warning:  #177-D: variable "ret_val" was declared but never referenced
src\k_process.c(633): warning:  #550-D: variable "g_send_char" was set but never used
linking...
Program Size: Code=9692 RO-data=332 RW-data=80 ZI-data=1336  
"context_switching.axf" - 0 Error(s), 9 Warning(s).
Load "N:\\SE-350-Lab-c381ba068ffbf91446d6d36a242f63c2a9743ca9\\LAB 3\\context_switching.AXF" 
Erase Done.
Programming Done.
Verify OK.
Build target 'Context Switching SIM'
compiling k_process.c...
src\k_process.c(298): warning:  #550-D: variable "ret_val" was set but never used
src\k_process.c(309): warning:  #550-D: variable "ret_val" was set but never used
src\k_process.c(532): warning:  #223-D: function "atomic_off" declared implicitly
src\k_process.c(471): warning:  #550-D: variable "ret_val" was set but never used
src\k_process.c(562): warning:  #550-D: variable "ret_val" was set but never used
src\k_process.c(587): warning:  #177-D: variable "ret_val" was declared but never referenced
src\k_process.c(590): warning:  #177-D: variable "sizemailbox" was declared but never referenced
src\k_process.c(631): warning:  #177-D: variable "ret_val" was declared but never referenced
src\k_process.c(637): warning:  #550-D: variable "g_send_char" was set but never used
linking...
Program Size: Code=9724 RO-data=332 RW-data=80 ZI-data=1336  
"context_switching.axf" - 0 Error(s), 9 Warning(s).
Load "N:\\SE-350-Lab-c381ba068ffbf91446d6d36a242f63c2a9743ca9\\LAB 3\\context_switching.AXF" 
Erase Done.
Programming Done.
Verify OK.
Build target 'Context Switching SIM'
compiling k_process.c...
src\k_process.c(298): warning:  #550-D: variable "ret_val" was set but never used
src\k_process.c(309): warning:  #550-D: variable "ret_val" was set but never used
src\k_process.c(530): error:  #513: a value of type "int" cannot be assigned to an entity of type "char *"
src\k_process.c(532): warning:  #223-D: function "atomic_off" declared implicitly
src\k_process.c(471): warning:  #550-D: variable "ret_val" was set but never used
src\k_process.c(562): warning:  #550-D: variable "ret_val" was set but never used
src\k_process.c(587): warning:  #177-D: variable "ret_val" was declared but never referenced
src\k_process.c(590): warning:  #177-D: variable "sizemailbox" was declared but never referenced
src\k_process.c(631): warning:  #177-D: variable "ret_val" was declared but never referenced
src\k_process.c(637): warning:  #550-D: variable "g_send_char" was set but never used
Target not created
Load "N:\\SE-350-Lab-c381ba068ffbf91446d6d36a242f63c2a9743ca9\\LAB 3\\context_switching.AXF" 
_____^
*** error 56: cannot open file
Build target 'Context Switching SIM'
compiling k_process.c...
src\k_process.c(298): warning:  #550-D: variable "ret_val" was set but never used
src\k_process.c(309): warning:  #550-D: variable "ret_val" was set but never used
src\k_process.c(530): error:  #513: a value of type "int" cannot be assigned to an entity of type "char *"
src\k_process.c(532): warning:  #223-D: function "atomic_off" declared implicitly
src\k_process.c(471): warning:  #550-D: variable "ret_val" was set but never used
src\k_process.c(562): warning:  #550-D: variable "ret_val" was set but never used
src\k_process.c(587): warning:  #177-D: variable "ret_val" was declared but never referenced
src\k_process.c(590): warning:  #177-D: variable "sizemailbox" was declared but never referenced
src\k_process.c(631): warning:  #177-D: variable "ret_val" was declared but never referenced
src\k_process.c(637): warning:  #550-D: variable "g_send_char" was set but never used
Target not created
Build target 'Context Switching SIM'
compiling k_process.c...
src\k_process.c(298): warning:  #550-D: variable "ret_val" was set but never used
src\k_process.c(309): warning:  #550-D: variable "ret_val" was set but never used
src\k_process.c(529): warning:  #223-D: function "atomic_off" declared implicitly
src\k_process.c(471): warning:  #550-D: variable "ret_val" was set but never used
src\k_process.c(559): warning:  #550-D: variable "ret_val" was set but never used
src\k_process.c(584): warning:  #177-D: variable "ret_val" was declared but never referenced
src\k_process.c(587): warning:  #177-D: variable "sizemailbox" was declared but never referenced
src\k_process.c(628): warning:  #177-D: variable "ret_val" was declared but never referenced
src\k_process.c(634): warning:  #550-D: variable "g_send_char" was set but never used
linking...
Program Size: Code=9700 RO-data=332 RW-data=80 ZI-data=1336  
"context_switching.axf" - 0 Error(s), 9 Warning(s).
Load "N:\\SE-350-Lab-c381ba068ffbf91446d6d36a242f63c2a9743ca9\\LAB 3\\context_switching.AXF" 
Erase Done.
Programming Done.
Verify OK.
