<html>
<body>
<pre>
<h1>µVision Build Log</h1>
<h2>Project:</h2>
N:\SE350\SE-350-Lab\SE-350-Lab\LAB 2\context_switching.uvproj
Project File Date:  03/12/2014

<h2>Output:</h2>
Rebuild target 'Context Switching SIM'
assembling startup_LPC17xx.s...
compiling system_LPC17xx.c...
compiling uart_polling.c...
compiling printf.c...
compiling main_svc.c...
compiling uart_irq.c...
compiling HAL.c...
compiling k_rtx_init.c...
compiling k_memory.c...
compiling k_process.c...
src\k_process.c(334): warning:  #177-D: variable "input" was declared but never referenced
src\k_process.c(328): warning:  #550-D: variable "ret_val" was set but never used
src\k_process.c(353): warning:  #550-D: variable "ret_val" was set but never used
src\k_process.c(380): warning:  #177-D: variable "ret_val" was declared but never referenced
src\k_process.c(402): warning:  #177-D: variable "ret_val" was declared but never referenced
src\k_process.c(408): warning:  #550-D: variable "g_send_char" was set but never used
compiling heap.c...
compiling queue.c...
compiling envelope.c...
compiling timer.c...
compiling usr_proc.c...
linking...
Program Size: Code=7688 RO-data=412 RW-data=56 ZI-data=1064  
"context_switching.axf" - 0 Error(s), 6 Warning(s).
Load "N:\\SE350\\SE-350-Lab\\SE-350-Lab\\LAB 2\\context_switching.AXF" 
Erase Done.
Programming Done.
Verify OK.
Rebuild target 'Context Switching SIM'
assembling startup_LPC17xx.s...
compiling system_LPC17xx.c...
compiling uart_polling.c...
compiling printf.c...
compiling main_svc.c...
compiling uart_irq.c...
compiling HAL.c...
compiling k_rtx_init.c...
compiling k_memory.c...
compiling k_process.c...
src\k_process.c(334): warning:  #177-D: variable "input" was declared but never referenced
src\k_process.c(328): warning:  #550-D: variable "ret_val" was set but never used
src\k_process.c(353): warning:  #550-D: variable "ret_val" was set but never used
src\k_process.c(380): warning:  #177-D: variable "ret_val" was declared but never referenced
src\k_process.c(402): warning:  #177-D: variable "ret_val" was declared but never referenced
src\k_process.c(408): warning:  #550-D: variable "g_send_char" was set but never used
compiling heap.c...
compiling queue.c...
compiling envelope.c...
compiling timer.c...
compiling usr_proc.c...
linking...
Program Size: Code=7688 RO-data=412 RW-data=56 ZI-data=1064  
"context_switching.axf" - 0 Error(s), 6 Warning(s).
Load "N:\\SE350\\SE-350-Lab\\SE-350-Lab\\LAB 2\\context_switching.AXF" 
Erase Done.
Programming Done.
Verify OK.
Rebuild target 'Context Switching SIM'
assembling startup_LPC17xx.s...
compiling system_LPC17xx.c...
compiling uart_polling.c...
compiling printf.c...
compiling main_svc.c...
compiling uart_irq.c...
compiling HAL.c...
compiling k_rtx_init.c...
compiling k_memory.c...
compiling k_process.c...
src\k_process.c(334): warning:  #177-D: variable "input" was declared but never referenced
src\k_process.c(328): warning:  #550-D: variable "ret_val" was set but never used
src\k_process.c(353): warning:  #550-D: variable "ret_val" was set but never used
src\k_process.c(380): warning:  #177-D: variable "ret_val" was declared but never referenced
src\k_process.c(402): warning:  #177-D: variable "ret_val" was declared but never referenced
src\k_process.c(408): warning:  #550-D: variable "g_send_char" was set but never used
compiling heap.c...
compiling queue.c...
compiling envelope.c...
compiling timer.c...
compiling usr_proc.c...
linking...
Program Size: Code=7688 RO-data=412 RW-data=56 ZI-data=1064  
"context_switching.axf" - 0 Error(s), 6 Warning(s).
Load "N:\\SE350\\SE-350-Lab\\SE-350-Lab\\LAB 2\\context_switching.AXF" 
Erase Done.
Programming Done.
Verify OK.
Rebuild target 'Context Switching SIM'
assembling startup_LPC17xx.s...
compiling system_LPC17xx.c...
compiling uart_polling.c...
compiling printf.c...
compiling main_svc.c...
compiling uart_irq.c...
compiling HAL.c...
compiling k_rtx_init.c...
compiling k_memory.c...
compiling k_process.c...
src\k_process.c(334): warning:  #177-D: variable "input" was declared but never referenced
src\k_process.c(328): warning:  #550-D: variable "ret_val" was set but never used
src\k_process.c(353): warning:  #550-D: variable "ret_val" was set but never used
src\k_process.c(380): warning:  #177-D: variable "ret_val" was declared but never referenced
src\k_process.c(402): warning:  #177-D: variable "ret_val" was declared but never referenced
src\k_process.c(408): warning:  #550-D: variable "g_send_char" was set but never used
compiling heap.c...
compiling queue.c...
compiling envelope.c...
compiling timer.c...
compiling usr_proc.c...
linking...
Program Size: Code=7688 RO-data=412 RW-data=56 ZI-data=1064  
"context_switching.axf" - 0 Error(s), 6 Warning(s).
Rebuild target 'Context Switching SIM'
assembling startup_LPC17xx.s...
compiling system_LPC17xx.c...
compiling uart_polling.c...
compiling printf.c...
compiling main_svc.c...
compiling uart_irq.c...
compiling HAL.c...
compiling k_rtx_init.c...
compiling k_memory.c...
compiling k_process.c...
src\k_process.c(334): warning:  #177-D: variable "input" was declared but never referenced
src\k_process.c(328): warning:  #550-D: variable "ret_val" was set but never used
src\k_process.c(353): warning:  #550-D: variable "ret_val" was set but never used
src\k_process.c(380): warning:  #177-D: variable "ret_val" was declared but never referenced
src\k_process.c(402): warning:  #177-D: variable "ret_val" was declared but never referenced
src\k_process.c(408): warning:  #550-D: variable "g_send_char" was set but never used
compiling heap.c...
compiling queue.c...
compiling envelope.c...
compiling timer.c...
compiling usr_proc.c...
linking...
Program Size: Code=7624 RO-data=412 RW-data=56 ZI-data=1064  
"context_switching.axf" - 0 Error(s), 6 Warning(s).
Load "N:\\SE350\\SE-350-Lab\\SE-350-Lab\\LAB 2\\context_switching.AXF" 
Erase Done.
Programming Done.
Verify OK.
Load "N:\\SE350\\SE-350-Lab\\SE-350-Lab\\LAB 2\\context_switching.AXF" 
Erase Done.
Programming Done.
Verify OK.
Rebuild target 'Context Switching SIM'
assembling startup_LPC17xx.s...
compiling system_LPC17xx.c...
compiling uart_polling.c...
compiling printf.c...
compiling main_svc.c...
compiling uart_irq.c...
compiling HAL.c...
compiling k_rtx_init.c...
compiling k_memory.c...
compiling k_process.c...
src\k_process.c(334): warning:  #177-D: variable "input" was declared but never referenced
src\k_process.c(328): warning:  #550-D: variable "ret_val" was set but never used
src\k_process.c(353): warning:  #550-D: variable "ret_val" was set but never used
src\k_process.c(380): warning:  #177-D: variable "ret_val" was declared but never referenced
src\k_process.c(402): warning:  #177-D: variable "ret_val" was declared but never referenced
src\k_process.c(408): warning:  #550-D: variable "g_send_char" was set but never used
compiling heap.c...
compiling queue.c...
compiling envelope.c...
compiling timer.c...
compiling usr_proc.c...
linking...
Program Size: Code=7672 RO-data=412 RW-data=56 ZI-data=1064  
"context_switching.axf" - 0 Error(s), 6 Warning(s).
Load "N:\\SE350\\SE-350-Lab\\SE-350-Lab\\LAB 2\\context_switching.AXF" 
Erase Done.
Programming Done.
Verify OK.
Load "N:\\SE350\\SE-350-Lab\\SE-350-Lab\\LAB 2\\context_switching.AXF" 
Erase Done.
Programming Done.
Verify OK.
Rebuild target 'Context Switching SIM'
assembling startup_LPC17xx.s...
compiling system_LPC17xx.c...
compiling uart_polling.c...
compiling printf.c...
compiling main_svc.c...
compiling uart_irq.c...
compiling HAL.c...
compiling k_rtx_init.c...
compiling k_memory.c...
compiling k_process.c...
src\k_process.c(334): warning:  #177-D: variable "input" was declared but never referenced
src\k_process.c(328): warning:  #550-D: variable "ret_val" was set but never used
src\k_process.c(353): warning:  #550-D: variable "ret_val" was set but never used
src\k_process.c(380): warning:  #177-D: variable "ret_val" was declared but never referenced
src\k_process.c(402): warning:  #177-D: variable "ret_val" was declared but never referenced
src\k_process.c(408): warning:  #550-D: variable "g_send_char" was set but never used
compiling heap.c...
compiling queue.c...
compiling envelope.c...
compiling timer.c...
compiling usr_proc.c...
linking...
context_switching.axf: Error: L6218E: Undefined symbol set_process_priority (referred from k_process.o).
Target not created
Rebuild target 'Context Switching SIM'
assembling startup_LPC17xx.s...
compiling system_LPC17xx.c...
compiling uart_polling.c...
compiling printf.c...
compiling main_svc.c...
compiling uart_irq.c...
src\k_rtx.h(90): error:  #147-D: declaration is incompatible with "int k_get_process_priority(void)" (declared at line 82)
src\k_process.h(29): error:  #79: expected a type specifier
src\k_process.h(29): error:  #147-D: declaration is incompatible with "int _get_process_priority(U32, int)__svc(2147483648)" (declared at line 91 of "src\k_rtx.h")
src\k_process.h(30): error:  #79: expected a type specifier
src\k_process.h(30): error:  #147-D: declaration is incompatible with "int _set_process_priority(U32, int, int)__svc(2147483648)" (declared at line 87 of "src\k_rtx.h")
compiling HAL.c...
compiling k_rtx_init.c...
src\k_rtx.h(90): error:  #147-D: declaration is incompatible with "int k_get_process_priority(void)" (declared at line 82)
src\k_process.h(29): error:  #79: expected a type specifier
src\k_process.h(29): error:  #147-D: declaration is incompatible with "int _get_process_priority(U32, int)__svc(2147483648)" (declared at line 91 of "src\k_rtx.h")
src\k_process.h(30): error:  #79: expected a type specifier
src\k_process.h(30): error:  #147-D: declaration is incompatible with "int _set_process_priority(U32, int, int)__svc(2147483648)" (declared at line 87 of "src\k_rtx.h")
compiling k_memory.c...
src\k_rtx.h(90): error:  #147-D: declaration is incompatible with "int k_get_process_priority(void)" (declared at line 82)
src\k_process.h(29): error:  #79: expected a type specifier
src\k_process.h(29): error:  #147-D: declaration is incompatible with "int _get_process_priority(U32, int)__svc(2147483648)" (declared at line 91 of "src\k_rtx.h")
src\k_process.h(30): error:  #79: expected a type specifier
src\k_process.h(30): error:  #147-D: declaration is incompatible with "int _set_process_priority(U32, int, int)__svc(2147483648)" (declared at line 87 of "src\k_rtx.h")
compiling k_process.c...
src\k_rtx.h(90): error:  #147-D: declaration is incompatible with "int k_get_process_priority(void)" (declared at line 82)
src\k_process.h(29): error:  #79: expected a type specifier
src\k_process.h(29): error:  #147-D: declaration is incompatible with "int _get_process_priority(U32, int)__svc(2147483648)" (declared at line 91 of "src\k_rtx.h")
src\k_process.h(30): error:  #79: expected a type specifier
src\k_process.h(30): error:  #147-D: declaration is incompatible with "int _set_process_priority(U32, int, int)__svc(2147483648)" (declared at line 87 of "src\k_rtx.h")
src\k_process.c(141): error:  #79: expected a type specifier
src\k_process.c(141): error:  #141-D: unnamed prototyped parameters not allowed when body is present
src\k_process.c(334): warning:  #177-D: variable "input" was declared but never referenced
src\k_process.c(328): warning:  #550-D: variable "ret_val" was set but never used
src\k_process.c(353): warning:  #550-D: variable "ret_val" was set but never used
src\k_process.c(380): warning:  #177-D: variable "ret_val" was declared but never referenced
src\k_process.c(402): warning:  #177-D: variable "ret_val" was declared but never referenced
src\k_process.c(408): warning:  #550-D: variable "g_send_char" was set but never used
compiling heap.c...
src\k_rtx.h(90): error:  #147-D: declaration is incompatible with "int k_get_process_priority(void)" (declared at line 82)
src\k_process.h(29): error:  #79: expected a type specifier
src\k_process.h(29): error:  #147-D: declaration is incompatible with "int _get_process_priority(U32, int)__svc(2147483648)" (declared at line 91 of "src\k_rtx.h")
src\k_process.h(30): error:  #79: expected a type specifier
src\k_process.h(30): error:  #147-D: declaration is incompatible with "int _set_process_priority(U32, int, int)__svc(2147483648)" (declared at line 87 of "src\k_rtx.h")
compiling queue.c...
src\k_rtx.h(90): error:  #147-D: declaration is incompatible with "int k_get_process_priority(void)" (declared at line 82)
src\k_process.h(29): error:  #79: expected a type specifier
src\k_process.h(29): error:  #147-D: declaration is incompatible with "int _get_process_priority(U32, int)__svc(2147483648)" (declared at line 91 of "src\k_rtx.h")
src\k_process.h(30): error:  #79: expected a type specifier
src\k_process.h(30): error:  #147-D: declaration is incompatible with "int _set_process_priority(U32, int, int)__svc(2147483648)" (declared at line 87 of "src\k_rtx.h")
compiling envelope.c...
src\k_rtx.h(90): error:  #147-D: declaration is incompatible with "int k_get_process_priority(void)" (declared at line 82)
src\k_process.h(29): error:  #79: expected a type specifier
src\k_process.h(29): error:  #147-D: declaration is incompatible with "int _get_process_priority(U32, int)__svc(2147483648)" (declared at line 91 of "src\k_rtx.h")
src\k_process.h(30): error:  #79: expected a type specifier
src\k_process.h(30): error:  #147-D: declaration is incompatible with "int _set_process_priority(U32, int, int)__svc(2147483648)" (declared at line 87 of "src\k_rtx.h")
compiling timer.c...
src\k_rtx.h(90): error:  #147-D: declaration is incompatible with "int k_get_process_priority(void)" (declared at line 82)
src\k_process.h(29): error:  #79: expected a type specifier
src\k_process.h(29): error:  #147-D: declaration is incompatible with "int _get_process_priority(U32, int)__svc(2147483648)" (declared at line 91 of "src\k_rtx.h")
src\k_process.h(30): error:  #79: expected a type specifier
src\k_process.h(30): error:  #147-D: declaration is incompatible with "int _set_process_priority(U32, int, int)__svc(2147483648)" (declared at line 87 of "src\k_rtx.h")
compiling usr_proc.c...
Target not created
Rebuild target 'Context Switching SIM'
assembling startup_LPC17xx.s...
compiling system_LPC17xx.c...
compiling uart_polling.c...
compiling printf.c...
compiling main_svc.c...
compiling uart_irq.c...
src\k_process.h(29): error:  #79: expected a type specifier
src\k_process.h(29): error:  #147-D: declaration is incompatible with "int _get_process_priority(U32, int)__svc(2147483648)" (declared at line 87 of "src\k_rtx.h")
src\k_process.h(30): error:  #79: expected a type specifier
src\k_process.h(30): error:  #147-D: declaration is incompatible with "int _set_process_priority(U32, int, int)__svc(2147483648)" (declared at line 83 of "src\k_rtx.h")
compiling HAL.c...
compiling k_rtx_init.c...
src\k_process.h(29): error:  #79: expected a type specifier
src\k_process.h(29): error:  #147-D: declaration is incompatible with "int _get_process_priority(U32, int)__svc(2147483648)" (declared at line 87 of "src\k_rtx.h")
src\k_process.h(30): error:  #79: expected a type specifier
src\k_process.h(30): error:  #147-D: declaration is incompatible with "int _set_process_priority(U32, int, int)__svc(2147483648)" (declared at line 83 of "src\k_rtx.h")
compiling k_memory.c...
src\k_process.h(29): error:  #79: expected a type specifier
src\k_process.h(29): error:  #147-D: declaration is incompatible with "int _get_process_priority(U32, int)__svc(2147483648)" (declared at line 87 of "src\k_rtx.h")
src\k_process.h(30): error:  #79: expected a type specifier
src\k_process.h(30): error:  #147-D: declaration is incompatible with "int _set_process_priority(U32, int, int)__svc(2147483648)" (declared at line 83 of "src\k_rtx.h")
compiling k_process.c...
src\k_process.h(29): error:  #79: expected a type specifier
src\k_process.h(29): error:  #147-D: declaration is incompatible with "int _get_process_priority(U32, int)__svc(2147483648)" (declared at line 87 of "src\k_rtx.h")
src\k_process.h(30): error:  #79: expected a type specifier
src\k_process.h(30): error:  #147-D: declaration is incompatible with "int _set_process_priority(U32, int, int)__svc(2147483648)" (declared at line 83 of "src\k_rtx.h")
src\k_process.c(141): error:  #79: expected a type specifier
src\k_process.c(141): error:  #141-D: unnamed prototyped parameters not allowed when body is present
src\k_process.c(334): warning:  #177-D: variable "input" was declared but never referenced
src\k_process.c(328): warning:  #550-D: variable "ret_val" was set but never used
src\k_process.c(353): warning:  #550-D: variable "ret_val" was set but never used
src\k_process.c(380): warning:  #177-D: variable "ret_val" was declared but never referenced
src\k_process.c(402): warning:  #177-D: variable "ret_val" was declared but never referenced
src\k_process.c(408): warning:  #550-D: variable "g_send_char" was set but never used
compiling heap.c...
src\k_process.h(29): error:  #79: expected a type specifier
src\k_process.h(29): error:  #147-D: declaration is incompatible with "int _get_process_priority(U32, int)__svc(2147483648)" (declared at line 87 of "src\k_rtx.h")
src\k_process.h(30): error:  #79: expected a type specifier
src\k_process.h(30): error:  #147-D: declaration is incompatible with "int _set_process_priority(U32, int, int)__svc(2147483648)" (declared at line 83 of "src\k_rtx.h")
compiling queue.c...
src\k_process.h(29): error:  #79: expected a type specifier
src\k_process.h(29): error:  #147-D: declaration is incompatible with "int _get_process_priority(U32, int)__svc(2147483648)" (declared at line 87 of "src\k_rtx.h")
src\k_process.h(30): error:  #79: expected a type specifier
src\k_process.h(30): error:  #147-D: declaration is incompatible with "int _set_process_priority(U32, int, int)__svc(2147483648)" (declared at line 83 of "src\k_rtx.h")
compiling envelope.c...
src\k_process.h(29): error:  #79: expected a type specifier
src\k_process.h(29): error:  #147-D: declaration is incompatible with "int _get_process_priority(U32, int)__svc(2147483648)" (declared at line 87 of "src\k_rtx.h")
src\k_process.h(30): error:  #79: expected a type specifier
src\k_process.h(30): error:  #147-D: declaration is incompatible with "int _set_process_priority(U32, int, int)__svc(2147483648)" (declared at line 83 of "src\k_rtx.h")
compiling timer.c...
src\k_process.h(29): error:  #79: expected a type specifier
src\k_process.h(29): error:  #147-D: declaration is incompatible with "int _get_process_priority(U32, int)__svc(2147483648)" (declared at line 87 of "src\k_rtx.h")
src\k_process.h(30): error:  #79: expected a type specifier
src\k_process.h(30): error:  #147-D: declaration is incompatible with "int _set_process_priority(U32, int, int)__svc(2147483648)" (declared at line 83 of "src\k_rtx.h")
compiling usr_proc.c...
Target not created
Rebuild target 'Context Switching SIM'
assembling startup_LPC17xx.s...
compiling system_LPC17xx.c...
compiling uart_polling.c...
compiling printf.c...
compiling main_svc.c...
compiling uart_irq.c...
src\k_process.h(28): error:  #147: declaration is incompatible with "void k_set_process_priority(int, int)" (declared at line 82 of "src\k_rtx.h")
src\k_process.h(29): error:  #79: expected a type specifier
src\k_process.h(29): error:  #147-D: declaration is incompatible with "int _get_process_priority(U32, int)__svc(2147483648)" (declared at line 87 of "src\k_rtx.h")
src\k_process.h(30): error:  #79: expected a type specifier
src\k_process.h(30): error:  #147: declaration is incompatible with "void _set_process_priority(U32, int, int)__svc(2147483648)" (declared at line 83 of "src\k_rtx.h")
compiling HAL.c...
compiling k_rtx_init.c...
src\k_process.h(28): error:  #147: declaration is incompatible with "void k_set_process_priority(int, int)" (declared at line 82 of "src\k_rtx.h")
src\k_process.h(29): error:  #79: expected a type specifier
src\k_process.h(29): error:  #147-D: declaration is incompatible with "int _get_process_priority(U32, int)__svc(2147483648)" (declared at line 87 of "src\k_rtx.h")
src\k_process.h(30): error:  #79: expected a type specifier
src\k_process.h(30): error:  #147: declaration is incompatible with "void _set_process_priority(U32, int, int)__svc(2147483648)" (declared at line 83 of "src\k_rtx.h")
compiling k_memory.c...
src\k_process.h(28): error:  #147: declaration is incompatible with "void k_set_process_priority(int, int)" (declared at line 82 of "src\k_rtx.h")
src\k_process.h(29): error:  #79: expected a type specifier
src\k_process.h(29): error:  #147-D: declaration is incompatible with "int _get_process_priority(U32, int)__svc(2147483648)" (declared at line 87 of "src\k_rtx.h")
src\k_process.h(30): error:  #79: expected a type specifier
src\k_process.h(30): error:  #147: declaration is incompatible with "void _set_process_priority(U32, int, int)__svc(2147483648)" (declared at line 83 of "src\k_rtx.h")
compiling k_process.c...
src\k_process.h(28): error:  #147: declaration is incompatible with "void k_set_process_priority(int, int)" (declared at line 82 of "src\k_rtx.h")
src\k_process.h(29): error:  #79: expected a type specifier
src\k_process.h(29): error:  #147-D: declaration is incompatible with "int _get_process_priority(U32, int)__svc(2147483648)" (declared at line 87 of "src\k_rtx.h")
src\k_process.h(30): error:  #79: expected a type specifier
src\k_process.h(30): error:  #147: declaration is incompatible with "void _set_process_priority(U32, int, int)__svc(2147483648)" (declared at line 83 of "src\k_rtx.h")
src\k_process.c(141): error:  #79: expected a type specifier
src\k_process.c(141): error:  #141-D: unnamed prototyped parameters not allowed when body is present
src\k_process.c(334): warning:  #177-D: variable "input" was declared but never referenced
src\k_process.c(328): warning:  #550-D: variable "ret_val" was set but never used
src\k_process.c(353): warning:  #550-D: variable "ret_val" was set but never used
src\k_process.c(380): warning:  #177-D: variable "ret_val" was declared but never referenced
src\k_process.c(402): warning:  #177-D: variable "ret_val" was declared but never referenced
src\k_process.c(408): warning:  #550-D: variable "g_send_char" was set but never used
compiling heap.c...
src\k_process.h(28): error:  #147: declaration is incompatible with "void k_set_process_priority(int, int)" (declared at line 82 of "src\k_rtx.h")
src\k_process.h(29): error:  #79: expected a type specifier
src\k_process.h(29): error:  #147-D: declaration is incompatible with "int _get_process_priority(U32, int)__svc(2147483648)" (declared at line 87 of "src\k_rtx.h")
src\k_process.h(30): error:  #79: expected a type specifier
src\k_process.h(30): error:  #147: declaration is incompatible with "void _set_process_priority(U32, int, int)__svc(2147483648)" (declared at line 83 of "src\k_rtx.h")
compiling queue.c...
src\k_process.h(28): error:  #147: declaration is incompatible with "void k_set_process_priority(int, int)" (declared at line 82 of "src\k_rtx.h")
src\k_process.h(29): error:  #79: expected a type specifier
src\k_process.h(29): error:  #147-D: declaration is incompatible with "int _get_process_priority(U32, int)__svc(2147483648)" (declared at line 87 of "src\k_rtx.h")
src\k_process.h(30): error:  #79: expected a type specifier
src\k_process.h(30): error:  #147: declaration is incompatible with "void _set_process_priority(U32, int, int)__svc(2147483648)" (declared at line 83 of "src\k_rtx.h")
compiling envelope.c...
src\k_process.h(28): error:  #147: declaration is incompatible with "void k_set_process_priority(int, int)" (declared at line 82 of "src\k_rtx.h")
src\k_process.h(29): error:  #79: expected a type specifier
src\k_process.h(29): error:  #147-D: declaration is incompatible with "int _get_process_priority(U32, int)__svc(2147483648)" (declared at line 87 of "src\k_rtx.h")
src\k_process.h(30): error:  #79: expected a type specifier
src\k_process.h(30): error:  #147: declaration is incompatible with "void _set_process_priority(U32, int, int)__svc(2147483648)" (declared at line 83 of "src\k_rtx.h")
compiling timer.c...
src\k_process.h(28): error:  #147: declaration is incompatible with "void k_set_process_priority(int, int)" (declared at line 82 of "src\k_rtx.h")
src\k_process.h(29): error:  #79: expected a type specifier
src\k_process.h(29): error:  #147-D: declaration is incompatible with "int _get_process_priority(U32, int)__svc(2147483648)" (declared at line 87 of "src\k_rtx.h")
src\k_process.h(30): error:  #79: expected a type specifier
src\k_process.h(30): error:  #147: declaration is incompatible with "void _set_process_priority(U32, int, int)__svc(2147483648)" (declared at line 83 of "src\k_rtx.h")
compiling usr_proc.c...
Target not created
Rebuild target 'Context Switching SIM'
assembling startup_LPC17xx.s...
compiling system_LPC17xx.c...
compiling uart_polling.c...
compiling printf.c...
compiling main_svc.c...
compiling uart_irq.c...
compiling HAL.c...
compiling k_rtx_init.c...
compiling k_memory.c...
compiling k_process.c...
src\k_process.c(141): error:  #79: expected a type specifier
src\k_process.c(141): error:  #147-D: declaration is incompatible with "int _get_process_priority(U32, int)__svc(2147483648)" (declared at line 87 of "src\k_rtx.h")
src\k_process.c(141): error:  #141-D: unnamed prototyped parameters not allowed when body is present
src\k_process.c(334): warning:  #177-D: variable "input" was declared but never referenced
src\k_process.c(328): warning:  #550-D: variable "ret_val" was set but never used
src\k_process.c(353): warning:  #550-D: variable "ret_val" was set but never used
src\k_process.c(380): warning:  #177-D: variable "ret_val" was declared but never referenced
src\k_process.c(402): warning:  #177-D: variable "ret_val" was declared but never referenced
src\k_process.c(408): warning:  #550-D: variable "g_send_char" was set but never used
compiling heap.c...
compiling queue.c...
compiling envelope.c...
compiling timer.c...
compiling usr_proc.c...
Target not created
Rebuild target 'Context Switching SIM'
assembling startup_LPC17xx.s...
compiling system_LPC17xx.c...
compiling uart_polling.c...
compiling printf.c...
compiling main_svc.c...
compiling uart_irq.c...
compiling HAL.c...
compiling k_rtx_init.c...
compiling k_memory.c...
compiling k_process.c...
src\k_process.c(329): warning:  #177-D: variable "input" was declared but never referenced
src\k_process.c(323): warning:  #550-D: variable "ret_val" was set but never used
src\k_process.c(348): warning:  #550-D: variable "ret_val" was set but never used
src\k_process.c(375): warning:  #177-D: variable "ret_val" was declared but never referenced
src\k_process.c(397): warning:  #177-D: variable "ret_val" was declared but never referenced
src\k_process.c(403): warning:  #550-D: variable "g_send_char" was set but never used
compiling heap.c...
compiling queue.c...
compiling envelope.c...
compiling timer.c...
compiling usr_proc.c...
linking...
Program Size: Code=7616 RO-data=412 RW-data=56 ZI-data=1064  
"context_switching.axf" - 0 Error(s), 6 Warning(s).
Load "N:\\SE350\\SE-350-Lab\\SE-350-Lab\\LAB 2\\context_switching.AXF" 
Erase Done.
Programming Done.
Verify OK.
Rebuild target 'Context Switching SIM'
assembling startup_LPC17xx.s...
compiling system_LPC17xx.c...
compiling uart_polling.c...
compiling printf.c...
compiling main_svc.c...
compiling uart_irq.c...
compiling HAL.c...
compiling k_rtx_init.c...
compiling k_memory.c...
compiling k_process.c...
src\k_process.c(329): warning:  #177-D: variable "input" was declared but never referenced
src\k_process.c(323): warning:  #550-D: variable "ret_val" was set but never used
src\k_process.c(348): warning:  #550-D: variable "ret_val" was set but never used
src\k_process.c(375): warning:  #177-D: variable "ret_val" was declared but never referenced
src\k_process.c(397): warning:  #177-D: variable "ret_val" was declared but never referenced
src\k_process.c(403): warning:  #550-D: variable "g_send_char" was set but never used
compiling heap.c...
compiling queue.c...
compiling envelope.c...
compiling timer.c...
compiling usr_proc.c...
linking...
Program Size: Code=7612 RO-data=412 RW-data=56 ZI-data=1064  
"context_switching.axf" - 0 Error(s), 6 Warning(s).
Load "N:\\SE350\\SE-350-Lab\\SE-350-Lab\\LAB 2\\context_switching.AXF" 
Erase Done.
Programming Done.
Verify OK.
Rebuild target 'Context Switching SIM'
assembling startup_LPC17xx.s...
compiling system_LPC17xx.c...
compiling uart_polling.c...
compiling printf.c...
compiling main_svc.c...
compiling uart_irq.c...
compiling HAL.c...
compiling k_rtx_init.c...
compiling k_memory.c...
compiling k_process.c...
src\k_process.c(329): warning:  #177-D: variable "input" was declared but never referenced
src\k_process.c(323): warning:  #550-D: variable "ret_val" was set but never used
src\k_process.c(348): warning:  #550-D: variable "ret_val" was set but never used
src\k_process.c(375): warning:  #177-D: variable "ret_val" was declared but never referenced
src\k_process.c(397): warning:  #177-D: variable "ret_val" was declared but never referenced
src\k_process.c(403): warning:  #550-D: variable "g_send_char" was set but never used
compiling heap.c...
compiling queue.c...
compiling envelope.c...
compiling timer.c...
compiling usr_proc.c...
linking...
Program Size: Code=7600 RO-data=412 RW-data=56 ZI-data=1064  
"context_switching.axf" - 0 Error(s), 6 Warning(s).
Load "N:\\SE350\\SE-350-Lab\\SE-350-Lab\\LAB 2\\context_switching.AXF" 
Erase Done.
Programming Done.
Verify OK.
Rebuild target 'Context Switching SIM'
assembling startup_LPC17xx.s...
compiling system_LPC17xx.c...
compiling uart_polling.c...
compiling printf.c...
compiling main_svc.c...
compiling uart_irq.c...
compiling HAL.c...
compiling k_rtx_init.c...
compiling k_memory.c...
compiling k_process.c...
src\k_process.c(329): warning:  #177-D: variable "input" was declared but never referenced
src\k_process.c(323): warning:  #550-D: variable "ret_val" was set but never used
src\k_process.c(348): warning:  #550-D: variable "ret_val" was set but never used
src\k_process.c(375): warning:  #177-D: variable "ret_val" was declared but never referenced
src\k_process.c(397): warning:  #177-D: variable "ret_val" was declared but never referenced
src\k_process.c(403): warning:  #550-D: variable "g_send_char" was set but never used
compiling heap.c...
compiling queue.c...
compiling envelope.c...
compiling timer.c...
compiling usr_proc.c...
linking...
Program Size: Code=7604 RO-data=412 RW-data=56 ZI-data=1064  
"context_switching.axf" - 0 Error(s), 6 Warning(s).
Rebuild target 'Context Switching SIM'
assembling startup_LPC17xx.s...
compiling system_LPC17xx.c...
compiling uart_polling.c...
compiling printf.c...
compiling main_svc.c...
compiling uart_irq.c...
compiling HAL.c...
compiling k_rtx_init.c...
compiling k_memory.c...
compiling k_process.c...
src\k_process.c(329): warning:  #177-D: variable "input" was declared but never referenced
src\k_process.c(323): warning:  #550-D: variable "ret_val" was set but never used
src\k_process.c(348): warning:  #550-D: variable "ret_val" was set but never used
src\k_process.c(375): warning:  #177-D: variable "ret_val" was declared but never referenced
src\k_process.c(397): warning:  #177-D: variable "ret_val" was declared but never referenced
src\k_process.c(403): warning:  #550-D: variable "g_send_char" was set but never used
compiling heap.c...
compiling queue.c...
src\queue.c(173): error:  #167: argument of type "Queue" is incompatible with parameter of type "Queue *"
compiling envelope.c...
compiling timer.c...
compiling usr_proc.c...
Target not created
Rebuild target 'Context Switching SIM'
assembling startup_LPC17xx.s...
compiling system_LPC17xx.c...
compiling uart_polling.c...
compiling printf.c...
compiling main_svc.c...
compiling uart_irq.c...
compiling HAL.c...
compiling k_rtx_init.c...
compiling k_memory.c...
compiling k_process.c...
src\k_process.c(329): warning:  #177-D: variable "input" was declared but never referenced
src\k_process.c(323): warning:  #550-D: variable "ret_val" was set but never used
src\k_process.c(348): warning:  #550-D: variable "ret_val" was set but never used
src\k_process.c(375): warning:  #177-D: variable "ret_val" was declared but never referenced
src\k_process.c(397): warning:  #177-D: variable "ret_val" was declared but never referenced
src\k_process.c(403): warning:  #550-D: variable "g_send_char" was set but never used
compiling heap.c...
compiling queue.c...
compiling envelope.c...
compiling timer.c...
compiling usr_proc.c...
linking...
Program Size: Code=7728 RO-data=412 RW-data=56 ZI-data=1064  
"context_switching.axf" - 0 Error(s), 6 Warning(s).
Load "N:\\SE350\\SE-350-Lab\\SE-350-Lab\\LAB 2\\context_switching.AXF" 
Erase Done.
Programming Done.
Verify OK.
