<html>
<body>
<pre>
<h1>µVision Build Log</h1>
<h2>Project:</h2>
N:\SE 350\LAB 2\context_switching.uvproj
Project File Date:  02/08/2014

<h2>Output:</h2>
Rebuild target 'Context Switching SIM'
assembling startup_LPC17xx.s...
compiling system_LPC17xx.c...
compiling uart_polling.c...
compiling printf.c...
compiling main_svc.c...
compiling HAL.c...
compiling k_rtx_init.c...
compiling k_memory.c...
compiling k_process.c...
compiling heap.c...
compiling queue.c...
compiling usr_proc.c...
linking...
Program Size: Code=4388 RO-data=236 RW-data=40 ZI-data=872  
"context_switching.axf" - 0 Error(s), 0 Warning(s).
Rebuild target 'Context Switching SIM'
assembling startup_LPC17xx.s...
compiling system_LPC17xx.c...
compiling uart_polling.c...
compiling printf.c...
compiling main_svc.c...
compiling HAL.c...
compiling k_rtx_init.c...
compiling k_memory.c...
compiling k_process.c...
compiling heap.c...
compiling queue.c...
compiling usr_proc.c...
linking...
Program Size: Code=4388 RO-data=236 RW-data=40 ZI-data=872  
"context_switching.axf" - 0 Error(s), 0 Warning(s).
Load "N:\\SE 350\\LAB 2\\context_switching.AXF" 
Erase Done.
Programming Done.
Verify OK.
Rebuild target 'Context Switching SIM'
assembling startup_LPC17xx.s...
compiling system_LPC17xx.c...
compiling uart_polling.c...
compiling printf.c...
compiling main_svc.c...
compiling HAL.c...
compiling k_rtx_init.c...
compiling k_memory.c...
compiling k_process.c...
compiling heap.c...
compiling queue.c...
compiling usr_proc.c...
linking...
Program Size: Code=4380 RO-data=236 RW-data=40 ZI-data=872  
"context_switching.axf" - 0 Error(s), 0 Warning(s).
Load "N:\\SE 350\\LAB 2\\context_switching.AXF" 
Erase Done.
Programming Done.
Verify OK.
Rebuild target 'Context Switching SIM'
assembling startup_LPC17xx.s...
compiling system_LPC17xx.c...
compiling uart_polling.c...
compiling printf.c...
compiling main_svc.c...
compiling HAL.c...
compiling k_rtx_init.c...
compiling k_memory.c...
compiling k_process.c...
compiling heap.c...
compiling queue.c...
compiling usr_proc.c...
src\usr_proc.c(133): warning:  #9-D: nested comment is not allowed
src\usr_proc.c(134): warning:  #111-D: statement is unreachable
src\usr_proc.c(134): error:  #29: expected an expression
src\usr_proc.c(124): warning:  #177-D: variable "ret_val" was declared but never referenced
src\usr_proc.c(125): warning:  #177-D: variable "i" was declared but never referenced
src\usr_proc.c(150): error:  #169: expected a declaration
src\usr_proc.c(178): warning:  #12-D: parsing restarts here after previous syntax error
src\usr_proc.c(179): error:  #79: expected a type specifier
src\usr_proc.c(179): error:  #20: identifier "tmp_int" is undefined
src\usr_proc.c(179): error:  #79: expected a type specifier
src\usr_proc.c(179): warning:  #77-D: this declaration has no storage class or type specifier
src\usr_proc.c(179): error:  #147: declaration is incompatible with "void tfp_printf(char *, ...)" (declared at line 113 of "src\printf.h")
src\usr_proc.c(180): error:  #79: expected a type specifier
src\usr_proc.c(180): error:  #79: expected a type specifier
src\usr_proc.c(180): error:  #20: identifier "tmp_string" is undefined
src\usr_proc.c(180): warning:  #77-D: this declaration has no storage class or type specifier
src\usr_proc.c(183): error:  #79: expected a type specifier
src\usr_proc.c(183): error:  #20: identifier "tmp_int" is undefined
src\usr_proc.c(183): warning:  #77-D: this declaration has no storage class or type specifier
src\usr_proc.c(183): error:  #147-D: declaration is incompatible with "int _release_memory_block(U32, void *)__svc(2147483648)" (declared at line 48 of "src\rtx.h")
src\usr_proc.c(184): error:  #79: expected a type specifier
src\usr_proc.c(184): error:  #20: identifier "tmp_string" is undefined
src\usr_proc.c(184): warning:  #77-D: this declaration has no storage class or type specifier
src\usr_proc.c(185): error:  #77-D: this declaration has no storage class or type specifier
src\usr_proc.c(185): error:  #59: function call is not allowed in a constant expression
src\usr_proc.c(185): warning:  #1296-D: extended constant initialiser used
src\usr_proc.c(187): error:  #169: expected a declaration
src\usr_proc.c(221): warning:  #12-D: parsing restarts here after previous syntax error
src\usr_proc.c(222): error:  #169: expected a declaration
src\usr_proc.c(230): warning: At end of source:  #12-D: parsing restarts here after previous syntax error
Target not created
Rebuild target 'Context Switching SIM'
assembling startup_LPC17xx.s...
compiling system_LPC17xx.c...
compiling uart_polling.c...
compiling printf.c...
compiling main_svc.c...
compiling HAL.c...
compiling k_rtx_init.c...
compiling k_memory.c...
compiling k_process.c...
compiling heap.c...
compiling queue.c...
compiling usr_proc.c...
src\usr_proc.c(133): warning:  #9-D: nested comment is not allowed
src\usr_proc.c(125): warning:  #177-D: variable "i" was declared but never referenced
linking...
Program Size: Code=4296 RO-data=236 RW-data=40 ZI-data=872  
"context_switching.axf" - 0 Error(s), 2 Warning(s).
Load "N:\\SE 350\\LAB 2\\context_switching.AXF" 
Erase Done.
Programming Done.
Verify OK.
Rebuild target 'Context Switching SIM'
assembling startup_LPC17xx.s...
compiling system_LPC17xx.c...
compiling uart_polling.c...
compiling printf.c...
compiling main_svc.c...
compiling HAL.c...
compiling k_rtx_init.c...
compiling k_memory.c...
compiling k_process.c...
compiling heap.c...
compiling queue.c...
compiling usr_proc.c...
linking...
Program Size: Code=4388 RO-data=236 RW-data=40 ZI-data=872  
"context_switching.axf" - 0 Error(s), 0 Warning(s).
Load "N:\\SE 350\\LAB 2\\context_switching.AXF" 
Erase Done.
Programming Done.
Verify OK.
Rebuild target 'Context Switching SIM'
assembling startup_LPC17xx.s...
compiling system_LPC17xx.c...
compiling uart_polling.c...
compiling printf.c...
compiling main_svc.c...
compiling HAL.c...
compiling k_rtx_init.c...
src\k_rtx.h(46): error:  #20: identifier "Queue" is undefined
compiling k_memory.c...
src\k_rtx.h(46): error:  #20: identifier "Queue" is undefined
compiling k_process.c...
src\k_rtx.h(46): error:  #20: identifier "Queue" is undefined
compiling heap.c...
src\k_rtx.h(46): error:  #20: identifier "Queue" is undefined
compiling queue.c...
src\k_rtx.h(46): error:  #20: identifier "Queue" is undefined
src\queue.c(26): error:  #132: expression must have pointer-to-struct-or-union type
src\queue.c(50): error:  #132: expression must have pointer-to-struct-or-union type
compiling envelope.c...
compiling usr_proc.c...
Target not created
Rebuild target 'Context Switching SIM'
assembling startup_LPC17xx.s...
compiling system_LPC17xx.c...
compiling uart_polling.c...
compiling printf.c...
compiling main_svc.c...
compiling HAL.c...
compiling k_rtx_init.c...
compiling k_memory.c...
compiling k_process.c...
compiling heap.c...
compiling queue.c...
src\queue.c(26): error:  #132: expression must have pointer-to-struct-or-union type
src\queue.c(50): error:  #132: expression must have pointer-to-struct-or-union type
compiling envelope.c...
compiling usr_proc.c...
Target not created
Rebuild target 'Context Switching SIM'
assembling startup_LPC17xx.s...
compiling system_LPC17xx.c...
compiling uart_polling.c...
compiling printf.c...
compiling main_svc.c...
compiling HAL.c...
compiling k_rtx_init.c...
compiling k_memory.c...
compiling k_process.c...
compiling heap.c...
compiling queue.c...
src\queue.c(26): error:  #132: expression must have pointer-to-struct-or-union type
src\queue.c(50): error:  #132: expression must have pointer-to-struct-or-union type
compiling envelope.c...
compiling usr_proc.c...
Target not created
Rebuild target 'Context Switching SIM'
assembling startup_LPC17xx.s...
compiling system_LPC17xx.c...
compiling uart_polling.c...
compiling printf.c...
compiling main_svc.c...
compiling HAL.c...
compiling k_rtx_init.c...
compiling k_memory.c...
compiling k_process.c...
compiling heap.c...
compiling queue.c...
src\queue.c(26): error:  #513: a value of type "void" cannot be assigned to an entity of type "void *"
src\queue.c(50): error:  #132: expression must have pointer-to-struct-or-union type
compiling envelope.c...
compiling usr_proc.c...
Target not created
Rebuild target 'Context Switching SIM'
assembling startup_LPC17xx.s...
compiling system_LPC17xx.c...
compiling uart_polling.c...
compiling printf.c...
compiling main_svc.c...
compiling HAL.c...
compiling k_rtx_init.c...
compiling k_memory.c...
compiling k_process.c...
compiling heap.c...
compiling queue.c...
src\queue.c(26): error:  #75: operand of "*" must be a pointer
src\queue.c(50): error:  #132: expression must have pointer-to-struct-or-union type
compiling envelope.c...
compiling usr_proc.c...
Target not created
Rebuild target 'Context Switching SIM'
assembling startup_LPC17xx.s...
compiling system_LPC17xx.c...
compiling uart_polling.c...
compiling printf.c...
compiling main_svc.c...
compiling HAL.c...
compiling k_rtx_init.c...
compiling k_memory.c...
compiling k_process.c...
compiling heap.c...
compiling queue.c...
src\queue.c(26): error:  #513: a value of type "void" cannot be assigned to an entity of type "void *"
src\queue.c(50): error:  #132: expression must have pointer-to-struct-or-union type
compiling envelope.c...
compiling usr_proc.c...
Target not created
Rebuild target 'Context Switching SIM'
assembling startup_LPC17xx.s...
compiling system_LPC17xx.c...
compiling uart_polling.c...
compiling printf.c...
compiling main_svc.c...
compiling HAL.c...
compiling k_rtx_init.c...
compiling k_memory.c...
compiling k_process.c...
compiling heap.c...
compiling queue.c...
src\queue.c(26): warning:  #1441-D: nonstandard cast on lvalue
src\queue.c(50): error:  #132: expression must have pointer-to-struct-or-union type
compiling envelope.c...
compiling usr_proc.c...
Target not created
Rebuild target 'Context Switching SIM'
assembling startup_LPC17xx.s...
compiling system_LPC17xx.c...
compiling uart_polling.c...
compiling printf.c...
compiling main_svc.c...
compiling HAL.c...
compiling k_rtx_init.c...
compiling k_memory.c...
compiling k_process.c...
compiling heap.c...
compiling queue.c...
src\queue.c(26): warning:  #1441-D: nonstandard cast on lvalue
src\queue.c(50): warning:  #1441-D: nonstandard cast on lvalue
src\queue.c(50): error:  #137: expression must be a modifiable lvalue
compiling envelope.c...
compiling usr_proc.c...
Target not created
Rebuild target 'Context Switching SIM'
assembling startup_LPC17xx.s...
compiling system_LPC17xx.c...
compiling uart_polling.c...
compiling printf.c...
compiling main_svc.c...
compiling HAL.c...
compiling k_rtx_init.c...
compiling k_memory.c...
compiling k_process.c...
compiling heap.c...
compiling queue.c...
src\queue.c(26): warning:  #1441-D: nonstandard cast on lvalue
src\queue.c(50): error:  #20: identifier "tmp_void_ptr" is undefined
src\queue.c(50): warning:  #1441-D: nonstandard cast on lvalue
compiling envelope.c...
compiling usr_proc.c...
Target not created
Rebuild target 'Context Switching SIM'
assembling startup_LPC17xx.s...
compiling system_LPC17xx.c...
compiling uart_polling.c...
compiling printf.c...
compiling main_svc.c...
compiling HAL.c...
compiling k_rtx_init.c...
compiling k_memory.c...
compiling k_process.c...
compiling heap.c...
compiling queue.c...
src\queue.c(26): warning:  #1441-D: nonstandard cast on lvalue
src\queue.c(51): warning:  #1441-D: nonstandard cast on lvalue
src\queue.c(49): warning:  #550-D: variable "tmp_void_ptr" was set but never used
compiling envelope.c...
compiling usr_proc.c...
linking...
Program Size: Code=4388 RO-data=236 RW-data=40 ZI-data=872  
"context_switching.axf" - 0 Error(s), 3 Warning(s).
Rebuild target 'Context Switching SIM'
assembling startup_LPC17xx.s...
compiling system_LPC17xx.c...
compiling uart_polling.c...
compiling printf.c...
compiling main_svc.c...
compiling HAL.c...
compiling k_rtx_init.c...
compiling k_memory.c...
compiling k_process.c...
compiling heap.c...
compiling queue.c...
src\queue.c(26): warning:  #1441-D: nonstandard cast on lvalue
src\queue.c(51): warning:  #1441-D: nonstandard cast on lvalue
src\queue.c(50): warning:  #550-D: variable "tmp_void_ptr" was set but never used
compiling envelope.c...
compiling usr_proc.c...
linking...
Program Size: Code=4388 RO-data=236 RW-data=40 ZI-data=872  
"context_switching.axf" - 0 Error(s), 3 Warning(s).
Load "N:\\SE 350\\LAB 2\\context_switching.AXF" 
Erase Done.
Programming Done.
Verify OK.
Rebuild target 'Context Switching SIM'
assembling startup_LPC17xx.s...
compiling system_LPC17xx.c...
compiling uart_polling.c...
compiling printf.c...
compiling main_svc.c...
compiling HAL.c...
compiling k_rtx_init.c...
compiling k_memory.c...
compiling k_process.c...
src\k_process.c(198): error:  #20: identifier "i" is undefined
src\k_process.c(199): error:  #20: identifier "process_id" is undefined
src\k_process.c(200): error:  #20: identifier "gp_pcb" is undefined
compiling heap.c...
compiling queue.c...
src\queue.c(26): warning:  #1441-D: nonstandard cast on lvalue
src\queue.c(51): warning:  #1441-D: nonstandard cast on lvalue
src\queue.c(50): warning:  #550-D: variable "tmp_void_ptr" was set but never used
compiling envelope.c...
src\envelope.h(12): error:  #20: identifier "Envelope" is undefined
src\envelope.h(17): warning:  #375-D: declaration requires a typedef name
src\envelope.h(19): error:  #20: identifier "Envelope" is undefined
src\envelope.h(21): error:  #20: identifier "Envelope" is undefined
src\envelope.h(23): error:  #20: identifier "Envelope" is undefined
src\envelope.h(23): warning:  #1295-D: Deprecated declaration receive_message - give arg types
src\envelope.c(14): error:  #20: identifier "Envelope" is undefined
src\envelope.c(30): warning:  #1-D: last line of file ends without a newline
src\envelope.c(30): error: At end of source:  #67: expected a "}"
compiling usr_proc.c...
Target not created
Rebuild target 'Context Switching SIM'
assembling startup_LPC17xx.s...
compiling system_LPC17xx.c...
compiling uart_polling.c...
compiling printf.c...
compiling main_svc.c...
compiling HAL.c...
compiling k_rtx_init.c...
compiling k_memory.c...
compiling k_process.c...
src\k_process.c(198): error:  #20: identifier "i" is undefined
src\k_process.c(199): error:  #20: identifier "process_id" is undefined
src\k_process.c(200): error:  #20: identifier "gp_pcb" is undefined
compiling heap.c...
compiling queue.c...
src\queue.c(26): warning:  #1441-D: nonstandard cast on lvalue
src\queue.c(51): warning:  #1441-D: nonstandard cast on lvalue
src\queue.c(50): warning:  #550-D: variable "tmp_void_ptr" was set but never used
compiling envelope.c...
src\envelope.h(17): warning:  #375-D: declaration requires a typedef name
src\envelope.h(19): error:  #20: identifier "Envelope" is undefined
src\envelope.h(21): error:  #20: identifier "Envelope" is undefined
src\envelope.h(23): error:  #20: identifier "Envelope" is undefined
src\envelope.h(23): warning:  #1295-D: Deprecated declaration receive_message - give arg types
src\envelope.c(14): error:  #20: identifier "Envelope" is undefined
src\envelope.c(30): warning:  #1-D: last line of file ends without a newline
src\envelope.c(30): error: At end of source:  #67: expected a "}"
compiling usr_proc.c...
Target not created
Rebuild target 'Context Switching SIM'
assembling startup_LPC17xx.s...
compiling system_LPC17xx.c...
compiling uart_polling.c...
compiling printf.c...
compiling main_svc.c...
compiling HAL.c...
compiling k_rtx_init.c...
compiling k_memory.c...
compiling k_process.c...
src\k_process.c(198): error:  #20: identifier "i" is undefined
src\k_process.c(199): error:  #20: identifier "process_id" is undefined
src\k_process.c(200): error:  #20: identifier "gp_pcb" is undefined
compiling heap.c...
compiling queue.c...
src\queue.c(26): warning:  #1441-D: nonstandard cast on lvalue
src\queue.c(51): warning:  #1441-D: nonstandard cast on lvalue
src\queue.c(50): warning:  #550-D: variable "tmp_void_ptr" was set but never used
compiling envelope.c...
src\envelope.h(17): warning:  #375-D: declaration requires a typedef name
src\envelope.h(21): error:  #20: identifier "Envelope" is undefined
src\envelope.h(23): warning:  #1295-D: Deprecated declaration receive_message - give arg types
src\envelope.c(14): error:  #20: identifier "Envelope" is undefined
src\envelope.c(30): warning:  #1-D: last line of file ends without a newline
src\envelope.c(30): error: At end of source:  #67: expected a "}"
compiling usr_proc.c...
Target not created
Rebuild target 'Context Switching SIM'
assembling startup_LPC17xx.s...
compiling system_LPC17xx.c...
compiling uart_polling.c...
compiling printf.c...
compiling main_svc.c...
compiling HAL.c...
compiling k_rtx_init.c...
compiling k_memory.c...
compiling k_process.c...
src\k_process.c(198): error:  #20: identifier "i" is undefined
src\k_process.c(199): error:  #20: identifier "process_id" is undefined
src\k_process.c(200): error:  #20: identifier "gp_pcb" is undefined
compiling heap.c...
compiling queue.c...
src\queue.c(26): warning:  #1441-D: nonstandard cast on lvalue
src\queue.c(51): warning:  #1441-D: nonstandard cast on lvalue
src\queue.c(50): warning:  #550-D: variable "tmp_void_ptr" was set but never used
compiling envelope.c...
src\envelope.h(23): warning:  #1295-D: Deprecated declaration receive_message - give arg types
src\envelope.c(30): warning:  #1-D: last line of file ends without a newline
src\envelope.c(30): error: At end of source:  #67: expected a "}"
compiling usr_proc.c...
Target not created
Rebuild target 'Context Switching SIM'
assembling startup_LPC17xx.s...
compiling system_LPC17xx.c...
compiling uart_polling.c...
compiling printf.c...
compiling main_svc.c...
compiling HAL.c...
compiling k_rtx_init.c...
compiling k_memory.c...
compiling k_process.c...
src\k_process.c(200): error:  #154: expression must have struct or union type
compiling heap.c...
compiling queue.c...
src\queue.c(26): warning:  #1441-D: nonstandard cast on lvalue
src\queue.c(51): warning:  #1441-D: nonstandard cast on lvalue
src\queue.c(50): warning:  #550-D: variable "tmp_void_ptr" was set but never used
compiling envelope.c...
src\envelope.c(28): warning:  #1-D: last line of file ends without a newline
compiling usr_proc.c...
Target not created
Rebuild target 'Context Switching SIM'
assembling startup_LPC17xx.s...
compiling system_LPC17xx.c...
compiling uart_polling.c...
compiling printf.c...
compiling main_svc.c...
compiling HAL.c...
compiling k_rtx_init.c...
compiling k_memory.c...
compiling k_process.c...
compiling heap.c...
compiling queue.c...
src\queue.c(26): warning:  #1441-D: nonstandard cast on lvalue
src\queue.c(51): warning:  #1441-D: nonstandard cast on lvalue
src\queue.c(50): warning:  #550-D: variable "tmp_void_ptr" was set but never used
compiling envelope.c...
src\envelope.c(29): warning:  #1-D: last line of file ends without a newline
compiling usr_proc.c...
linking...
Program Size: Code=4428 RO-data=236 RW-data=40 ZI-data=872  
"context_switching.axf" - 0 Error(s), 4 Warning(s).
Load "N:\\SE 350\\LAB 2\\context_switching.AXF" 
Erase Done.
Programming Done.
Verify OK.
Rebuild target 'Context Switching SIM'
assembling startup_LPC17xx.s...
compiling system_LPC17xx.c...
compiling uart_polling.c...
compiling printf.c...
compiling main_svc.c...
compiling HAL.c...
compiling k_rtx_init.c...
compiling k_memory.c...
compiling k_process.c...
compiling heap.c...
compiling queue.c...
src\queue.c(26): warning:  #1441-D: nonstandard cast on lvalue
src\queue.c(51): warning:  #1441-D: nonstandard cast on lvalue
src\queue.c(50): warning:  #550-D: variable "tmp_void_ptr" was set but never used
compiling envelope.c...
src\envelope.c(19): error:  #137: expression must be a modifiable lvalue
compiling usr_proc.c...
Target not created
Rebuild target 'Context Switching SIM'
assembling startup_LPC17xx.s...
compiling system_LPC17xx.c...
compiling uart_polling.c...
compiling printf.c...
compiling main_svc.c...
compiling HAL.c...
compiling k_rtx_init.c...
compiling k_memory.c...
compiling k_process.c...
compiling heap.c...
compiling queue.c...
src\queue.c(26): warning:  #1441-D: nonstandard cast on lvalue
src\queue.c(51): warning:  #1441-D: nonstandard cast on lvalue
src\queue.c(50): warning:  #550-D: variable "tmp_void_ptr" was set but never used
compiling envelope.c...
src\envelope.c(19): error:  #137: expression must be a modifiable lvalue
compiling usr_proc.c...
Target not created
Rebuild target 'Context Switching SIM'
assembling startup_LPC17xx.s...
compiling system_LPC17xx.c...
compiling uart_polling.c...
compiling printf.c...
compiling main_svc.c...
compiling HAL.c...
compiling k_rtx_init.c...
compiling k_memory.c...
compiling k_process.c...
compiling heap.c...
compiling queue.c...
src\queue.c(26): warning:  #1441-D: nonstandard cast on lvalue
src\queue.c(51): warning:  #1441-D: nonstandard cast on lvalue
src\queue.c(50): warning:  #550-D: variable "tmp_void_ptr" was set but never used
compiling envelope.c...
src\envelope.c(19): error:  #513: a value of type "char *" cannot be assigned to an entity of type "char"
compiling usr_proc.c...
Target not created
Rebuild target 'Context Switching SIM'
assembling startup_LPC17xx.s...
compiling system_LPC17xx.c...
compiling uart_polling.c...
compiling printf.c...
compiling main_svc.c...
compiling HAL.c...
compiling k_rtx_init.c...
compiling k_memory.c...
compiling k_process.c...
compiling heap.c...
compiling queue.c...
src\queue.c(26): warning:  #1441-D: nonstandard cast on lvalue
src\queue.c(51): warning:  #1441-D: nonstandard cast on lvalue
src\queue.c(50): warning:  #550-D: variable "tmp_void_ptr" was set but never used
compiling envelope.c...
src\envelope.c(19): error:  #137: expression must be a modifiable lvalue
compiling usr_proc.c...
Target not created
Rebuild target 'Context Switching SIM'
assembling startup_LPC17xx.s...
compiling system_LPC17xx.c...
compiling uart_polling.c...
compiling printf.c...
compiling main_svc.c...
compiling HAL.c...
compiling k_rtx_init.c...
compiling k_memory.c...
compiling k_process.c...
compiling heap.c...
compiling queue.c...
src\queue.c(26): warning:  #1441-D: nonstandard cast on lvalue
src\queue.c(51): warning:  #1441-D: nonstandard cast on lvalue
src\queue.c(50): warning:  #550-D: variable "tmp_void_ptr" was set but never used
compiling envelope.c...
src\envelope.c(19): error:  #137: expression must be a modifiable lvalue
compiling usr_proc.c...
Target not created
Rebuild target 'Context Switching SIM'
assembling startup_LPC17xx.s...
compiling system_LPC17xx.c...
compiling uart_polling.c...
compiling printf.c...
compiling main_svc.c...
compiling HAL.c...
compiling k_rtx_init.c...
compiling k_memory.c...
compiling k_process.c...
compiling heap.c...
compiling queue.c...
src\queue.c(26): warning:  #1441-D: nonstandard cast on lvalue
src\queue.c(51): warning:  #1441-D: nonstandard cast on lvalue
src\queue.c(50): warning:  #550-D: variable "tmp_void_ptr" was set but never used
compiling envelope.c...
src\envelope.c(19): error:  #137: expression must be a modifiable lvalue
compiling usr_proc.c...
Target not created
Rebuild target 'Context Switching SIM'
assembling startup_LPC17xx.s...
compiling system_LPC17xx.c...
compiling uart_polling.c...
compiling printf.c...
compiling main_svc.c...
compiling HAL.c...
compiling k_rtx_init.c...
compiling k_memory.c...
compiling k_process.c...
compiling heap.c...
compiling queue.c...
src\queue.c(26): warning:  #1441-D: nonstandard cast on lvalue
src\queue.c(51): warning:  #1441-D: nonstandard cast on lvalue
src\queue.c(50): warning:  #550-D: variable "tmp_void_ptr" was set but never used
compiling envelope.c...
compiling usr_proc.c...
linking...
Program Size: Code=4428 RO-data=236 RW-data=40 ZI-data=872  
"context_switching.axf" - 0 Error(s), 3 Warning(s).
Load "N:\\SE 350\\LAB 2\\context_switching.AXF" 
Erase Done.
Programming Done.
Verify OK.
Rebuild target 'Context Switching SIM'
assembling startup_LPC17xx.s...
compiling system_LPC17xx.c...
compiling uart_polling.c...
compiling printf.c...
compiling main_svc.c...
compiling HAL.c...
compiling k_rtx_init.c...
src\k_rtx.h(46): error:  #20: identifier "Queue" is undefined
compiling k_memory.c...
src\k_rtx.h(46): error:  #20: identifier "Queue" is undefined
compiling k_process.c...
src\k_rtx.h(46): error:  #20: identifier "Queue" is undefined
compiling heap.c...
src\k_rtx.h(46): error:  #20: identifier "Queue" is undefined
compiling queue.c...
src\k_rtx.h(46): error:  #20: identifier "Queue" is undefined
src\queue.c(26): warning:  #1441-D: nonstandard cast on lvalue
src\queue.c(51): warning:  #1441-D: nonstandard cast on lvalue
src\queue.c(50): warning:  #550-D: variable "tmp_void_ptr" was set but never used
compiling envelope.c...
src\k_rtx.h(46): error:  #20: identifier "Queue" is undefined
src\envelope.c(35): error:  #167: argument of type "Envelope" is incompatible with parameter of type "void *"
compiling usr_proc.c...
Target not created
Rebuild target 'Context Switching SIM'
assembling startup_LPC17xx.s...
compiling system_LPC17xx.c...
compiling uart_polling.c...
compiling printf.c...
compiling main_svc.c...
compiling HAL.c...
compiling k_rtx_init.c...
src\k_rtx.h(47): error:  #70: incomplete type is not allowed
compiling k_memory.c...
src\k_rtx.h(47): error:  #70: incomplete type is not allowed
compiling k_process.c...
src\k_rtx.h(47): error:  #70: incomplete type is not allowed
compiling heap.c...
src\k_rtx.h(47): error:  #70: incomplete type is not allowed
compiling queue.c...
src\k_rtx.h(47): error:  #70: incomplete type is not allowed
src\queue.c(26): warning:  #1441-D: nonstandard cast on lvalue
src\queue.c(51): warning:  #1441-D: nonstandard cast on lvalue
src\queue.c(50): warning:  #550-D: variable "tmp_void_ptr" was set but never used
compiling envelope.c...
src\k_rtx.h(47): error:  #70: incomplete type is not allowed
src\envelope.c(35): error:  #167: argument of type "Envelope" is incompatible with parameter of type "void *"
compiling usr_proc.c...
Target not created
Rebuild target 'Context Switching SIM'
assembling startup_LPC17xx.s...
compiling system_LPC17xx.c...
compiling uart_polling.c...
compiling printf.c...
compiling main_svc.c...
compiling HAL.c...
compiling k_rtx_init.c...
src\queue.h(8): error:  #3: #include file "src\k_rtx.h" includes itself
compiling k_memory.c...
src\queue.h(8): error:  #3: #include file "src\k_rtx.h" includes itself
compiling k_process.c...
src\queue.h(8): error:  #3: #include file "src\k_rtx.h" includes itself
compiling heap.c...
src\queue.h(8): error:  #3: #include file "src\k_rtx.h" includes itself
compiling queue.c...
src\k_rtx.h(8): error:  #3: #include file "src\queue.h" includes itself
compiling envelope.c...
src\k_rtx.h(8): error:  #3: #include file "src\queue.h" includes itself
compiling usr_proc.c...
Target not created
Rebuild target 'Context Switching SIM'
assembling startup_LPC17xx.s...
compiling system_LPC17xx.c...
compiling uart_polling.c...
compiling printf.c...
compiling main_svc.c...
compiling HAL.c...
compiling k_rtx_init.c...
src\queue.h(8): error:  #3: #include file "src\k_rtx.h" includes itself
compiling k_memory.c...
src\queue.h(8): error:  #3: #include file "src\k_rtx.h" includes itself
compiling k_process.c...
src\queue.h(8): error:  #3: #include file "src\k_rtx.h" includes itself
compiling heap.c...
src\queue.h(8): error:  #3: #include file "src\k_rtx.h" includes itself
compiling queue.c...
src\k_rtx.h(8): error:  #3: #include file "src\queue.h" includes itself
compiling envelope.c...
src\k_rtx.h(8): error:  #3: #include file "src\queue.h" includes itself
compiling usr_proc.c...
Target not created
Rebuild target 'Context Switching SIM'
assembling startup_LPC17xx.s...
compiling system_LPC17xx.c...
compiling uart_polling.c...
compiling printf.c...
compiling main_svc.c...
compiling HAL.c...
compiling k_rtx_init.c...
compiling k_memory.c...
compiling k_process.c...
compiling heap.c...
compiling queue.c...
src\queue.c(26): warning:  #1441-D: nonstandard cast on lvalue
src\queue.c(51): warning:  #1441-D: nonstandard cast on lvalue
src\queue.c(50): warning:  #550-D: variable "tmp_void_ptr" was set but never used
compiling envelope.c...
src\envelope.c(35): error:  #167: argument of type "Queue" is incompatible with parameter of type "Queue *"
src\envelope.c(35): error:  #167: argument of type "Envelope" is incompatible with parameter of type "void *"
compiling usr_proc.c...
Target not created
Rebuild target 'Context Switching SIM'
assembling startup_LPC17xx.s...
compiling system_LPC17xx.c...
compiling uart_polling.c...
compiling printf.c...
compiling main_svc.c...
compiling HAL.c...
compiling k_rtx_init.c...
compiling k_memory.c...
compiling k_process.c...
compiling heap.c...
compiling queue.c...
src\queue.c(26): warning:  #1441-D: nonstandard cast on lvalue
src\queue.c(51): warning:  #1441-D: nonstandard cast on lvalue
src\queue.c(50): warning:  #550-D: variable "tmp_void_ptr" was set but never used
compiling envelope.c...
src\envelope.c(22): error:  #147-D: declaration is incompatible with "void send_message(int, Envelope)" (declared at line 21 of "src\envelope.h")
src\envelope.c(35): error:  #167: argument of type "Queue" is incompatible with parameter of type "Queue *"
compiling usr_proc.c...
Target not created
Rebuild target 'Context Switching SIM'
assembling startup_LPC17xx.s...
compiling system_LPC17xx.c...
compiling uart_polling.c...
compiling printf.c...
compiling main_svc.c...
compiling HAL.c...
compiling k_rtx_init.c...
compiling k_memory.c...
compiling k_process.c...
compiling heap.c...
compiling queue.c...
src\queue.c(26): warning:  #1441-D: nonstandard cast on lvalue
src\queue.c(51): warning:  #1441-D: nonstandard cast on lvalue
src\queue.c(50): warning:  #550-D: variable "tmp_void_ptr" was set but never used
compiling envelope.c...
compiling usr_proc.c...
linking...
Program Size: Code=4428 RO-data=236 RW-data=40 ZI-data=872  
"context_switching.axf" - 0 Error(s), 3 Warning(s).
Rebuild target 'Context Switching SIM'
assembling startup_LPC17xx.s...
compiling system_LPC17xx.c...
compiling uart_polling.c...
compiling printf.c...
compiling main_svc.c...
compiling HAL.c...
compiling k_rtx_init.c...
compiling k_memory.c...
compiling k_process.c...
compiling heap.c...
compiling queue.c...
src\queue.c(26): warning:  #1441-D: nonstandard cast on lvalue
src\queue.c(51): error:  #75: operand of "*" must be a pointer
src\queue.c(50): warning:  #550-D: variable "tmp_void_ptr" was set but never used
compiling envelope.c...
compiling usr_proc.c...
Target not created
Rebuild target 'Context Switching SIM'
assembling startup_LPC17xx.s...
compiling system_LPC17xx.c...
compiling uart_polling.c...
compiling printf.c...
compiling main_svc.c...
compiling HAL.c...
compiling k_rtx_init.c...
compiling k_memory.c...
compiling k_process.c...
compiling heap.c...
compiling queue.c...
src\queue.c(26): warning:  #1441-D: nonstandard cast on lvalue
src\queue.c(51): warning:  #1441-D: nonstandard cast on lvalue
src\queue.c(50): warning:  #550-D: variable "tmp_void_ptr" was set but never used
compiling envelope.c...
src\envelope.c(54): error:  #20: identifier "gp_current_process" is undefined
src\envelope.c(58): error:  #268: declaration may not appear after executable statement in block
compiling usr_proc.c...
Target not created
Rebuild target 'Context Switching SIM'
assembling startup_LPC17xx.s...
compiling system_LPC17xx.c...
compiling uart_polling.c...
compiling printf.c...
compiling main_svc.c...
compiling HAL.c...
compiling k_rtx_init.c...
compiling k_memory.c...
compiling k_process.c...
compiling heap.c...
compiling queue.c...
src\queue.c(26): warning:  #1441-D: nonstandard cast on lvalue
src\queue.c(51): warning:  #1441-D: nonstandard cast on lvalue
src\queue.c(50): warning:  #550-D: variable "tmp_void_ptr" was set but never used
compiling envelope.c...
src\envelope.c(55): error:  #44: expression must have pointer type
src\envelope.c(59): error:  #268: declaration may not appear after executable statement in block
compiling usr_proc.c...
Target not created
Rebuild target 'Context Switching SIM'
assembling startup_LPC17xx.s...
compiling system_LPC17xx.c...
compiling uart_polling.c...
compiling printf.c...
compiling main_svc.c...
compiling HAL.c...
compiling k_rtx_init.c...
compiling k_memory.c...
compiling k_process.c...
compiling heap.c...
compiling queue.c...
src\queue.c(26): warning:  #1441-D: nonstandard cast on lvalue
src\queue.c(51): warning:  #1441-D: nonstandard cast on lvalue
src\queue.c(50): warning:  #550-D: variable "tmp_void_ptr" was set but never used
compiling envelope.c...
src\envelope.c(59): error:  #268: declaration may not appear after executable statement in block
compiling usr_proc.c...
Target not created
Rebuild target 'Context Switching SIM'
assembling startup_LPC17xx.s...
compiling system_LPC17xx.c...
compiling uart_polling.c...
compiling printf.c...
compiling main_svc.c...
compiling HAL.c...
compiling k_rtx_init.c...
compiling k_memory.c...
compiling k_process.c...
compiling heap.c...
compiling queue.c...
src\queue.c(26): warning:  #1441-D: nonstandard cast on lvalue
src\queue.c(51): warning:  #1441-D: nonstandard cast on lvalue
src\queue.c(50): warning:  #550-D: variable "tmp_void_ptr" was set but never used
compiling envelope.c...
compiling usr_proc.c...
linking...
context_switching.axf: Error: L6200E: Symbol k_release_processor multiply defined (by envelope.o and k_process.o).
context_switching.axf: Error: L6200E: Symbol process_init multiply defined (by envelope.o and k_process.o).
context_switching.axf: Error: L6200E: Symbol gp_current_process multiply defined (by envelope.o and k_process.o).
context_switching.axf: Error: L6200E: Symbol gp_pcbs multiply defined (by envelope.o and k_process.o).
context_switching.axf: Error: L6200E: Symbol k_get_process_priority multiply defined (by envelope.o and k_process.o).
context_switching.axf: Error: L6200E: Symbol g_proc_table multiply defined (by envelope.o and k_process.o).
context_switching.axf: Error: L6200E: Symbol get_process_priority multiply defined (by envelope.o and k_process.o).
context_switching.axf: Error: L6200E: Symbol process_switch multiply defined (by envelope.o and k_process.o).
context_switching.axf: Error: L6200E: Symbol scheduler multiply defined (by envelope.o and k_process.o).
context_switching.axf: Error: L6200E: Symbol null multiply defined (by envelope.o and k_process.o).
context_switching.axf: Error: L6200E: Symbol add_null_process multiply defined (by envelope.o and k_process.o).
context_switching.axf: Error: L6200E: Symbol k_set_process_priority multiply defined (by envelope.o and k_process.o).
context_switching.axf: Error: L6200E: Symbol set_process_priority multiply defined (by envelope.o and k_process.o).
context_switching.axf: Error: L6200E: Symbol get_pcb_from_pid multiply defined (by envelope.o and k_process.o).
Target not created
Rebuild target 'Context Switching SIM'
assembling startup_LPC17xx.s...
compiling system_LPC17xx.c...
compiling uart_polling.c...
compiling printf.c...
compiling main_svc.c...
compiling HAL.c...
compiling k_rtx_init.c...
compiling k_memory.c...
compiling k_process.c...
compiling heap.c...
compiling queue.c...
src\queue.c(26): warning:  #1441-D: nonstandard cast on lvalue
src\queue.c(51): warning:  #1441-D: nonstandard cast on lvalue
src\queue.c(50): warning:  #550-D: variable "tmp_void_ptr" was set but never used
compiling envelope.c...
compiling usr_proc.c...
linking...
context_switching.axf: Error: L6200E: Symbol gp_pcbs multiply defined (by k_memory.o and k_rtx_init.o).
context_switching.axf: Error: L6200E: Symbol gp_pcbs multiply defined (by k_process.o and k_rtx_init.o).
context_switching.axf: Error: L6200E: Symbol gp_pcbs multiply defined (by heap.o and k_rtx_init.o).
context_switching.axf: Error: L6200E: Symbol gp_pcbs multiply defined (by queue.o and k_rtx_init.o).
context_switching.axf: Error: L6200E: Symbol gp_pcbs multiply defined (by envelope.o and k_rtx_init.o).
context_switching.axf: Error: L6200E: Symbol gp_current_process multiply defined (by k_memory.o and k_rtx_init.o).
context_switching.axf: Error: L6200E: Symbol gp_current_process multiply defined (by k_process.o and k_rtx_init.o).
context_switching.axf: Error: L6200E: Symbol gp_current_process multiply defined (by heap.o and k_rtx_init.o).
context_switching.axf: Error: L6200E: Symbol gp_current_process multiply defined (by queue.o and k_rtx_init.o).
context_switching.axf: Error: L6200E: Symbol gp_current_process multiply defined (by envelope.o and k_rtx_init.o).
Target not created
Rebuild target 'Context Switching SIM'
assembling startup_LPC17xx.s...
compiling system_LPC17xx.c...
compiling uart_polling.c...
compiling printf.c...
compiling main_svc.c...
compiling HAL.c...
compiling k_rtx_init.c...
compiling k_memory.c...
compiling k_process.c...
compiling heap.c...
compiling queue.c...
src\queue.c(26): warning:  #1441-D: nonstandard cast on lvalue
src\queue.c(51): warning:  #1441-D: nonstandard cast on lvalue
src\queue.c(50): warning:  #550-D: variable "tmp_void_ptr" was set but never used
compiling envelope.c...
src\envelope.h(28): warning:  #1-D: last line of file ends without a newline
compiling usr_proc.c...
linking...
context_switching.axf: Error: L6200E: Symbol gp_pcbs multiply defined (by k_memory.o and k_rtx_init.o).
context_switching.axf: Error: L6200E: Symbol gp_pcbs multiply defined (by k_process.o and k_rtx_init.o).
context_switching.axf: Error: L6200E: Symbol gp_pcbs multiply defined (by heap.o and k_rtx_init.o).
context_switching.axf: Error: L6200E: Symbol gp_pcbs multiply defined (by queue.o and k_rtx_init.o).
context_switching.axf: Error: L6200E: Symbol gp_pcbs multiply defined (by envelope.o and k_rtx_init.o).
context_switching.axf: Error: L6200E: Symbol gp_current_process multiply defined (by k_memory.o and k_rtx_init.o).
context_switching.axf: Error: L6200E: Symbol gp_current_process multiply defined (by k_process.o and k_rtx_init.o).
context_switching.axf: Error: L6200E: Symbol gp_current_process multiply defined (by heap.o and k_rtx_init.o).
context_switching.axf: Error: L6200E: Symbol gp_current_process multiply defined (by queue.o and k_rtx_init.o).
context_switching.axf: Error: L6200E: Symbol gp_current_process multiply defined (by envelope.o and k_rtx_init.o).
Target not created
Rebuild target 'Context Switching SIM'
assembling startup_LPC17xx.s...
compiling system_LPC17xx.c...
compiling uart_polling.c...
compiling printf.c...
compiling main_svc.c...
compiling HAL.c...
compiling k_rtx_init.c...
compiling k_memory.c...
compiling k_process.c...
compiling heap.c...
compiling queue.c...
src\queue.c(26): warning:  #1441-D: nonstandard cast on lvalue
src\queue.c(51): warning:  #1441-D: nonstandard cast on lvalue
src\queue.c(50): warning:  #550-D: variable "tmp_void_ptr" was set but never used
compiling envelope.c...
src\envelope.h(28): warning:  #1-D: last line of file ends without a newline
src\envelope.c(55): error:  #20: identifier "gp_current_process" is undefined
compiling usr_proc.c...
Target not created
Rebuild target 'Context Switching SIM'
assembling startup_LPC17xx.s...
compiling system_LPC17xx.c...
compiling uart_polling.c...
compiling printf.c...
compiling main_svc.c...
compiling HAL.c...
compiling k_rtx_init.c...
compiling k_memory.c...
compiling k_process.c...
compiling heap.c...
compiling queue.c...
src\queue.c(26): warning:  #1441-D: nonstandard cast on lvalue
src\queue.c(51): warning:  #1441-D: nonstandard cast on lvalue
src\queue.c(50): warning:  #550-D: variable "tmp_void_ptr" was set but never used
compiling envelope.c...
src\envelope.h(29): warning:  #1-D: last line of file ends without a newline
src\envelope.c(55): error:  #20: identifier "gp_current_process" is undefined
compiling usr_proc.c...
Target not created
Rebuild target 'Context Switching SIM'
assembling startup_LPC17xx.s...
compiling system_LPC17xx.c...
compiling uart_polling.c...
compiling printf.c...
compiling main_svc.c...
compiling HAL.c...
compiling k_rtx_init.c...
compiling k_memory.c...
compiling k_process.c...
compiling heap.c...
compiling queue.c...
src\queue.c(26): warning:  #1441-D: nonstandard cast on lvalue
src\queue.c(51): warning:  #1441-D: nonstandard cast on lvalue
src\queue.c(50): warning:  #550-D: variable "tmp_void_ptr" was set but never used
compiling envelope.c...
src\envelope.h(31): warning:  #1-D: last line of file ends without a newline
compiling usr_proc.c...
linking...
Program Size: Code=4428 RO-data=236 RW-data=40 ZI-data=872  
"context_switching.axf" - 0 Error(s), 4 Warning(s).
Rebuild target 'Context Switching SIM'
assembling startup_LPC17xx.s...
compiling system_LPC17xx.c...
compiling uart_polling.c...
compiling printf.c...
compiling main_svc.c...
compiling HAL.c...
compiling k_rtx_init.c...
compiling k_memory.c...
compiling k_process.c...
compiling heap.c...
compiling queue.c...
src\queue.c(26): warning:  #1441-D: nonstandard cast on lvalue
src\queue.c(51): warning:  #1441-D: nonstandard cast on lvalue
src\queue.c(50): warning:  #550-D: variable "tmp_void_ptr" was set but never used
compiling envelope.c...
compiling usr_proc.c...
linking...
Program Size: Code=4428 RO-data=236 RW-data=40 ZI-data=872  
"context_switching.axf" - 0 Error(s), 3 Warning(s).
Load "N:\\SE 350\\LAB 2\\context_switching.AXF" 
Erase Done.
Programming Done.
Verify OK.
