ARM Linker, 5.02 [Build 28] [MDK-ARM Lite]

==============================================================================

Section Cross References

    startup_lpc17xx.o(STACK) refers (Special) to heapauxi.o(.text) for __use_two_region_memory
    startup_lpc17xx.o(HEAP) refers (Special) to heapauxi.o(.text) for __use_two_region_memory
    startup_lpc17xx.o(RESET) refers (Special) to heapauxi.o(.text) for __use_two_region_memory
    startup_lpc17xx.o(RESET) refers to startup_lpc17xx.o(STACK) for __initial_sp
    startup_lpc17xx.o(RESET) refers to startup_lpc17xx.o(.text) for Reset_Handler
    startup_lpc17xx.o(RESET) refers to hal.o(.emb_text) for SVC_Handler
    startup_lpc17xx.o(RESET) refers to timer.o(.emb_text) for TIMER0_IRQHandler
    startup_lpc17xx.o(RESET) refers to uart_irq.o(.emb_text) for UART0_IRQHandler
    startup_lpc17xx.o(.text) refers (Special) to heapauxi.o(.text) for __use_two_region_memory
    startup_lpc17xx.o(.text) refers to __main.o(!!!main) for __main
    startup_lpc17xx.o(.text) refers to startup_lpc17xx.o(HEAP) for Heap_Mem
    startup_lpc17xx.o(.text) refers to startup_lpc17xx.o(STACK) for Stack_Mem
    system_lpc17xx.o(.text) refers to system_lpc17xx.o(.data) for SystemFrequency
    printf.o(.text) refers to printf.o(.data) for stdout_putf
    main_svc.o(.text) refers to system_lpc17xx.o(.text) for SystemInit
    main_svc.o(.text) refers to printf.o(.text) for init_printf
    main_svc.o(.text) refers to uart_polling.o(.text) for putc
    main_svc.o(.text) refers to timer.o(.text) for k_timer_init
    main_svc.o(.text) refers to k_rtx_init.o(.text) for k_rtx_init
    uart_irq.o(.emb_text) refers to uart_irq.o(.text) for atomic_on
    uart_irq.o(.emb_text) refers to k_process.o(.text) for k_release_into_iprocess
    uart_irq.o(.text) refers to k_process.o(.text) for get_pcb_from_pid
    uart_irq.o(.text) refers to k_process.o(.data) for gp_current_process
    uart_irq.o(.text) refers to uart_irq.o(.data) for atomicflag
    k_rtx_init.o(.text) refers to uart_irq.o(.text) for uart_irq_init
    k_rtx_init.o(.text) refers to uart_polling.o(.text) for uart_init
    k_rtx_init.o(.text) refers to k_memory.o(.text) for memory_init
    k_rtx_init.o(.text) refers to k_process.o(.text) for process_init
    k_memory.o(.text) refers to queue.o(.text) for q_init
    k_memory.o(.text) refers to uart_irq.o(.text) for atomic_on
    k_memory.o(.text) refers to k_process.o(.text) for k_get_process_priority
    k_memory.o(.text) refers to heap.o(.text) for h_pop
    k_memory.o(.text) refers to k_memory.o(.bss) for blocked_queue
    k_memory.o(.text) refers to k_process.o(.data) for gp_current_process
    k_memory.o(.text) refers to k_memory.o(.data) for gp_stack
    k_memory.o(.text) refers to heap.o(.data) for first_mem_block
    k_process.o(.text) refers to hal.o(.emb_text) for __rte
    k_process.o(.text) refers to queue.o(.text) for q_pop_highest_priority
    k_process.o(.text) refers to uart_polling.o(.text) for uart_put_string
    k_process.o(.text) refers to envelope.o(.text) for send_envelope
    k_process.o(.text) refers to k_process.o(.bss) for g_proc_table
    k_process.o(.text) refers to k_process.o(.data) for gp_current_process
    k_process.o(.text) refers to k_memory.o(.bss) for ready_queue
    k_process.o(.text) refers to timer.o(.data) for g_timer_count
    k_process.o(.text) refers to k_memory.o(.text) for k_release_memory_block
    k_process.o(.text) refers to uart_irq.o(.text) for itoa
    k_process.o(.text) refers to k_process.o(.constdata) for .constdata
    k_process.o(.text) refers to usr_proc.o(.text) for set_test_procs
    k_process.o(.text) refers to usr_proc.o(.bss) for g_test_procs
    heap.o(.text) refers to heap.o(.data) for first_mem_block
    queue.o(.text) refers to uart_irq.o(.text) for itoa
    queue.o(.text) refers to uart_polling.o(.text) for uart_put_string
    queue.o(.text) refers to k_memory.o(.bss) for ready_queue
    envelope.o(.text) refers to queue.o(.text) for q_push
    envelope.o(.text) refers to k_process.o(.text) for k_get_process_priority
    envelope.o(.text) refers to k_memory.o(.text) for k_request_memory_block
    envelope.o(.text) refers to uart_irq.o(.text) for atomic_on
    envelope.o(.text) refers to timer.o(.data) for g_timer_count
    envelope.o(.text) refers to k_memory.o(.bss) for ready_queue
    envelope.o(.text) refers to k_process.o(.data) for gp_current_process
    timer.o(.emb_text) refers to uart_irq.o(.text) for atomic_on
    timer.o(.emb_text) refers to timer.o(.text) for c_TIMER0_IRQHandler
    timer.o(.emb_text) refers to k_process.o(.text) for k_release_into_iprocess
    timer.o(.text) refers to k_process.o(.text) for get_pcb_from_pid
    timer.o(.text) refers to timer.o(.data) for g_timer_count
    timer.o(.text) refers to k_process.o(.data) for gp_current_process
    usr_proc.o(.text) refers to uart_polling.o(.text) for uart_put_string
    usr_proc.o(.text) refers to rt_memcpy_w.o(.text) for __aeabi_memcpy4
    usr_proc.o(.text) refers to k_memory.o(.text) for k_request_memory_block
    usr_proc.o(.text) refers to envelope.o(.text) for k_send_message
    usr_proc.o(.text) refers to k_process.o(.text) for k_release_processor
    usr_proc.o(.text) refers to usr_proc.o(.bss) for test_results
    __main.o(!!!main) refers to rtentry.o(.ARM.Collect$$rtentry$$00000000) for __rt_entry
    rtentry.o(.ARM.Collect$$rtentry$$00000000) refers (Special) to rtentry2.o(.ARM.Collect$$rtentry$$0000000A) for __rt_entry_li
    rtentry.o(.ARM.Collect$$rtentry$$00000000) refers (Special) to rtentry2.o(.ARM.Collect$$rtentry$$0000000D) for __rt_entry_main
    rtentry.o(.ARM.Collect$$rtentry$$00000000) refers (Special) to rtentry2.o(.ARM.Collect$$rtentry$$0000000C) for __rt_entry_postli_1
    rtentry.o(.ARM.Collect$$rtentry$$00000000) refers (Special) to rtentry2.o(.ARM.Collect$$rtentry$$00000009) for __rt_entry_postsh_1
    rtentry.o(.ARM.Collect$$rtentry$$00000000) refers (Special) to rtentry2.o(.ARM.Collect$$rtentry$$00000002) for __rt_entry_presh_1
    rtentry.o(.ARM.Collect$$rtentry$$00000000) refers (Special) to rtentry4.o(.ARM.Collect$$rtentry$$00000004) for __rt_entry_sh
    rtentry2.o(.ARM.Collect$$rtentry$$00000008) refers to boardinit2.o(.text) for _platform_post_stackheap_init
    rtentry2.o(.ARM.Collect$$rtentry$$0000000A) refers to libinit.o(.ARM.Collect$$libinit$$00000000) for __rt_lib_init
    rtentry2.o(.ARM.Collect$$rtentry$$0000000B) refers to boardinit3.o(.text) for _platform_post_lib_init
    rtentry2.o(.ARM.Collect$$rtentry$$0000000D) refers to main_svc.o(.text) for main
    rtentry2.o(.ARM.Collect$$rtentry$$0000000D) refers to exit.o(.text) for exit
    rtentry2.o(.ARM.exidx) refers to rtentry2.o(.ARM.Collect$$rtentry$$00000001) for .ARM.Collect$$rtentry$$00000001
    rtentry2.o(.ARM.exidx) refers to rtentry2.o(.ARM.Collect$$rtentry$$00000008) for .ARM.Collect$$rtentry$$00000008
    rtentry2.o(.ARM.exidx) refers to rtentry2.o(.ARM.Collect$$rtentry$$0000000A) for .ARM.Collect$$rtentry$$0000000A
    rtentry2.o(.ARM.exidx) refers to rtentry2.o(.ARM.Collect$$rtentry$$0000000B) for .ARM.Collect$$rtentry$$0000000B
    rtentry2.o(.ARM.exidx) refers to rtentry2.o(.ARM.Collect$$rtentry$$0000000D) for .ARM.Collect$$rtentry$$0000000D
    rtentry4.o(.ARM.Collect$$rtentry$$00000004) refers to sys_stackheap_outer.o(.text) for __user_setup_stackheap
    rtentry4.o(.ARM.exidx) refers to rtentry4.o(.ARM.Collect$$rtentry$$00000004) for .ARM.Collect$$rtentry$$00000004
    sys_stackheap_outer.o(.text) refers to libspace.o(.text) for __user_perproc_libspace
    sys_stackheap_outer.o(.text) refers to startup_lpc17xx.o(.text) for __user_initial_stackheap
    exit.o(.text) refers to rtexit.o(.ARM.Collect$$rtexit$$00000000) for __rt_exit
    libinit.o(.ARM.Collect$$libinit$$00000000) refers (Special) to libinit2.o(.ARM.Collect$$libinit$$0000002C) for __rt_lib_init_alloca_1
    libinit.o(.ARM.Collect$$libinit$$00000000) refers (Special) to libinit2.o(.ARM.Collect$$libinit$$0000002A) for __rt_lib_init_argv_1
    libinit.o(.ARM.Collect$$libinit$$00000000) refers (Special) to libinit2.o(.ARM.Collect$$libinit$$00000019) for __rt_lib_init_atexit_1
    libinit.o(.ARM.Collect$$libinit$$00000000) refers (Special) to libinit2.o(.ARM.Collect$$libinit$$0000001F) for __rt_lib_init_clock_1
    libinit.o(.ARM.Collect$$libinit$$00000000) refers (Special) to libinit2.o(.ARM.Collect$$libinit$$00000030) for __rt_lib_init_cpp_1
    libinit.o(.ARM.Collect$$libinit$$00000000) refers (Special) to libinit2.o(.ARM.Collect$$libinit$$0000002E) for __rt_lib_init_exceptions_1
    libinit.o(.ARM.Collect$$libinit$$00000000) refers (Special) to libinit2.o(.ARM.Collect$$libinit$$00000002) for __rt_lib_init_fp_1
    libinit.o(.ARM.Collect$$libinit$$00000000) refers (Special) to libinit2.o(.ARM.Collect$$libinit$$0000001D) for __rt_lib_init_fp_trap_1
    libinit.o(.ARM.Collect$$libinit$$00000000) refers (Special) to libinit2.o(.ARM.Collect$$libinit$$00000021) for __rt_lib_init_getenv_1
    libinit.o(.ARM.Collect$$libinit$$00000000) refers (Special) to libinit2.o(.ARM.Collect$$libinit$$00000008) for __rt_lib_init_heap_1
    libinit.o(.ARM.Collect$$libinit$$00000000) refers (Special) to libinit2.o(.ARM.Collect$$libinit$$0000000F) for __rt_lib_init_lc_collate_1
    libinit.o(.ARM.Collect$$libinit$$00000000) refers (Special) to libinit2.o(.ARM.Collect$$libinit$$00000011) for __rt_lib_init_lc_ctype_1
    libinit.o(.ARM.Collect$$libinit$$00000000) refers (Special) to libinit2.o(.ARM.Collect$$libinit$$00000013) for __rt_lib_init_lc_monetary_1
    libinit.o(.ARM.Collect$$libinit$$00000000) refers (Special) to libinit2.o(.ARM.Collect$$libinit$$00000015) for __rt_lib_init_lc_numeric_1
    libinit.o(.ARM.Collect$$libinit$$00000000) refers (Special) to libinit2.o(.ARM.Collect$$libinit$$00000017) for __rt_lib_init_lc_time_1
    libinit.o(.ARM.Collect$$libinit$$00000000) refers (Special) to libinit2.o(.ARM.Collect$$libinit$$0000000C) for __rt_lib_init_rand_1
    libinit.o(.ARM.Collect$$libinit$$00000000) refers (Special) to libinit2.o(.ARM.Collect$$libinit$$00000031) for __rt_lib_init_return
    libinit.o(.ARM.Collect$$libinit$$00000000) refers (Special) to libinit2.o(.ARM.Collect$$libinit$$0000001B) for __rt_lib_init_signal_1
    libinit.o(.ARM.Collect$$libinit$$00000000) refers (Special) to libinit2.o(.ARM.Collect$$libinit$$00000023) for __rt_lib_init_stdio_1
    libinit.o(.ARM.Collect$$libinit$$00000000) refers (Special) to libinit2.o(.ARM.Collect$$libinit$$0000000A) for __rt_lib_init_user_alloc_1
    libspace.o(.text) refers to libspace.o(.bss) for __libspace_start
    rtexit.o(.ARM.Collect$$rtexit$$00000000) refers (Special) to rtexit2.o(.ARM.Collect$$rtexit$$00000004) for __rt_exit_exit
    rtexit.o(.ARM.Collect$$rtexit$$00000000) refers (Special) to rtexit2.o(.ARM.Collect$$rtexit$$00000003) for __rt_exit_ls
    rtexit.o(.ARM.Collect$$rtexit$$00000000) refers (Special) to rtexit2.o(.ARM.Collect$$rtexit$$00000002) for __rt_exit_prels_1
    rtexit.o(.ARM.exidx) refers (Special) to rtexit2.o(.ARM.Collect$$rtexit$$00000004) for __rt_exit_exit
    rtexit.o(.ARM.exidx) refers (Special) to rtexit2.o(.ARM.Collect$$rtexit$$00000003) for __rt_exit_ls
    rtexit.o(.ARM.exidx) refers (Special) to rtexit2.o(.ARM.Collect$$rtexit$$00000002) for __rt_exit_prels_1
    rtexit.o(.ARM.exidx) refers to rtexit.o(.ARM.Collect$$rtexit$$00000000) for .ARM.Collect$$rtexit$$00000000
    libinit2.o(.ARM.Collect$$libinit$$0000000E) refers to libinit2.o(.ARM.Collect$$libinit$$0000000D) for .ARM.Collect$$libinit$$0000000D
    libinit2.o(.ARM.Collect$$libinit$$00000010) refers to libinit2.o(.ARM.Collect$$libinit$$0000000D) for .ARM.Collect$$libinit$$0000000D
    libinit2.o(.ARM.Collect$$libinit$$00000012) refers to libinit2.o(.ARM.Collect$$libinit$$0000000D) for .ARM.Collect$$libinit$$0000000D
    libinit2.o(.ARM.Collect$$libinit$$00000014) refers to libinit2.o(.ARM.Collect$$libinit$$0000000D) for .ARM.Collect$$libinit$$0000000D
    libinit2.o(.ARM.Collect$$libinit$$00000016) refers to libinit2.o(.ARM.Collect$$libinit$$0000000D) for .ARM.Collect$$libinit$$0000000D
    libinit2.o(.ARM.Collect$$libinit$$00000024) refers to argv_veneer.o(.emb_text) for __ARM_argv_veneer
    libinit2.o(.ARM.Collect$$libinit$$00000025) refers to argv_veneer.o(.emb_text) for __ARM_argv_veneer
    rtexit2.o(.ARM.Collect$$rtexit$$00000003) refers to libshutdown.o(.ARM.Collect$$libshutdown$$00000000) for __rt_lib_shutdown
    rtexit2.o(.ARM.Collect$$rtexit$$00000004) refers to sys_exit.o(.text) for _sys_exit
    rtexit2.o(.ARM.exidx) refers to rtexit2.o(.ARM.Collect$$rtexit$$00000001) for .ARM.Collect$$rtexit$$00000001
    rtexit2.o(.ARM.exidx) refers to rtexit2.o(.ARM.Collect$$rtexit$$00000003) for .ARM.Collect$$rtexit$$00000003
    rtexit2.o(.ARM.exidx) refers to rtexit2.o(.ARM.Collect$$rtexit$$00000004) for .ARM.Collect$$rtexit$$00000004
    argv_veneer.o(.emb_text) refers to no_argv.o(.text) for __ARM_get_argv
    sys_exit.o(.text) refers (Special) to use_no_semi.o(.text) for __I$use$semihosting
    sys_exit.o(.text) refers (Special) to indicate_semi.o(.text) for __semihosting_library_function
    _get_argv_nomalloc.o(.text) refers (Special) to hrguard.o(.text) for __heap_region$guard
    _get_argv_nomalloc.o(.text) refers to defsig_rtmem_outer.o(.text) for __rt_SIGRTMEM
    _get_argv_nomalloc.o(.text) refers to sys_command.o(.text) for _sys_command_string
    libshutdown.o(.ARM.Collect$$libshutdown$$00000000) refers (Special) to libshutdown2.o(.ARM.Collect$$libshutdown$$00000006) for __rt_lib_shutdown_fp_trap_1
    libshutdown.o(.ARM.Collect$$libshutdown$$00000000) refers (Special) to libshutdown2.o(.ARM.Collect$$libshutdown$$0000000E) for __rt_lib_shutdown_heap_1
    libshutdown.o(.ARM.Collect$$libshutdown$$00000000) refers (Special) to libshutdown2.o(.ARM.Collect$$libshutdown$$0000000F) for __rt_lib_shutdown_return
    libshutdown.o(.ARM.Collect$$libshutdown$$00000000) refers (Special) to libshutdown2.o(.ARM.Collect$$libshutdown$$00000009) for __rt_lib_shutdown_signal_1
    libshutdown.o(.ARM.Collect$$libshutdown$$00000000) refers (Special) to libshutdown2.o(.ARM.Collect$$libshutdown$$00000003) for __rt_lib_shutdown_stdio_1
    libshutdown.o(.ARM.Collect$$libshutdown$$00000000) refers (Special) to libshutdown2.o(.ARM.Collect$$libshutdown$$0000000B) for __rt_lib_shutdown_user_alloc_1
    sys_command.o(.text) refers (Special) to use_no_semi.o(.text) for __I$use$semihosting
    sys_command.o(.text) refers (Special) to indicate_semi.o(.text) for __semihosting_library_function
    defsig_rtmem_outer.o(.text) refers to defsig_rtmem_inner.o(.text) for __rt_SIGRTMEM_inner
    defsig_rtmem_outer.o(.text) refers to defsig_exit.o(.text) for __sig_exit
    defsig_rtmem_formal.o(.text) refers to rt_raise.o(.text) for __rt_raise
    rt_raise.o(.text) refers to __raise.o(.text) for __raise
    rt_raise.o(.text) refers to sys_exit.o(.text) for _sys_exit
    defsig_exit.o(.text) refers to sys_exit.o(.text) for _sys_exit
    defsig_rtmem_inner.o(.text) refers to defsig_general.o(.text) for __default_signal_display
    __raise.o(.text) refers to defsig.o(CL$$defsig) for __default_signal_handler
    defsig_general.o(.text) refers to sys_wrch.o(.text) for _ttywrch
    sys_wrch.o(.text) refers (Special) to use_no_semi.o(.text) for __I$use$semihosting
    sys_wrch.o(.text) refers (Special) to indicate_semi.o(.text) for __semihosting_library_function
    defsig.o(CL$$defsig) refers to defsig_rtmem_inner.o(.text) for __rt_SIGRTMEM_inner
    defsig_abrt_inner.o(.text) refers to defsig_general.o(.text) for __default_signal_display
    defsig_fpe_inner.o(.text) refers to defsig_general.o(.text) for __default_signal_display
    defsig_rtred_inner.o(.text) refers to defsig_general.o(.text) for __default_signal_display
    defsig_stak_inner.o(.text) refers to defsig_general.o(.text) for __default_signal_display
    defsig_pvfn_inner.o(.text) refers to defsig_general.o(.text) for __default_signal_display
    defsig_cppl_inner.o(.text) refers to defsig_general.o(.text) for __default_signal_display
    defsig_segv_inner.o(.text) refers to defsig_general.o(.text) for __default_signal_display
    defsig_other.o(.text) refers to defsig_general.o(.text) for __default_signal_display


==============================================================================

Removing Unused input sections from the image.

    Removing system_lpc17xx.o(.rev16_text), (4 bytes).
    Removing system_lpc17xx.o(.revsh_text), (4 bytes).
    Removing uart_polling.o(.rev16_text), (4 bytes).
    Removing uart_polling.o(.revsh_text), (4 bytes).
    Removing main_svc.o(.rev16_text), (4 bytes).
    Removing main_svc.o(.revsh_text), (4 bytes).
    Removing uart_irq.o(.rev16_text), (4 bytes).
    Removing uart_irq.o(.revsh_text), (4 bytes).
    Removing k_rtx_init.o(.rev16_text), (4 bytes).
    Removing k_rtx_init.o(.revsh_text), (4 bytes).
    Removing k_process.o(.rev16_text), (4 bytes).
    Removing k_process.o(.revsh_text), (4 bytes).
    Removing timer.o(.rev16_text), (4 bytes).
    Removing timer.o(.revsh_text), (4 bytes).

14 unused section(s) (total 56 bytes) removed from the image.

==============================================================================

Image Symbol Table

    Local Symbols

    Symbol Name                              Value     Ov Type        Size  Object(Section)

    RESET                                    0x00000000   Section      204  startup_lpc17xx.o(RESET)
    ../clib/angel/boardlib.s                 0x00000000   Number         0  boardinit3.o ABSOLUTE
    ../clib/angel/boardlib.s                 0x00000000   Number         0  boardinit2.o ABSOLUTE
    ../clib/angel/boardlib.s                 0x00000000   Number         0  boardinit1.o ABSOLUTE
    ../clib/angel/boardlib.s                 0x00000000   Number         0  boardshut.o ABSOLUTE
    ../clib/angel/handlers.s                 0x00000000   Number         0  __scatter_zi.o ABSOLUTE
    ../clib/angel/handlers.s                 0x00000000   Number         0  __scatter_copy.o ABSOLUTE
    ../clib/angel/kernel.s                   0x00000000   Number         0  rtentry4.o ABSOLUTE
    ../clib/angel/kernel.s                   0x00000000   Number         0  rtentry2.o ABSOLUTE
    ../clib/angel/kernel.s                   0x00000000   Number         0  rtexit2.o ABSOLUTE
    ../clib/angel/kernel.s                   0x00000000   Number         0  rtentry.o ABSOLUTE
    ../clib/angel/kernel.s                   0x00000000   Number         0  rtexit.o ABSOLUTE
    ../clib/angel/rt.s                       0x00000000   Number         0  rt_raise.o ABSOLUTE
    ../clib/angel/scatter.s                  0x00000000   Number         0  __scatter.o ABSOLUTE
    ../clib/angel/startup.s                  0x00000000   Number         0  __main.o ABSOLUTE
    ../clib/angel/sys.s                      0x00000000   Number         0  libspace.o ABSOLUTE
    ../clib/angel/sys.s                      0x00000000   Number         0  indicate_semi.o ABSOLUTE
    ../clib/angel/sys.s                      0x00000000   Number         0  sys_stackheap_outer.o ABSOLUTE
    ../clib/angel/sys.s                      0x00000000   Number         0  use_no_semi.o ABSOLUTE
    ../clib/angel/sysapp.c                   0x00000000   Number         0  sys_exit.o ABSOLUTE
    ../clib/angel/sysapp.c                   0x00000000   Number         0  sys_command.o ABSOLUTE
    ../clib/angel/sysapp.c                   0x00000000   Number         0  sys_wrch.o ABSOLUTE
    ../clib/armsys.c                         0x00000000   Number         0  argv_veneer.o ABSOLUTE
    ../clib/armsys.c                         0x00000000   Number         0  argv_veneer.o ABSOLUTE
    ../clib/armsys.c                         0x00000000   Number         0  _get_argv_nomalloc.o ABSOLUTE
    ../clib/armsys.c                         0x00000000   Number         0  no_argv.o ABSOLUTE
    ../clib/heapalloc.c                      0x00000000   Number         0  hrguard.o ABSOLUTE
    ../clib/heapaux.c                        0x00000000   Number         0  heapauxi.o ABSOLUTE
    ../clib/libinit.s                        0x00000000   Number         0  libinit.o ABSOLUTE
    ../clib/libinit.s                        0x00000000   Number         0  libinit2.o ABSOLUTE
    ../clib/libinit.s                        0x00000000   Number         0  libshutdown2.o ABSOLUTE
    ../clib/libinit.s                        0x00000000   Number         0  libshutdown.o ABSOLUTE
    ../clib/memcpset.s                       0x00000000   Number         0  rt_memcpy_w.o ABSOLUTE
    ../clib/signal.c                         0x00000000   Number         0  defsig_fpe_inner.o ABSOLUTE
    ../clib/signal.c                         0x00000000   Number         0  defsig_general.o ABSOLUTE
    ../clib/signal.c                         0x00000000   Number         0  __raise.o ABSOLUTE
    ../clib/signal.c                         0x00000000   Number         0  defsig_rtmem_inner.o ABSOLUTE
    ../clib/signal.c                         0x00000000   Number         0  defsig_exit.o ABSOLUTE
    ../clib/signal.c                         0x00000000   Number         0  defsig_rtred_inner.o ABSOLUTE
    ../clib/signal.c                         0x00000000   Number         0  defsig_stak_inner.o ABSOLUTE
    ../clib/signal.c                         0x00000000   Number         0  defsig_pvfn_inner.o ABSOLUTE
    ../clib/signal.c                         0x00000000   Number         0  defsig_cppl_inner.o ABSOLUTE
    ../clib/signal.c                         0x00000000   Number         0  defsig_segv_inner.o ABSOLUTE
    ../clib/signal.c                         0x00000000   Number         0  defsig_other.o ABSOLUTE
    ../clib/signal.c                         0x00000000   Number         0  defsig_rtmem_formal.o ABSOLUTE
    ../clib/signal.c                         0x00000000   Number         0  defsig_rtmem_outer.o ABSOLUTE
    ../clib/signal.c                         0x00000000   Number         0  defsig_abrt_inner.o ABSOLUTE
    ../clib/signal.s                         0x00000000   Number         0  defsig.o ABSOLUTE
    ../clib/stdlib.c                         0x00000000   Number         0  exit.o ABSOLUTE
    ../fplib/fpinit.s                        0x00000000   Number         0  fpinit.o ABSOLUTE
    dc.s                                     0x00000000   Number         0  dc.o ABSOLUTE
    src\HAL.c                                0x00000000   Number         0  hal.o ABSOLUTE
    src\\HAL.c                               0x00000000   Number         0  hal.o ABSOLUTE
    src\\k_process.c                         0x00000000   Number         0  k_process.o ABSOLUTE
    src\\k_rtx_init.c                        0x00000000   Number         0  k_rtx_init.o ABSOLUTE
    src\\main_svc.c                          0x00000000   Number         0  main_svc.o ABSOLUTE
    src\\system_LPC17xx.c                    0x00000000   Number         0  system_lpc17xx.o ABSOLUTE
    src\\timer.c                             0x00000000   Number         0  timer.o ABSOLUTE
    src\\uart_irq.c                          0x00000000   Number         0  uart_irq.o ABSOLUTE
    src\\uart_polling.c                      0x00000000   Number         0  uart_polling.o ABSOLUTE
    src\envelope.c                           0x00000000   Number         0  envelope.o ABSOLUTE
    src\heap.c                               0x00000000   Number         0  heap.o ABSOLUTE
    src\k_memory.c                           0x00000000   Number         0  k_memory.o ABSOLUTE
    src\k_process.c                          0x00000000   Number         0  k_process.o ABSOLUTE
    src\k_rtx_init.c                         0x00000000   Number         0  k_rtx_init.o ABSOLUTE
    src\main_svc.c                           0x00000000   Number         0  main_svc.o ABSOLUTE
    src\printf.c                             0x00000000   Number         0  printf.o ABSOLUTE
    src\queue.c                              0x00000000   Number         0  queue.o ABSOLUTE
    src\startup_LPC17xx.s                    0x00000000   Number         0  startup_lpc17xx.o ABSOLUTE
    src\system_LPC17xx.c                     0x00000000   Number         0  system_lpc17xx.o ABSOLUTE
    src\timer.c                              0x00000000   Number         0  timer.o ABSOLUTE
    src\uart_irq.c                           0x00000000   Number         0  uart_irq.o ABSOLUTE
    src\uart_polling.c                       0x00000000   Number         0  uart_polling.o ABSOLUTE
    src\usr_proc.c                           0x00000000   Number         0  usr_proc.o ABSOLUTE
    !!!main                                  0x000000cc   Section        8  __main.o(!!!main)
    !!!scatter                               0x000000d4   Section       52  __scatter.o(!!!scatter)
    !!handler_copy                           0x00000108   Section       26  __scatter_copy.o(!!handler_copy)
    !!handler_zi                             0x00000124   Section       28  __scatter_zi.o(!!handler_zi)
    .ARM.Collect$$libinit$$00000000          0x00000140   Section        2  libinit.o(.ARM.Collect$$libinit$$00000000)
    .ARM.Collect$$libinit$$00000002          0x00000142   Section        0  libinit2.o(.ARM.Collect$$libinit$$00000002)
    .ARM.Collect$$libinit$$00000008          0x00000142   Section        0  libinit2.o(.ARM.Collect$$libinit$$00000008)
    .ARM.Collect$$libinit$$0000000A          0x00000142   Section        0  libinit2.o(.ARM.Collect$$libinit$$0000000A)
    .ARM.Collect$$libinit$$0000000C          0x00000142   Section        0  libinit2.o(.ARM.Collect$$libinit$$0000000C)
    .ARM.Collect$$libinit$$0000000F          0x00000142   Section        0  libinit2.o(.ARM.Collect$$libinit$$0000000F)
    .ARM.Collect$$libinit$$00000011          0x00000142   Section        0  libinit2.o(.ARM.Collect$$libinit$$00000011)
    .ARM.Collect$$libinit$$00000013          0x00000142   Section        0  libinit2.o(.ARM.Collect$$libinit$$00000013)
    .ARM.Collect$$libinit$$00000015          0x00000142   Section        0  libinit2.o(.ARM.Collect$$libinit$$00000015)
    .ARM.Collect$$libinit$$00000017          0x00000142   Section        0  libinit2.o(.ARM.Collect$$libinit$$00000017)
    .ARM.Collect$$libinit$$00000019          0x00000142   Section        0  libinit2.o(.ARM.Collect$$libinit$$00000019)
    .ARM.Collect$$libinit$$0000001B          0x00000142   Section        0  libinit2.o(.ARM.Collect$$libinit$$0000001B)
    .ARM.Collect$$libinit$$0000001D          0x00000142   Section        0  libinit2.o(.ARM.Collect$$libinit$$0000001D)
    .ARM.Collect$$libinit$$0000001F          0x00000142   Section        0  libinit2.o(.ARM.Collect$$libinit$$0000001F)
    .ARM.Collect$$libinit$$00000021          0x00000142   Section        0  libinit2.o(.ARM.Collect$$libinit$$00000021)
    .ARM.Collect$$libinit$$00000023          0x00000142   Section        0  libinit2.o(.ARM.Collect$$libinit$$00000023)
    .ARM.Collect$$libinit$$0000002A          0x00000142   Section        0  libinit2.o(.ARM.Collect$$libinit$$0000002A)
    .ARM.Collect$$libinit$$0000002C          0x00000142   Section        0  libinit2.o(.ARM.Collect$$libinit$$0000002C)
    .ARM.Collect$$libinit$$0000002E          0x00000142   Section        0  libinit2.o(.ARM.Collect$$libinit$$0000002E)
    .ARM.Collect$$libinit$$00000030          0x00000142   Section        0  libinit2.o(.ARM.Collect$$libinit$$00000030)
    .ARM.Collect$$libinit$$00000031          0x00000142   Section        2  libinit2.o(.ARM.Collect$$libinit$$00000031)
    .ARM.Collect$$libshutdown$$00000000      0x00000144   Section        2  libshutdown.o(.ARM.Collect$$libshutdown$$00000000)
    .ARM.Collect$$libshutdown$$00000003      0x00000146   Section        0  libshutdown2.o(.ARM.Collect$$libshutdown$$00000003)
    .ARM.Collect$$libshutdown$$00000006      0x00000146   Section        0  libshutdown2.o(.ARM.Collect$$libshutdown$$00000006)
    .ARM.Collect$$libshutdown$$00000009      0x00000146   Section        0  libshutdown2.o(.ARM.Collect$$libshutdown$$00000009)
    .ARM.Collect$$libshutdown$$0000000B      0x00000146   Section        0  libshutdown2.o(.ARM.Collect$$libshutdown$$0000000B)
    .ARM.Collect$$libshutdown$$0000000E      0x00000146   Section        0  libshutdown2.o(.ARM.Collect$$libshutdown$$0000000E)
    .ARM.Collect$$libshutdown$$0000000F      0x00000146   Section        2  libshutdown2.o(.ARM.Collect$$libshutdown$$0000000F)
    .ARM.Collect$$rtentry$$00000000          0x00000148   Section        0  rtentry.o(.ARM.Collect$$rtentry$$00000000)
    .ARM.Collect$$rtentry$$00000002          0x00000148   Section        0  rtentry2.o(.ARM.Collect$$rtentry$$00000002)
    .ARM.Collect$$rtentry$$00000004          0x00000148   Section        6  rtentry4.o(.ARM.Collect$$rtentry$$00000004)
    .ARM.Collect$$rtentry$$00000009          0x0000014e   Section        0  rtentry2.o(.ARM.Collect$$rtentry$$00000009)
    .ARM.Collect$$rtentry$$0000000A          0x0000014e   Section        4  rtentry2.o(.ARM.Collect$$rtentry$$0000000A)
    .ARM.Collect$$rtentry$$0000000C          0x00000152   Section        0  rtentry2.o(.ARM.Collect$$rtentry$$0000000C)
    .ARM.Collect$$rtentry$$0000000D          0x00000152   Section        8  rtentry2.o(.ARM.Collect$$rtentry$$0000000D)
    .ARM.Collect$$rtexit$$00000000           0x0000015a   Section        2  rtexit.o(.ARM.Collect$$rtexit$$00000000)
    .ARM.Collect$$rtexit$$00000002           0x0000015c   Section        0  rtexit2.o(.ARM.Collect$$rtexit$$00000002)
    .ARM.Collect$$rtexit$$00000003           0x0000015c   Section        4  rtexit2.o(.ARM.Collect$$rtexit$$00000003)
    .ARM.Collect$$rtexit$$00000004           0x00000160   Section        6  rtexit2.o(.ARM.Collect$$rtexit$$00000004)
    .emb_text                                0x00000168   Section       24  uart_irq.o(.emb_text)
    .emb_text                                0x00000180   Section       50  hal.o(.emb_text)
    .emb_text                                0x000001b4   Section       24  timer.o(.emb_text)
    .text                                    0x000001cc   Section       52  startup_lpc17xx.o(.text)
    .text                                    0x00000200   Section        0  system_lpc17xx.o(.text)
    .text                                    0x0000041c   Section        0  uart_polling.o(.text)
    .text                                    0x00000540   Section        0  printf.o(.text)
    ui2a                                     0x00000541   Thumb Code    86  printf.o(.text)
    i2a                                      0x00000597   Thumb Code    32  printf.o(.text)
    a2d                                      0x000005b7   Thumb Code    50  printf.o(.text)
    a2i                                      0x000005e9   Thumb Code    58  printf.o(.text)
    putchw                                   0x00000623   Thumb Code    82  printf.o(.text)
    putcp                                    0x000007c9   Thumb Code    10  printf.o(.text)
    .text                                    0x00000804   Section        0  main_svc.o(.text)
    .text                                    0x00000834   Section        0  uart_irq.o(.text)
    NVIC_EnableIRQ                           0x0000094f   Thumb Code    24  uart_irq.o(.text)
    NVIC_DisableIRQ                          0x00000967   Thumb Code    18  uart_irq.o(.text)
    .text                                    0x000009a0   Section        0  k_rtx_init.o(.text)
    .text                                    0x000009cc   Section        0  k_memory.o(.text)
    .text                                    0x00000bdc   Section        0  k_process.o(.text)
    .text                                    0x00001818   Section        0  heap.o(.text)
    .text                                    0x00001854   Section        0  queue.o(.text)
    .text                                    0x00001bbc   Section        0  envelope.o(.text)
    .text                                    0x00001d38   Section        0  timer.o(.text)
    .text                                    0x00001dac   Section        0  usr_proc.o(.text)
    .text                                    0x00002354   Section      100  rt_memcpy_w.o(.text)
    .text                                    0x000023b8   Section        0  heapauxi.o(.text)
    .text                                    0x000023be   Section       74  sys_stackheap_outer.o(.text)
    .text                                    0x00002408   Section        0  exit.o(.text)
    .text                                    0x00002414   Section        8  libspace.o(.text)
    .text                                    0x0000241c   Section        0  sys_exit.o(.text)
    .text                                    0x00002428   Section        2  use_no_semi.o(.text)
    .text                                    0x0000242a   Section        0  indicate_semi.o(.text)
    .constdata                               0x0000242c   Section       94  k_process.o(.constdata)
    .data                                    0x10000000   Section        4  system_lpc17xx.o(.data)
    .data                                    0x10000004   Section        8  printf.o(.data)
    stdout_putf                              0x10000004   Data           4  printf.o(.data)
    stdout_putp                              0x10000008   Data           4  printf.o(.data)
    .data                                    0x1000000c   Section        4  uart_irq.o(.data)
    .data                                    0x10000010   Section        4  k_memory.o(.data)
    .data                                    0x10000014   Section       37  k_process.o(.data)
    .data                                    0x1000003c   Section       16  heap.o(.data)
    .data                                    0x1000004c   Section        4  timer.o(.data)
    .bss                                     0x10000050   Section      120  k_memory.o(.bss)
    .bss                                     0x100000c8   Section      464  k_process.o(.bss)
    .bss                                     0x10000298   Section      140  usr_proc.o(.bss)
    .bss                                     0x10000324   Section       96  libspace.o(.bss)
    HEAP                                     0x10000388   Section        0  startup_lpc17xx.o(HEAP)
    STACK                                    0x10000388   Section      512  startup_lpc17xx.o(STACK)
    Heap_Mem                                 0x10000388   Data           0  startup_lpc17xx.o(HEAP)
    Stack_Mem                                0x10000388   Data         512  startup_lpc17xx.o(STACK)
    __initial_sp                             0x10000588   Data           0  startup_lpc17xx.o(STACK)

    Global Symbols

    Symbol Name                              Value     Ov Type        Size  Object(Section)

    BuildAttributes$$THM_ISAv4$P$D$K$B$S$PE$A:L22UL41UL21$X:L11$S22US41US21$IEEE1$IW$USESV6$~STKCKD$USESV7$~SHL$OSPACE$ROPI$EBA8$UX$STANDARDLIB$REQ8$PRES8$EABIv2 0x00000000   Number         0  anon$$obj.o ABSOLUTE
    __ARM_use_no_argv                        0x00000000   Number         0  main_svc.o ABSOLUTE
    __Vectors                                0x00000000   Data           4  startup_lpc17xx.o(RESET)
    __ARM_exceptions_init                     - Undefined Weak Reference
    __alloca_initialize                       - Undefined Weak Reference
    __cpp_initialize__aeabi_                  - Undefined Weak Reference
    __cxa_finalize                            - Undefined Weak Reference
    __rt_locale                               - Undefined Weak Reference
    __sigvec_lookup                           - Undefined Weak Reference
    _atexit_init                              - Undefined Weak Reference
    _call_atexit_fns                          - Undefined Weak Reference
    _clock_init                               - Undefined Weak Reference
    _fp_trap_init                             - Undefined Weak Reference
    _fp_trap_shutdown                         - Undefined Weak Reference
    _get_lc_collate                           - Undefined Weak Reference
    _get_lc_ctype                             - Undefined Weak Reference
    _get_lc_monetary                          - Undefined Weak Reference
    _get_lc_numeric                           - Undefined Weak Reference
    _get_lc_time                              - Undefined Weak Reference
    _getenv_init                              - Undefined Weak Reference
    _handle_redirection                       - Undefined Weak Reference
    _init_alloc                               - Undefined Weak Reference
    _init_user_alloc                          - Undefined Weak Reference
    _initio                                   - Undefined Weak Reference
    _rand_init                                - Undefined Weak Reference
    _signal_finish                            - Undefined Weak Reference
    _signal_init                              - Undefined Weak Reference
    _terminate_alloc                          - Undefined Weak Reference
    _terminate_user_alloc                     - Undefined Weak Reference
    _terminateio                              - Undefined Weak Reference
    __main                                   0x000000cd   Thumb Code     8  __main.o(!!!main)
    __scatterload                            0x000000d5   Thumb Code     0  __scatter.o(!!!scatter)
    __scatterload_rt2                        0x000000d5   Thumb Code    44  __scatter.o(!!!scatter)
    __scatterload_rt2_thumb_only             0x000000d5   Thumb Code     0  __scatter.o(!!!scatter)
    __scatterload_null                       0x000000e3   Thumb Code     0  __scatter.o(!!!scatter)
    __scatterload_copy                       0x00000109   Thumb Code    26  __scatter_copy.o(!!handler_copy)
    __scatterload_zeroinit                   0x00000125   Thumb Code    28  __scatter_zi.o(!!handler_zi)
    __rt_lib_init                            0x00000141   Thumb Code     0  libinit.o(.ARM.Collect$$libinit$$00000000)
    __rt_lib_init_alloca_1                   0x00000143   Thumb Code     0  libinit2.o(.ARM.Collect$$libinit$$0000002C)
    __rt_lib_init_argv_1                     0x00000143   Thumb Code     0  libinit2.o(.ARM.Collect$$libinit$$0000002A)
    __rt_lib_init_atexit_1                   0x00000143   Thumb Code     0  libinit2.o(.ARM.Collect$$libinit$$00000019)
    __rt_lib_init_clock_1                    0x00000143   Thumb Code     0  libinit2.o(.ARM.Collect$$libinit$$0000001F)
    __rt_lib_init_cpp_1                      0x00000143   Thumb Code     0  libinit2.o(.ARM.Collect$$libinit$$00000030)
    __rt_lib_init_exceptions_1               0x00000143   Thumb Code     0  libinit2.o(.ARM.Collect$$libinit$$0000002E)
    __rt_lib_init_fp_1                       0x00000143   Thumb Code     0  libinit2.o(.ARM.Collect$$libinit$$00000002)
    __rt_lib_init_fp_trap_1                  0x00000143   Thumb Code     0  libinit2.o(.ARM.Collect$$libinit$$0000001D)
    __rt_lib_init_getenv_1                   0x00000143   Thumb Code     0  libinit2.o(.ARM.Collect$$libinit$$00000021)
    __rt_lib_init_heap_1                     0x00000143   Thumb Code     0  libinit2.o(.ARM.Collect$$libinit$$00000008)
    __rt_lib_init_lc_collate_1               0x00000143   Thumb Code     0  libinit2.o(.ARM.Collect$$libinit$$0000000F)
    __rt_lib_init_lc_ctype_1                 0x00000143   Thumb Code     0  libinit2.o(.ARM.Collect$$libinit$$00000011)
    __rt_lib_init_lc_monetary_1              0x00000143   Thumb Code     0  libinit2.o(.ARM.Collect$$libinit$$00000013)
    __rt_lib_init_lc_numeric_1               0x00000143   Thumb Code     0  libinit2.o(.ARM.Collect$$libinit$$00000015)
    __rt_lib_init_lc_time_1                  0x00000143   Thumb Code     0  libinit2.o(.ARM.Collect$$libinit$$00000017)
    __rt_lib_init_rand_1                     0x00000143   Thumb Code     0  libinit2.o(.ARM.Collect$$libinit$$0000000C)
    __rt_lib_init_return                     0x00000143   Thumb Code     0  libinit2.o(.ARM.Collect$$libinit$$00000031)
    __rt_lib_init_signal_1                   0x00000143   Thumb Code     0  libinit2.o(.ARM.Collect$$libinit$$0000001B)
    __rt_lib_init_stdio_1                    0x00000143   Thumb Code     0  libinit2.o(.ARM.Collect$$libinit$$00000023)
    __rt_lib_init_user_alloc_1               0x00000143   Thumb Code     0  libinit2.o(.ARM.Collect$$libinit$$0000000A)
    __rt_lib_shutdown                        0x00000145   Thumb Code     0  libshutdown.o(.ARM.Collect$$libshutdown$$00000000)
    __rt_lib_shutdown_fp_trap_1              0x00000147   Thumb Code     0  libshutdown2.o(.ARM.Collect$$libshutdown$$00000006)
    __rt_lib_shutdown_heap_1                 0x00000147   Thumb Code     0  libshutdown2.o(.ARM.Collect$$libshutdown$$0000000E)
    __rt_lib_shutdown_return                 0x00000147   Thumb Code     0  libshutdown2.o(.ARM.Collect$$libshutdown$$0000000F)
    __rt_lib_shutdown_signal_1               0x00000147   Thumb Code     0  libshutdown2.o(.ARM.Collect$$libshutdown$$00000009)
    __rt_lib_shutdown_stdio_1                0x00000147   Thumb Code     0  libshutdown2.o(.ARM.Collect$$libshutdown$$00000003)
    __rt_lib_shutdown_user_alloc_1           0x00000147   Thumb Code     0  libshutdown2.o(.ARM.Collect$$libshutdown$$0000000B)
    __rt_entry                               0x00000149   Thumb Code     0  rtentry.o(.ARM.Collect$$rtentry$$00000000)
    __rt_entry_presh_1                       0x00000149   Thumb Code     0  rtentry2.o(.ARM.Collect$$rtentry$$00000002)
    __rt_entry_sh                            0x00000149   Thumb Code     0  rtentry4.o(.ARM.Collect$$rtentry$$00000004)
    __rt_entry_li                            0x0000014f   Thumb Code     0  rtentry2.o(.ARM.Collect$$rtentry$$0000000A)
    __rt_entry_postsh_1                      0x0000014f   Thumb Code     0  rtentry2.o(.ARM.Collect$$rtentry$$00000009)
    __rt_entry_main                          0x00000153   Thumb Code     0  rtentry2.o(.ARM.Collect$$rtentry$$0000000D)
    __rt_entry_postli_1                      0x00000153   Thumb Code     0  rtentry2.o(.ARM.Collect$$rtentry$$0000000C)
    __rt_exit                                0x0000015b   Thumb Code     0  rtexit.o(.ARM.Collect$$rtexit$$00000000)
    __rt_exit_ls                             0x0000015d   Thumb Code     0  rtexit2.o(.ARM.Collect$$rtexit$$00000003)
    __rt_exit_prels_1                        0x0000015d   Thumb Code     0  rtexit2.o(.ARM.Collect$$rtexit$$00000002)
    __rt_exit_exit                           0x00000161   Thumb Code     0  rtexit2.o(.ARM.Collect$$rtexit$$00000004)
    UART0_IRQHandler                         0x00000169   Thumb Code    24  uart_irq.o(.emb_text)
    __rte                                    0x00000181   Thumb Code     6  hal.o(.emb_text)
    SVC_Handler                              0x00000187   Thumb Code    44  hal.o(.emb_text)
    TIMER0_IRQHandler                        0x000001b5   Thumb Code    24  timer.o(.emb_text)
    Reset_Handler                            0x000001cd   Thumb Code     4  startup_lpc17xx.o(.text)
    NMI_Handler                              0x000001d1   Thumb Code     2  startup_lpc17xx.o(.text)
    HardFault_Handler                        0x000001d3   Thumb Code     2  startup_lpc17xx.o(.text)
    MemManage_Handler                        0x000001d5   Thumb Code     2  startup_lpc17xx.o(.text)
    BusFault_Handler                         0x000001d7   Thumb Code     2  startup_lpc17xx.o(.text)
    UsageFault_Handler                       0x000001d9   Thumb Code     2  startup_lpc17xx.o(.text)
    DebugMon_Handler                         0x000001dd   Thumb Code     2  startup_lpc17xx.o(.text)
    PendSV_Handler                           0x000001df   Thumb Code     2  startup_lpc17xx.o(.text)
    SysTick_Handler                          0x000001e1   Thumb Code     2  startup_lpc17xx.o(.text)
    ADC_IRQHandler                           0x000001e3   Thumb Code     0  startup_lpc17xx.o(.text)
    BOD_IRQHandler                           0x000001e3   Thumb Code     0  startup_lpc17xx.o(.text)
    CANActivity_IRQHandler                   0x000001e3   Thumb Code     0  startup_lpc17xx.o(.text)
    CAN_IRQHandler                           0x000001e3   Thumb Code     0  startup_lpc17xx.o(.text)
    DMA_IRQHandler                           0x000001e3   Thumb Code     0  startup_lpc17xx.o(.text)
    EINT0_IRQHandler                         0x000001e3   Thumb Code     0  startup_lpc17xx.o(.text)
    EINT1_IRQHandler                         0x000001e3   Thumb Code     0  startup_lpc17xx.o(.text)
    EINT2_IRQHandler                         0x000001e3   Thumb Code     0  startup_lpc17xx.o(.text)
    EINT3_IRQHandler                         0x000001e3   Thumb Code     0  startup_lpc17xx.o(.text)
    ENET_IRQHandler                          0x000001e3   Thumb Code     0  startup_lpc17xx.o(.text)
    I2C0_IRQHandler                          0x000001e3   Thumb Code     0  startup_lpc17xx.o(.text)
    I2C1_IRQHandler                          0x000001e3   Thumb Code     0  startup_lpc17xx.o(.text)
    I2C2_IRQHandler                          0x000001e3   Thumb Code     0  startup_lpc17xx.o(.text)
    I2S_IRQHandler                           0x000001e3   Thumb Code     0  startup_lpc17xx.o(.text)
    MCPWM_IRQHandler                         0x000001e3   Thumb Code     0  startup_lpc17xx.o(.text)
    PLL0_IRQHandler                          0x000001e3   Thumb Code     0  startup_lpc17xx.o(.text)
    PLL1_IRQHandler                          0x000001e3   Thumb Code     0  startup_lpc17xx.o(.text)
    PWM1_IRQHandler                          0x000001e3   Thumb Code     0  startup_lpc17xx.o(.text)
    QEI_IRQHandler                           0x000001e3   Thumb Code     0  startup_lpc17xx.o(.text)
    RIT_IRQHandler                           0x000001e3   Thumb Code     0  startup_lpc17xx.o(.text)
    RTC_IRQHandler                           0x000001e3   Thumb Code     0  startup_lpc17xx.o(.text)
    SPI_IRQHandler                           0x000001e3   Thumb Code     0  startup_lpc17xx.o(.text)
    SSP0_IRQHandler                          0x000001e3   Thumb Code     0  startup_lpc17xx.o(.text)
    SSP1_IRQHandler                          0x000001e3   Thumb Code     0  startup_lpc17xx.o(.text)
    TIMER1_IRQHandler                        0x000001e3   Thumb Code     0  startup_lpc17xx.o(.text)
    TIMER2_IRQHandler                        0x000001e3   Thumb Code     0  startup_lpc17xx.o(.text)
    TIMER3_IRQHandler                        0x000001e3   Thumb Code     0  startup_lpc17xx.o(.text)
    UART1_IRQHandler                         0x000001e3   Thumb Code     0  startup_lpc17xx.o(.text)
    UART2_IRQHandler                         0x000001e3   Thumb Code     0  startup_lpc17xx.o(.text)
    UART3_IRQHandler                         0x000001e3   Thumb Code     0  startup_lpc17xx.o(.text)
    USBActivity_IRQHandler                   0x000001e3   Thumb Code     0  startup_lpc17xx.o(.text)
    USB_IRQHandler                           0x000001e3   Thumb Code     0  startup_lpc17xx.o(.text)
    WDT_IRQHandler                           0x000001e3   Thumb Code     0  startup_lpc17xx.o(.text)
    __user_initial_stackheap                 0x000001e5   Thumb Code     0  startup_lpc17xx.o(.text)
    SystemInit                               0x00000201   Thumb Code   476  system_lpc17xx.o(.text)
    uart_init                                0x0000041d   Thumb Code    96  uart_polling.o(.text)
    uart_get_char                            0x0000047d   Thumb Code    36  uart_polling.o(.text)
    uart_put_char                            0x000004a1   Thumb Code    40  uart_polling.o(.text)
    uart_put_string                          0x000004c9   Thumb Code    38  uart_polling.o(.text)
    putc                                     0x000004ef   Thumb Code    28  uart_polling.o(.text)
    tfp_format                               0x00000675   Thumb Code   296  printf.o(.text)
    init_printf                              0x0000079d   Thumb Code    10  printf.o(.text)
    tfp_printf                               0x000007a7   Thumb Code    34  printf.o(.text)
    tfp_sprintf                              0x000007d3   Thumb Code    38  printf.o(.text)
    main                                     0x00000805   Thumb Code    34  main_svc.o(.text)
    uart_irq_init                            0x00000835   Thumb Code   132  uart_irq.o(.text)
    c_UART0_IRQHandler                       0x000008b9   Thumb Code    22  uart_irq.o(.text)
    atomic_on                                0x000008cf   Thumb Code    22  uart_irq.o(.text)
    atomic_off                               0x000008e5   Thumb Code    22  uart_irq.o(.text)
    itoa                                     0x000008fb   Thumb Code    84  uart_irq.o(.text)
    k_rtx_init                               0x000009a1   Thumb Code    40  k_rtx_init.o(.text)
    memory_init                              0x000009cd   Thumb Code   200  k_memory.o(.text)
    alloc_stack                              0x00000a95   Thumb Code    32  k_memory.o(.text)
    k_request_memory_block                   0x00000ab5   Thumb Code    78  k_memory.o(.text)
    k_release_memory_block                   0x00000b03   Thumb Code   114  k_memory.o(.text)
    print_num_mem_blk                        0x00000b75   Thumb Code    28  k_memory.o(.text)
    get_num_mem_blk                          0x00000b91   Thumb Code    28  k_memory.o(.text)
    k_get_process_priority                   0x00000bdd   Thumb Code    40  k_process.o(.text)
    process_switch                           0x00000c05   Thumb Code   132  k_process.o(.text)
    scheduler                                0x00000c89   Thumb Code    18  k_process.o(.text)
    k_release_from_iprocess                  0x00000c9b   Thumb Code    44  k_process.o(.text)
    k_set_process_priority                   0x00000cc7   Thumb Code    66  k_process.o(.text)
    get_pcb_from_pid                         0x00000d09   Thumb Code    40  k_process.o(.text)
    UART_i                                   0x00000d31   Thumb Code   232  k_process.o(.text)
    Timer_i                                  0x00000e19   Thumb Code   152  k_process.o(.text)
    k_release_processor                      0x00000eb1   Thumb Code   116  k_process.o(.text)
    CRT                                      0x00000f25   Thumb Code    94  k_process.o(.text)
    KCD                                      0x00000f83   Thumb Code   496  k_process.o(.text)
    WallClock_p                              0x00001173   Thumb Code  1040  k_process.o(.text)
    null                                     0x00001583   Thumb Code    12  k_process.o(.text)
    add_system_processes                     0x0000158f   Thumb Code   186  k_process.o(.text)
    process_init                             0x00001649   Thumb Code   260  k_process.o(.text)
    k_release_into_iprocess                  0x0000174d   Thumb Code    80  k_process.o(.text)
    my_strcpy                                0x0000179d   Thumb Code    32  k_process.o(.text)
    h_pop                                    0x00001819   Thumb Code    42  heap.o(.text)
    h_push                                   0x00001843   Thumb Code    12  heap.o(.text)
    q_init                                   0x00001855   Thumb Code     8  queue.o(.text)
    q_pop                                    0x0000185d   Thumb Code    30  queue.o(.text)
    q_pop_highest_priority                   0x0000187b   Thumb Code    34  queue.o(.text)
    q_push                                   0x0000189d   Thumb Code    24  queue.o(.text)
    q_print_process                          0x000018b5   Thumb Code    90  queue.o(.text)
    q_print_rdy_process                      0x0000190f   Thumb Code    74  queue.o(.text)
    q_print_blk_mem_process                  0x00001959   Thumb Code    74  queue.o(.text)
    q_print_blk_rcv_process                  0x000019a3   Thumb Code    42  queue.o(.text)
    q_remove_pid                             0x000019cd   Thumb Code   114  queue.o(.text)
    q_update_priority                        0x00001a3f   Thumb Code   132  queue.o(.text)
    create_envelope                          0x00001bbd   Thumb Code    24  envelope.o(.text)
    send_envelope                            0x00001bd5   Thumb Code    54  envelope.o(.text)
    k_send_message                           0x00001c0b   Thumb Code    78  envelope.o(.text)
    k_receive_message                        0x00001c59   Thumb Code    98  envelope.o(.text)
    receive_message_nonblocking              0x00001cbb   Thumb Code     2  envelope.o(.text)
    k_delayed_send                           0x00001cbd   Thumb Code    78  envelope.o(.text)
    get_num_msg                              0x00001d0b   Thumb Code    28  envelope.o(.text)
    k_timer_init                             0x00001d39   Thumb Code    64  timer.o(.text)
    c_TIMER0_IRQHandler                      0x00001d79   Thumb Code    40  timer.o(.text)
    print_crt                                0x00001dad   Thumb Code    30  usr_proc.o(.text)
    print_debug                              0x00001dcb   Thumb Code    14  usr_proc.o(.text)
    print_char_debug                         0x00001dd9   Thumb Code    14  usr_proc.o(.text)
    message_receive_test                     0x00001de7   Thumb Code    64  usr_proc.o(.text)
    message_send_test                        0x00001e27   Thumb Code    70  usr_proc.o(.text)
    blocked_test                             0x00001e6d   Thumb Code    70  usr_proc.o(.text)
    memory_block_test                        0x00001eb3   Thumb Code   138  usr_proc.o(.text)
    priority_test                            0x00001f3d   Thumb Code    82  usr_proc.o(.text)
    proc2                                    0x00001f8f   Thumb Code    92  usr_proc.o(.text)
    proc1                                    0x00001feb   Thumb Code    92  usr_proc.o(.text)
    set_test_procs                           0x00002047   Thumb Code   168  usr_proc.o(.text)
    __aeabi_memcpy4                          0x00002355   Thumb Code     0  rt_memcpy_w.o(.text)
    __aeabi_memcpy8                          0x00002355   Thumb Code     0  rt_memcpy_w.o(.text)
    __rt_memcpy_w                            0x00002355   Thumb Code   100  rt_memcpy_w.o(.text)
    _memcpy_lastbytes_aligned                0x0000239d   Thumb Code     0  rt_memcpy_w.o(.text)
    __use_two_region_memory                  0x000023b9   Thumb Code     2  heapauxi.o(.text)
    __rt_heap_escrow$2region                 0x000023bb   Thumb Code     2  heapauxi.o(.text)
    __rt_heap_expand$2region                 0x000023bd   Thumb Code     2  heapauxi.o(.text)
    __user_setup_stackheap                   0x000023bf   Thumb Code    74  sys_stackheap_outer.o(.text)
    exit                                     0x00002409   Thumb Code    12  exit.o(.text)
    __user_libspace                          0x00002415   Thumb Code     8  libspace.o(.text)
    __user_perproc_libspace                  0x00002415   Thumb Code     0  libspace.o(.text)
    __user_perthread_libspace                0x00002415   Thumb Code     0  libspace.o(.text)
    _sys_exit                                0x0000241d   Thumb Code     8  sys_exit.o(.text)
    __I$use$semihosting                      0x00002429   Thumb Code     0  use_no_semi.o(.text)
    __use_no_semihosting_swi                 0x00002429   Thumb Code     2  use_no_semi.o(.text)
    __semihosting_library_function           0x0000242b   Thumb Code     0  indicate_semi.o(.text)
    Region$$Table$$Base                      0x0000248c   Number         0  anon$$obj.o(Region$$Table)
    Region$$Table$$Limit                     0x000024ac   Number         0  anon$$obj.o(Region$$Table)
    SystemFrequency                          0x10000000   Data           4  system_lpc17xx.o(.data)
    atomicflag                               0x1000000c   Data           4  uart_irq.o(.data)
    gp_stack                                 0x10000010   Data           4  k_memory.o(.data)
    g_switch_flag                            0x10000014   Data           4  k_process.o(.data)
    in_command_mode                          0x10000018   Data           4  k_process.o(.data)
    start_time                               0x1000001c   Data           4  k_process.o(.data)
    wall_clock_active                        0x10000020   Data           4  k_process.o(.data)
    is_allowing_input                        0x10000024   Data           4  k_process.o(.data)
    g_second_count                           0x10000028   Data           4  k_process.o(.data)
    gp_pcbs                                  0x1000002c   Data           4  k_process.o(.data)
    gp_current_process                       0x10000030   Data           4  k_process.o(.data)
    p_pcb_old                                0x10000034   Data           4  k_process.o(.data)
    next_command_char                        0x10000038   Data           1  k_process.o(.data)
    first_mem_block                          0x1000003c   Data           4  heap.o(.data)
    NUM_MEM_BLK                              0x10000040   Data           4  heap.o(.data)
    SIZE_MEM_BLK                             0x10000044   Data           4  heap.o(.data)
    heap_begin                               0x10000048   Data           4  heap.o(.data)
    g_timer_count                            0x1000004c   Data           4  timer.o(.data)
    blocked_rcv_queue                        0x10000050   Data          40  k_memory.o(.bss)
    blocked_queue                            0x10000078   Data          40  k_memory.o(.bss)
    ready_queue                              0x100000a0   Data          40  k_memory.o(.bss)
    current_command                          0x100000c8   Data         256  k_process.o(.bss)
    g_proc_table                             0x100001c8   Data         208  k_process.o(.bss)
    g_test_procs                             0x10000298   Data         112  usr_proc.o(.bss)
    test_results                             0x10000308   Data          28  usr_proc.o(.bss)
    __libspace_start                         0x10000324   Data          96  libspace.o(.bss)
    __temporary_stack_top$libspace           0x10000384   Data           0  libspace.o(.bss)
    Image$$RW_IRAM1$$ZI$$Limit               0x10000588   Number         0  startup_lpc17xx.o(STACK)



==============================================================================

Memory Map of the image

  Image Entry point : 0x000000cd

  Load Region LR_IROM1 (Base: 0x00000000, Size: 0x000024fc, Max: 0x00080000, ABSOLUTE)

    Execution Region ER_IROM1 (Base: 0x00000000, Size: 0x000024ac, Max: 0x00080000, ABSOLUTE)

    Base Addr    Size         Type   Attr      Idx    E Section Name        Object

    0x00000000   0x000000cc   Data   RO            3    RESET               startup_lpc17xx.o
    0x000000cc   0x00000008   Code   RO          460  * !!!main             c_w.l(__main.o)
    0x000000d4   0x00000034   Code   RO          614    !!!scatter          c_w.l(__scatter.o)
    0x00000108   0x0000001a   Code   RO          616    !!handler_copy      c_w.l(__scatter_copy.o)
    0x00000122   0x00000002   PAD
    0x00000124   0x0000001c   Code   RO          618    !!handler_zi        c_w.l(__scatter_zi.o)
    0x00000140   0x00000002   Code   RO          487    .ARM.Collect$$libinit$$00000000  c_w.l(libinit.o)
    0x00000142   0x00000000   Code   RO          494    .ARM.Collect$$libinit$$00000002  c_w.l(libinit2.o)
    0x00000142   0x00000000   Code   RO          497    .ARM.Collect$$libinit$$00000008  c_w.l(libinit2.o)
    0x00000142   0x00000000   Code   RO          499    .ARM.Collect$$libinit$$0000000A  c_w.l(libinit2.o)
    0x00000142   0x00000000   Code   RO          501    .ARM.Collect$$libinit$$0000000C  c_w.l(libinit2.o)
    0x00000142   0x00000000   Code   RO          504    .ARM.Collect$$libinit$$0000000F  c_w.l(libinit2.o)
    0x00000142   0x00000000   Code   RO          506    .ARM.Collect$$libinit$$00000011  c_w.l(libinit2.o)
    0x00000142   0x00000000   Code   RO          508    .ARM.Collect$$libinit$$00000013  c_w.l(libinit2.o)
    0x00000142   0x00000000   Code   RO          510    .ARM.Collect$$libinit$$00000015  c_w.l(libinit2.o)
    0x00000142   0x00000000   Code   RO          512    .ARM.Collect$$libinit$$00000017  c_w.l(libinit2.o)
    0x00000142   0x00000000   Code   RO          514    .ARM.Collect$$libinit$$00000019  c_w.l(libinit2.o)
    0x00000142   0x00000000   Code   RO          516    .ARM.Collect$$libinit$$0000001B  c_w.l(libinit2.o)
    0x00000142   0x00000000   Code   RO          518    .ARM.Collect$$libinit$$0000001D  c_w.l(libinit2.o)
    0x00000142   0x00000000   Code   RO          520    .ARM.Collect$$libinit$$0000001F  c_w.l(libinit2.o)
    0x00000142   0x00000000   Code   RO          522    .ARM.Collect$$libinit$$00000021  c_w.l(libinit2.o)
    0x00000142   0x00000000   Code   RO          524    .ARM.Collect$$libinit$$00000023  c_w.l(libinit2.o)
    0x00000142   0x00000000   Code   RO          528    .ARM.Collect$$libinit$$0000002A  c_w.l(libinit2.o)
    0x00000142   0x00000000   Code   RO          530    .ARM.Collect$$libinit$$0000002C  c_w.l(libinit2.o)
    0x00000142   0x00000000   Code   RO          532    .ARM.Collect$$libinit$$0000002E  c_w.l(libinit2.o)
    0x00000142   0x00000000   Code   RO          534    .ARM.Collect$$libinit$$00000030  c_w.l(libinit2.o)
    0x00000142   0x00000002   Code   RO          535    .ARM.Collect$$libinit$$00000031  c_w.l(libinit2.o)
    0x00000144   0x00000002   Code   RO          555    .ARM.Collect$$libshutdown$$00000000  c_w.l(libshutdown.o)
    0x00000146   0x00000000   Code   RO          569    .ARM.Collect$$libshutdown$$00000003  c_w.l(libshutdown2.o)
    0x00000146   0x00000000   Code   RO          572    .ARM.Collect$$libshutdown$$00000006  c_w.l(libshutdown2.o)
    0x00000146   0x00000000   Code   RO          575    .ARM.Collect$$libshutdown$$00000009  c_w.l(libshutdown2.o)
    0x00000146   0x00000000   Code   RO          577    .ARM.Collect$$libshutdown$$0000000B  c_w.l(libshutdown2.o)
    0x00000146   0x00000000   Code   RO          580    .ARM.Collect$$libshutdown$$0000000E  c_w.l(libshutdown2.o)
    0x00000146   0x00000002   Code   RO          581    .ARM.Collect$$libshutdown$$0000000F  c_w.l(libshutdown2.o)
    0x00000148   0x00000000   Code   RO          462    .ARM.Collect$$rtentry$$00000000  c_w.l(rtentry.o)
    0x00000148   0x00000000   Code   RO          464    .ARM.Collect$$rtentry$$00000002  c_w.l(rtentry2.o)
    0x00000148   0x00000006   Code   RO          476    .ARM.Collect$$rtentry$$00000004  c_w.l(rtentry4.o)
    0x0000014e   0x00000000   Code   RO          466    .ARM.Collect$$rtentry$$00000009  c_w.l(rtentry2.o)
    0x0000014e   0x00000004   Code   RO          467    .ARM.Collect$$rtentry$$0000000A  c_w.l(rtentry2.o)
    0x00000152   0x00000000   Code   RO          469    .ARM.Collect$$rtentry$$0000000C  c_w.l(rtentry2.o)
    0x00000152   0x00000008   Code   RO          470    .ARM.Collect$$rtentry$$0000000D  c_w.l(rtentry2.o)
    0x0000015a   0x00000002   Code   RO          491    .ARM.Collect$$rtexit$$00000000  c_w.l(rtexit.o)
    0x0000015c   0x00000000   Code   RO          537    .ARM.Collect$$rtexit$$00000002  c_w.l(rtexit2.o)
    0x0000015c   0x00000004   Code   RO          538    .ARM.Collect$$rtexit$$00000003  c_w.l(rtexit2.o)
    0x00000160   0x00000006   Code   RO          539    .ARM.Collect$$rtexit$$00000004  c_w.l(rtexit2.o)
    0x00000166   0x00000002   PAD
    0x00000168   0x00000018   Code   RO          129    .emb_text           uart_irq.o
    0x00000180   0x00000032   Code   RO          181    .emb_text           hal.o
    0x000001b2   0x00000002   PAD
    0x000001b4   0x00000018   Code   RO          398    .emb_text           timer.o
    0x000001cc   0x00000034   Code   RO            4    .text               startup_lpc17xx.o
    0x00000200   0x0000021c   Code   RO           12    .text               system_lpc17xx.o
    0x0000041c   0x00000124   Code   RO           56    .text               uart_polling.o
    0x00000540   0x000002c4   Code   RO           80    .text               printf.o
    0x00000804   0x00000030   Code   RO          102    .text               main_svc.o
    0x00000834   0x0000016c   Code   RO          130    .text               uart_irq.o
    0x000009a0   0x0000002c   Code   RO          190    .text               k_rtx_init.o
    0x000009cc   0x00000210   Code   RO          233    .text               k_memory.o
    0x00000bdc   0x00000c3c   Code   RO          273    .text               k_process.o
    0x00001818   0x0000003c   Code   RO          321    .text               heap.o
    0x00001854   0x00000368   Code   RO          339    .text               queue.o
    0x00001bbc   0x0000017c   Code   RO          362    .text               envelope.o
    0x00001d38   0x00000074   Code   RO          399    .text               timer.o
    0x00001dac   0x000005a8   Code   RO          435    .text               usr_proc.o
    0x00002354   0x00000064   Code   RO          456    .text               c_w.l(rt_memcpy_w.o)
    0x000023b8   0x00000006   Code   RO          458    .text               c_w.l(heapauxi.o)
    0x000023be   0x0000004a   Code   RO          478    .text               c_w.l(sys_stackheap_outer.o)
    0x00002408   0x0000000c   Code   RO          480    .text               c_w.l(exit.o)
    0x00002414   0x00000008   Code   RO          488    .text               c_w.l(libspace.o)
    0x0000241c   0x0000000c   Code   RO          547    .text               c_w.l(sys_exit.o)
    0x00002428   0x00000002   Code   RO          558    .text               c_w.l(use_no_semi.o)
    0x0000242a   0x00000000   Code   RO          560    .text               c_w.l(indicate_semi.o)
    0x0000242a   0x00000002   PAD
    0x0000242c   0x0000005e   Data   RO          275    .constdata          k_process.o
    0x0000248a   0x00000002   PAD
    0x0000248c   0x00000020   Data   RO          612    Region$$Table       anon$$obj.o


    Execution Region RW_IRAM1 (Base: 0x10000000, Size: 0x00000588, Max: 0x00008000, ABSOLUTE)

    Base Addr    Size         Type   Attr      Idx    E Section Name        Object

    0x10000000   0x00000004   Data   RW           13    .data               system_lpc17xx.o
    0x10000004   0x00000008   Data   RW           81    .data               printf.o
    0x1000000c   0x00000004   Data   RW          131    .data               uart_irq.o
    0x10000010   0x00000004   Data   RW          235    .data               k_memory.o
    0x10000014   0x00000025   Data   RW          276    .data               k_process.o
    0x10000039   0x00000003   PAD
    0x1000003c   0x00000010   Data   RW          322    .data               heap.o
    0x1000004c   0x00000004   Data   RW          400    .data               timer.o
    0x10000050   0x00000078   Zero   RW          234    .bss                k_memory.o
    0x100000c8   0x000001d0   Zero   RW          274    .bss                k_process.o
    0x10000298   0x0000008c   Zero   RW          436    .bss                usr_proc.o
    0x10000324   0x00000060   Zero   RW          489    .bss                c_w.l(libspace.o)
    0x10000384   0x00000004   PAD
    0x10000388   0x00000000   Zero   RW            2    HEAP                startup_lpc17xx.o
    0x10000388   0x00000200   Zero   RW            1    STACK               startup_lpc17xx.o


==============================================================================

Image component sizes


      Code (inc. data)   RO Data    RW Data    ZI Data      Debug   Object Name

       380         18          0          0          0       4480   envelope.o
        50          0          0          0          0        328   hal.o
        60          6          0         16          0       1465   heap.o
       528         48          0          4        120       4947   k_memory.o
      3132        492         94         37        464      11315   k_process.o
        44          4          0          0          0        425   k_rtx_init.o
        48         14          0          0          0       1883   main_svc.o
       708         12          0          8          0       4012   printf.o
       872        250          0          0          0       4876   queue.o
        52         18        204          0        512        772   startup_lpc17xx.o
       540         64          0          4          0      21607   system_lpc17xx.o
       140         12          0          4          0      25258   timer.o
       388         40          0          4          0      28057   uart_irq.o
       292         54          0          0          0       1965   uart_polling.o
      1448        614          0          0        140       3260   usr_proc.o

    ----------------------------------------------------------------------
      8684       1646        332         80       1236     114650   Object Totals
         0          0         32          0          0          0   (incl. Generated)
         2          0          2          3          0          0   (incl. Padding)

    ----------------------------------------------------------------------

      Code (inc. data)   RO Data    RW Data    ZI Data      Debug   Library Member Name

         8          0          0          0          0         68   __main.o
        52          8          0          0          0          0   __scatter.o
        26          0          0          0          0          0   __scatter_copy.o
        28          0          0          0          0          0   __scatter_zi.o
        12          0          0          0          0         72   exit.o
         6          0          0          0          0        152   heapauxi.o
         0          0          0          0          0          0   indicate_semi.o
         2          0          0          0          0          0   libinit.o
         2          0          0          0          0          0   libinit2.o
         2          0          0          0          0          0   libshutdown.o
         2          0          0          0          0          0   libshutdown2.o
         8          4          0          0         96         68   libspace.o
       100          0          0          0          0         80   rt_memcpy_w.o
         0          0          0          0          0          0   rtentry.o
        12          0          0          0          0          0   rtentry2.o
         6          0          0          0          0          0   rtentry4.o
         2          0          0          0          0          0   rtexit.o
        10          0          0          0          0          0   rtexit2.o
        12          4          0          0          0         68   sys_exit.o
        74          0          0          0          0         80   sys_stackheap_outer.o
         2          0          0          0          0         68   use_no_semi.o

    ----------------------------------------------------------------------
       372         16          0          0        100        656   Library Totals
         6          0          0          0          4          0   (incl. Padding)

    ----------------------------------------------------------------------

      Code (inc. data)   RO Data    RW Data    ZI Data      Debug   Library Name

       366         16          0          0         96        656   c_w.l

    ----------------------------------------------------------------------
       372         16          0          0        100        656   Library Totals

    ----------------------------------------------------------------------

==============================================================================


      Code (inc. data)   RO Data    RW Data    ZI Data      Debug   

      9056       1662        332         80       1336     113850   Grand Totals
      9056       1662        332         80       1336     113850   ELF Image Totals
      9056       1662        332         80          0          0   ROM Totals

==============================================================================

    Total RO  Size (Code + RO Data)                 9388 (   9.17kB)
    Total RW  Size (RW Data + ZI Data)              1416 (   1.38kB)
    Total ROM Size (Code + RO Data + RW Data)       9468 (   9.25kB)

==============================================================================

