ARM Linker, 5.02 [Build 28] [MDK-ARM Lite]

==============================================================================

Section Cross References

    startup_lpc17xx.o(STACK) refers (Special) to heapauxi.o(.text) for __use_two_region_memory
    startup_lpc17xx.o(HEAP) refers (Special) to heapauxi.o(.text) for __use_two_region_memory
    startup_lpc17xx.o(RESET) refers (Special) to heapauxi.o(.text) for __use_two_region_memory
    startup_lpc17xx.o(RESET) refers to startup_lpc17xx.o(STACK) for __initial_sp
    startup_lpc17xx.o(RESET) refers to startup_lpc17xx.o(.text) for Reset_Handler
    startup_lpc17xx.o(RESET) refers to hal.o(.emb_text) for SVC_Handler
    startup_lpc17xx.o(RESET) refers to timer.o(.emb_text) for TIMER0_IRQHandler
    startup_lpc17xx.o(RESET) refers to uart_irq.o(.emb_text) for UART0_IRQHandler
    startup_lpc17xx.o(.text) refers (Special) to heapauxi.o(.text) for __use_two_region_memory
    startup_lpc17xx.o(.text) refers to __main.o(!!!main) for __main
    startup_lpc17xx.o(.text) refers to startup_lpc17xx.o(HEAP) for Heap_Mem
    startup_lpc17xx.o(.text) refers to startup_lpc17xx.o(STACK) for Stack_Mem
    system_lpc17xx.o(.text) refers to system_lpc17xx.o(.data) for SystemFrequency
    printf.o(.text) refers to printf.o(.data) for stdout_putf
    main_svc.o(.text) refers to system_lpc17xx.o(.text) for SystemInit
    main_svc.o(.text) refers to printf.o(.text) for init_printf
    main_svc.o(.text) refers to timer.o(.text) for timer_init
    main_svc.o(.text) refers to uart_polling.o(.text) for putc
    main_svc.o(.text) refers to k_rtx_init.o(.text) for k_rtx_init
    uart_irq.o(.emb_text) refers to uart_irq.o(.text) for c_UART0_IRQHandler
    uart_irq.o(.emb_text) refers to k_process.o(.text) for k_release_processor
    uart_irq.o(.emb_text) refers to k_process.o(.data) for g_switch_flag
    uart_irq.o(.text) refers to uart_polling.o(.text) for uart_put_string
    uart_irq.o(.text) refers to printf.o(.text) for tfp_printf
    uart_irq.o(.text) refers to uart_irq.o(.data) for g_char_in
    uart_irq.o(.text) refers to k_process.o(.data) for g_switch_flag
    k_rtx_init.o(.text) refers to uart_irq.o(.text) for uart_irq_init
    k_rtx_init.o(.text) refers to uart_polling.o(.text) for uart_init
    k_rtx_init.o(.text) refers to k_memory.o(.text) for memory_init
    k_rtx_init.o(.text) refers to k_process.o(.text) for process_init
    k_rtx_init.o(.text) refers to k_rtx_init.o(.constdata) for .constdata
    k_memory.o(.text) refers to queue.o(.text) for q_init
    k_memory.o(.text) refers to printf.o(.text) for tfp_printf
    k_memory.o(.text) refers to k_process.o(.text) for k_get_process_priority
    k_memory.o(.text) refers to heap.o(.text) for h_pop
    k_memory.o(.text) refers to k_memory.o(.bss) for blocked_queue
    k_memory.o(.text) refers to k_process.o(.data) for gp_current_process
    k_memory.o(.text) refers to k_memory.o(.data) for gp_stack
    k_memory.o(.text) refers to heap.o(.data) for first_mem_block
    k_process.o(.text) refers to hal.o(.emb_text) for __rte
    k_process.o(.text) refers to queue.o(.text) for q_pop_highest_priority
    k_process.o(.text) refers to printf.o(.text) for tfp_printf
    k_process.o(.text) refers to envelope.o(.text) for send_envelope
    k_process.o(.text) refers to k_memory.o(.text) for k_release_memory_block
    k_process.o(.text) refers to usr_proc.o(.text) for set_test_procs
    k_process.o(.text) refers to k_process.o(.bss) for g_proc_table
    k_process.o(.text) refers to k_process.o(.data) for gp_current_process
    k_process.o(.text) refers to k_memory.o(.bss) for ready_queue
    k_process.o(.text) refers to timer.o(.data) for g_timer_count
    k_process.o(.text) refers to usr_proc.o(.bss) for g_test_procs
    heap.o(.text) refers to printf.o(.text) for tfp_printf
    heap.o(.text) refers to k_memory.o(.text) for print_num_mem_blk
    heap.o(.text) refers to heap.o(.data) for first_mem_block
    queue.o(.text) refers to printf.o(.text) for tfp_printf
    queue.o(.text) refers to k_memory.o(.bss) for ready_queue
    envelope.o(.text) refers to k_memory.o(.text) for k_request_memory_block
    envelope.o(.text) refers to queue.o(.text) for q_push
    envelope.o(.text) refers to k_process.o(.text) for get_process_priority
    envelope.o(.text) refers to printf.o(.text) for tfp_printf
    envelope.o(.text) refers to timer.o(.data) for g_timer_count
    envelope.o(.text) refers to k_memory.o(.bss) for ready_queue
    envelope.o(.text) refers to k_process.o(.data) for gp_current_process
    timer.o(.emb_text) refers to timer.o(.text) for c_TIMER0_IRQHandler
    timer.o(.text) refers to k_process.o(.text) for get_pcb_from_pid
    timer.o(.text) refers to timer.o(.data) for g_timer_count
    usr_proc.o(.text) refers to envelope.o(.text) for receive_message
    usr_proc.o(.text) refers to printf.o(.text) for tfp_printf
    usr_proc.o(.text) refers to uart_polling.o(.text) for uart_put_string
    usr_proc.o(.text) refers to k_memory.o(.text) for k_release_memory_block
    usr_proc.o(.text) refers to k_process.o(.text) for k_release_processor
    usr_proc.o(.text) refers to usr_proc.o(.bss) for test_results
    usr_proc.o(.text) refers to timer.o(.data) for g_timer_count
    __main.o(!!!main) refers to rtentry.o(.ARM.Collect$$rtentry$$00000000) for __rt_entry
    rtentry.o(.ARM.Collect$$rtentry$$00000000) refers (Special) to rtentry2.o(.ARM.Collect$$rtentry$$0000000A) for __rt_entry_li
    rtentry.o(.ARM.Collect$$rtentry$$00000000) refers (Special) to rtentry2.o(.ARM.Collect$$rtentry$$0000000D) for __rt_entry_main
    rtentry.o(.ARM.Collect$$rtentry$$00000000) refers (Special) to rtentry2.o(.ARM.Collect$$rtentry$$0000000C) for __rt_entry_postli_1
    rtentry.o(.ARM.Collect$$rtentry$$00000000) refers (Special) to rtentry2.o(.ARM.Collect$$rtentry$$00000009) for __rt_entry_postsh_1
    rtentry.o(.ARM.Collect$$rtentry$$00000000) refers (Special) to rtentry2.o(.ARM.Collect$$rtentry$$00000002) for __rt_entry_presh_1
    rtentry.o(.ARM.Collect$$rtentry$$00000000) refers (Special) to rtentry4.o(.ARM.Collect$$rtentry$$00000004) for __rt_entry_sh
    rtentry2.o(.ARM.Collect$$rtentry$$00000008) refers to boardinit2.o(.text) for _platform_post_stackheap_init
    rtentry2.o(.ARM.Collect$$rtentry$$0000000A) refers to libinit.o(.ARM.Collect$$libinit$$00000000) for __rt_lib_init
    rtentry2.o(.ARM.Collect$$rtentry$$0000000B) refers to boardinit3.o(.text) for _platform_post_lib_init
    rtentry2.o(.ARM.Collect$$rtentry$$0000000D) refers to main_svc.o(.text) for main
    rtentry2.o(.ARM.Collect$$rtentry$$0000000D) refers to exit.o(.text) for exit
    rtentry2.o(.ARM.exidx) refers to rtentry2.o(.ARM.Collect$$rtentry$$00000001) for .ARM.Collect$$rtentry$$00000001
    rtentry2.o(.ARM.exidx) refers to rtentry2.o(.ARM.Collect$$rtentry$$00000008) for .ARM.Collect$$rtentry$$00000008
    rtentry2.o(.ARM.exidx) refers to rtentry2.o(.ARM.Collect$$rtentry$$0000000A) for .ARM.Collect$$rtentry$$0000000A
    rtentry2.o(.ARM.exidx) refers to rtentry2.o(.ARM.Collect$$rtentry$$0000000B) for .ARM.Collect$$rtentry$$0000000B
    rtentry2.o(.ARM.exidx) refers to rtentry2.o(.ARM.Collect$$rtentry$$0000000D) for .ARM.Collect$$rtentry$$0000000D
    rtentry4.o(.ARM.Collect$$rtentry$$00000004) refers to sys_stackheap_outer.o(.text) for __user_setup_stackheap
    rtentry4.o(.ARM.exidx) refers to rtentry4.o(.ARM.Collect$$rtentry$$00000004) for .ARM.Collect$$rtentry$$00000004
    sys_stackheap_outer.o(.text) refers to libspace.o(.text) for __user_perproc_libspace
    sys_stackheap_outer.o(.text) refers to startup_lpc17xx.o(.text) for __user_initial_stackheap
    exit.o(.text) refers to rtexit.o(.ARM.Collect$$rtexit$$00000000) for __rt_exit
    libinit.o(.ARM.Collect$$libinit$$00000000) refers (Special) to libinit2.o(.ARM.Collect$$libinit$$0000002C) for __rt_lib_init_alloca_1
    libinit.o(.ARM.Collect$$libinit$$00000000) refers (Special) to libinit2.o(.ARM.Collect$$libinit$$0000002A) for __rt_lib_init_argv_1
    libinit.o(.ARM.Collect$$libinit$$00000000) refers (Special) to libinit2.o(.ARM.Collect$$libinit$$00000019) for __rt_lib_init_atexit_1
    libinit.o(.ARM.Collect$$libinit$$00000000) refers (Special) to libinit2.o(.ARM.Collect$$libinit$$0000001F) for __rt_lib_init_clock_1
    libinit.o(.ARM.Collect$$libinit$$00000000) refers (Special) to libinit2.o(.ARM.Collect$$libinit$$00000030) for __rt_lib_init_cpp_1
    libinit.o(.ARM.Collect$$libinit$$00000000) refers (Special) to libinit2.o(.ARM.Collect$$libinit$$0000002E) for __rt_lib_init_exceptions_1
    libinit.o(.ARM.Collect$$libinit$$00000000) refers (Special) to libinit2.o(.ARM.Collect$$libinit$$00000002) for __rt_lib_init_fp_1
    libinit.o(.ARM.Collect$$libinit$$00000000) refers (Special) to libinit2.o(.ARM.Collect$$libinit$$0000001D) for __rt_lib_init_fp_trap_1
    libinit.o(.ARM.Collect$$libinit$$00000000) refers (Special) to libinit2.o(.ARM.Collect$$libinit$$00000021) for __rt_lib_init_getenv_1
    libinit.o(.ARM.Collect$$libinit$$00000000) refers (Special) to libinit2.o(.ARM.Collect$$libinit$$00000008) for __rt_lib_init_heap_1
    libinit.o(.ARM.Collect$$libinit$$00000000) refers (Special) to libinit2.o(.ARM.Collect$$libinit$$0000000F) for __rt_lib_init_lc_collate_1
    libinit.o(.ARM.Collect$$libinit$$00000000) refers (Special) to libinit2.o(.ARM.Collect$$libinit$$00000011) for __rt_lib_init_lc_ctype_1
    libinit.o(.ARM.Collect$$libinit$$00000000) refers (Special) to libinit2.o(.ARM.Collect$$libinit$$00000013) for __rt_lib_init_lc_monetary_1
    libinit.o(.ARM.Collect$$libinit$$00000000) refers (Special) to libinit2.o(.ARM.Collect$$libinit$$00000015) for __rt_lib_init_lc_numeric_1
    libinit.o(.ARM.Collect$$libinit$$00000000) refers (Special) to libinit2.o(.ARM.Collect$$libinit$$00000017) for __rt_lib_init_lc_time_1
    libinit.o(.ARM.Collect$$libinit$$00000000) refers (Special) to libinit2.o(.ARM.Collect$$libinit$$0000000C) for __rt_lib_init_rand_1
    libinit.o(.ARM.Collect$$libinit$$00000000) refers (Special) to libinit2.o(.ARM.Collect$$libinit$$00000031) for __rt_lib_init_return
    libinit.o(.ARM.Collect$$libinit$$00000000) refers (Special) to libinit2.o(.ARM.Collect$$libinit$$0000001B) for __rt_lib_init_signal_1
    libinit.o(.ARM.Collect$$libinit$$00000000) refers (Special) to libinit2.o(.ARM.Collect$$libinit$$00000023) for __rt_lib_init_stdio_1
    libinit.o(.ARM.Collect$$libinit$$00000000) refers (Special) to libinit2.o(.ARM.Collect$$libinit$$0000000A) for __rt_lib_init_user_alloc_1
    libspace.o(.text) refers to libspace.o(.bss) for __libspace_start
    rtexit.o(.ARM.Collect$$rtexit$$00000000) refers (Special) to rtexit2.o(.ARM.Collect$$rtexit$$00000004) for __rt_exit_exit
    rtexit.o(.ARM.Collect$$rtexit$$00000000) refers (Special) to rtexit2.o(.ARM.Collect$$rtexit$$00000003) for __rt_exit_ls
    rtexit.o(.ARM.Collect$$rtexit$$00000000) refers (Special) to rtexit2.o(.ARM.Collect$$rtexit$$00000002) for __rt_exit_prels_1
    rtexit.o(.ARM.exidx) refers (Special) to rtexit2.o(.ARM.Collect$$rtexit$$00000004) for __rt_exit_exit
    rtexit.o(.ARM.exidx) refers (Special) to rtexit2.o(.ARM.Collect$$rtexit$$00000003) for __rt_exit_ls
    rtexit.o(.ARM.exidx) refers (Special) to rtexit2.o(.ARM.Collect$$rtexit$$00000002) for __rt_exit_prels_1
    rtexit.o(.ARM.exidx) refers to rtexit.o(.ARM.Collect$$rtexit$$00000000) for .ARM.Collect$$rtexit$$00000000
    libinit2.o(.ARM.Collect$$libinit$$0000000E) refers to libinit2.o(.ARM.Collect$$libinit$$0000000D) for .ARM.Collect$$libinit$$0000000D
    libinit2.o(.ARM.Collect$$libinit$$00000010) refers to libinit2.o(.ARM.Collect$$libinit$$0000000D) for .ARM.Collect$$libinit$$0000000D
    libinit2.o(.ARM.Collect$$libinit$$00000012) refers to libinit2.o(.ARM.Collect$$libinit$$0000000D) for .ARM.Collect$$libinit$$0000000D
    libinit2.o(.ARM.Collect$$libinit$$00000014) refers to libinit2.o(.ARM.Collect$$libinit$$0000000D) for .ARM.Collect$$libinit$$0000000D
    libinit2.o(.ARM.Collect$$libinit$$00000016) refers to libinit2.o(.ARM.Collect$$libinit$$0000000D) for .ARM.Collect$$libinit$$0000000D
    libinit2.o(.ARM.Collect$$libinit$$00000024) refers to argv_veneer.o(.emb_text) for __ARM_argv_veneer
    libinit2.o(.ARM.Collect$$libinit$$00000025) refers to argv_veneer.o(.emb_text) for __ARM_argv_veneer
    rtexit2.o(.ARM.Collect$$rtexit$$00000003) refers to libshutdown.o(.ARM.Collect$$libshutdown$$00000000) for __rt_lib_shutdown
    rtexit2.o(.ARM.Collect$$rtexit$$00000004) refers to sys_exit.o(.text) for _sys_exit
    rtexit2.o(.ARM.exidx) refers to rtexit2.o(.ARM.Collect$$rtexit$$00000001) for .ARM.Collect$$rtexit$$00000001
    rtexit2.o(.ARM.exidx) refers to rtexit2.o(.ARM.Collect$$rtexit$$00000003) for .ARM.Collect$$rtexit$$00000003
    rtexit2.o(.ARM.exidx) refers to rtexit2.o(.ARM.Collect$$rtexit$$00000004) for .ARM.Collect$$rtexit$$00000004
    argv_veneer.o(.emb_text) refers to no_argv.o(.text) for __ARM_get_argv
    sys_exit.o(.text) refers (Special) to use_no_semi.o(.text) for __I$use$semihosting
    sys_exit.o(.text) refers (Special) to indicate_semi.o(.text) for __semihosting_library_function
    _get_argv_nomalloc.o(.text) refers (Special) to hrguard.o(.text) for __heap_region$guard
    _get_argv_nomalloc.o(.text) refers to defsig_rtmem_outer.o(.text) for __rt_SIGRTMEM
    _get_argv_nomalloc.o(.text) refers to sys_command.o(.text) for _sys_command_string
    libshutdown.o(.ARM.Collect$$libshutdown$$00000000) refers (Special) to libshutdown2.o(.ARM.Collect$$libshutdown$$00000006) for __rt_lib_shutdown_fp_trap_1
    libshutdown.o(.ARM.Collect$$libshutdown$$00000000) refers (Special) to libshutdown2.o(.ARM.Collect$$libshutdown$$0000000E) for __rt_lib_shutdown_heap_1
    libshutdown.o(.ARM.Collect$$libshutdown$$00000000) refers (Special) to libshutdown2.o(.ARM.Collect$$libshutdown$$0000000F) for __rt_lib_shutdown_return
    libshutdown.o(.ARM.Collect$$libshutdown$$00000000) refers (Special) to libshutdown2.o(.ARM.Collect$$libshutdown$$00000009) for __rt_lib_shutdown_signal_1
    libshutdown.o(.ARM.Collect$$libshutdown$$00000000) refers (Special) to libshutdown2.o(.ARM.Collect$$libshutdown$$00000003) for __rt_lib_shutdown_stdio_1
    libshutdown.o(.ARM.Collect$$libshutdown$$00000000) refers (Special) to libshutdown2.o(.ARM.Collect$$libshutdown$$0000000B) for __rt_lib_shutdown_user_alloc_1
    sys_command.o(.text) refers (Special) to use_no_semi.o(.text) for __I$use$semihosting
    sys_command.o(.text) refers (Special) to indicate_semi.o(.text) for __semihosting_library_function
    defsig_rtmem_outer.o(.text) refers to defsig_rtmem_inner.o(.text) for __rt_SIGRTMEM_inner
    defsig_rtmem_outer.o(.text) refers to defsig_exit.o(.text) for __sig_exit
    defsig_rtmem_formal.o(.text) refers to rt_raise.o(.text) for __rt_raise
    rt_raise.o(.text) refers to __raise.o(.text) for __raise
    rt_raise.o(.text) refers to sys_exit.o(.text) for _sys_exit
    defsig_exit.o(.text) refers to sys_exit.o(.text) for _sys_exit
    defsig_rtmem_inner.o(.text) refers to defsig_general.o(.text) for __default_signal_display
    __raise.o(.text) refers to defsig.o(CL$$defsig) for __default_signal_handler
    defsig_general.o(.text) refers to sys_wrch.o(.text) for _ttywrch
    sys_wrch.o(.text) refers (Special) to use_no_semi.o(.text) for __I$use$semihosting
    sys_wrch.o(.text) refers (Special) to indicate_semi.o(.text) for __semihosting_library_function
    defsig.o(CL$$defsig) refers to defsig_rtmem_inner.o(.text) for __rt_SIGRTMEM_inner
    defsig_abrt_inner.o(.text) refers to defsig_general.o(.text) for __default_signal_display
    defsig_fpe_inner.o(.text) refers to defsig_general.o(.text) for __default_signal_display
    defsig_rtred_inner.o(.text) refers to defsig_general.o(.text) for __default_signal_display
    defsig_stak_inner.o(.text) refers to defsig_general.o(.text) for __default_signal_display
    defsig_pvfn_inner.o(.text) refers to defsig_general.o(.text) for __default_signal_display
    defsig_cppl_inner.o(.text) refers to defsig_general.o(.text) for __default_signal_display
    defsig_segv_inner.o(.text) refers to defsig_general.o(.text) for __default_signal_display
    defsig_other.o(.text) refers to defsig_general.o(.text) for __default_signal_display


==============================================================================

Removing Unused input sections from the image.

    Removing system_lpc17xx.o(.rev16_text), (4 bytes).
    Removing system_lpc17xx.o(.revsh_text), (4 bytes).
    Removing uart_polling.o(.rev16_text), (4 bytes).
    Removing uart_polling.o(.revsh_text), (4 bytes).
    Removing main_svc.o(.rev16_text), (4 bytes).
    Removing main_svc.o(.revsh_text), (4 bytes).
    Removing uart_irq.o(.rev16_text), (4 bytes).
    Removing uart_irq.o(.revsh_text), (4 bytes).
    Removing k_process.o(.rev16_text), (4 bytes).
    Removing k_process.o(.revsh_text), (4 bytes).
    Removing timer.o(.rev16_text), (4 bytes).
    Removing timer.o(.revsh_text), (4 bytes).

12 unused section(s) (total 48 bytes) removed from the image.

==============================================================================

Image Symbol Table

    Local Symbols

    Symbol Name                              Value     Ov Type        Size  Object(Section)

    RESET                                    0x00000000   Section      204  startup_lpc17xx.o(RESET)
    ../clib/angel/boardlib.s                 0x00000000   Number         0  boardinit2.o ABSOLUTE
    ../clib/angel/boardlib.s                 0x00000000   Number         0  boardshut.o ABSOLUTE
    ../clib/angel/boardlib.s                 0x00000000   Number         0  boardinit1.o ABSOLUTE
    ../clib/angel/boardlib.s                 0x00000000   Number         0  boardinit3.o ABSOLUTE
    ../clib/angel/handlers.s                 0x00000000   Number         0  __scatter_zi.o ABSOLUTE
    ../clib/angel/handlers.s                 0x00000000   Number         0  __scatter_copy.o ABSOLUTE
    ../clib/angel/kernel.s                   0x00000000   Number         0  rtentry.o ABSOLUTE
    ../clib/angel/kernel.s                   0x00000000   Number         0  rtexit2.o ABSOLUTE
    ../clib/angel/kernel.s                   0x00000000   Number         0  rtentry2.o ABSOLUTE
    ../clib/angel/kernel.s                   0x00000000   Number         0  rtexit.o ABSOLUTE
    ../clib/angel/kernel.s                   0x00000000   Number         0  rtentry4.o ABSOLUTE
    ../clib/angel/rt.s                       0x00000000   Number         0  rt_raise.o ABSOLUTE
    ../clib/angel/scatter.s                  0x00000000   Number         0  __scatter.o ABSOLUTE
    ../clib/angel/startup.s                  0x00000000   Number         0  __main.o ABSOLUTE
    ../clib/angel/sys.s                      0x00000000   Number         0  sys_stackheap_outer.o ABSOLUTE
    ../clib/angel/sys.s                      0x00000000   Number         0  libspace.o ABSOLUTE
    ../clib/angel/sys.s                      0x00000000   Number         0  indicate_semi.o ABSOLUTE
    ../clib/angel/sys.s                      0x00000000   Number         0  use_no_semi.o ABSOLUTE
    ../clib/angel/sysapp.c                   0x00000000   Number         0  sys_wrch.o ABSOLUTE
    ../clib/angel/sysapp.c                   0x00000000   Number         0  sys_command.o ABSOLUTE
    ../clib/angel/sysapp.c                   0x00000000   Number         0  sys_exit.o ABSOLUTE
    ../clib/armsys.c                         0x00000000   Number         0  argv_veneer.o ABSOLUTE
    ../clib/armsys.c                         0x00000000   Number         0  _get_argv_nomalloc.o ABSOLUTE
    ../clib/armsys.c                         0x00000000   Number         0  argv_veneer.o ABSOLUTE
    ../clib/armsys.c                         0x00000000   Number         0  no_argv.o ABSOLUTE
    ../clib/heapalloc.c                      0x00000000   Number         0  hrguard.o ABSOLUTE
    ../clib/heapaux.c                        0x00000000   Number         0  heapauxi.o ABSOLUTE
    ../clib/libinit.s                        0x00000000   Number         0  libinit2.o ABSOLUTE
    ../clib/libinit.s                        0x00000000   Number         0  libinit.o ABSOLUTE
    ../clib/libinit.s                        0x00000000   Number         0  libshutdown2.o ABSOLUTE
    ../clib/libinit.s                        0x00000000   Number         0  libshutdown.o ABSOLUTE
    ../clib/signal.c                         0x00000000   Number         0  defsig_rtmem_outer.o ABSOLUTE
    ../clib/signal.c                         0x00000000   Number         0  defsig_rtmem_formal.o ABSOLUTE
    ../clib/signal.c                         0x00000000   Number         0  defsig_cppl_inner.o ABSOLUTE
    ../clib/signal.c                         0x00000000   Number         0  __raise.o ABSOLUTE
    ../clib/signal.c                         0x00000000   Number         0  defsig_rtmem_inner.o ABSOLUTE
    ../clib/signal.c                         0x00000000   Number         0  defsig_pvfn_inner.o ABSOLUTE
    ../clib/signal.c                         0x00000000   Number         0  defsig_general.o ABSOLUTE
    ../clib/signal.c                         0x00000000   Number         0  defsig_stak_inner.o ABSOLUTE
    ../clib/signal.c                         0x00000000   Number         0  defsig_rtred_inner.o ABSOLUTE
    ../clib/signal.c                         0x00000000   Number         0  defsig_fpe_inner.o ABSOLUTE
    ../clib/signal.c                         0x00000000   Number         0  defsig_abrt_inner.o ABSOLUTE
    ../clib/signal.c                         0x00000000   Number         0  defsig_exit.o ABSOLUTE
    ../clib/signal.c                         0x00000000   Number         0  defsig_segv_inner.o ABSOLUTE
    ../clib/signal.c                         0x00000000   Number         0  defsig_other.o ABSOLUTE
    ../clib/signal.s                         0x00000000   Number         0  defsig.o ABSOLUTE
    ../clib/stdlib.c                         0x00000000   Number         0  exit.o ABSOLUTE
    ../fplib/fpinit.s                        0x00000000   Number         0  fpinit.o ABSOLUTE
    dc.s                                     0x00000000   Number         0  dc.o ABSOLUTE
    src\HAL.c                                0x00000000   Number         0  hal.o ABSOLUTE
    src\\HAL.c                               0x00000000   Number         0  hal.o ABSOLUTE
    src\\k_process.c                         0x00000000   Number         0  k_process.o ABSOLUTE
    src\\main_svc.c                          0x00000000   Number         0  main_svc.o ABSOLUTE
    src\\system_LPC17xx.c                    0x00000000   Number         0  system_lpc17xx.o ABSOLUTE
    src\\timer.c                             0x00000000   Number         0  timer.o ABSOLUTE
    src\\uart_irq.c                          0x00000000   Number         0  uart_irq.o ABSOLUTE
    src\\uart_polling.c                      0x00000000   Number         0  uart_polling.o ABSOLUTE
    src\envelope.c                           0x00000000   Number         0  envelope.o ABSOLUTE
    src\heap.c                               0x00000000   Number         0  heap.o ABSOLUTE
    src\k_memory.c                           0x00000000   Number         0  k_memory.o ABSOLUTE
    src\k_process.c                          0x00000000   Number         0  k_process.o ABSOLUTE
    src\k_rtx_init.c                         0x00000000   Number         0  k_rtx_init.o ABSOLUTE
    src\main_svc.c                           0x00000000   Number         0  main_svc.o ABSOLUTE
    src\printf.c                             0x00000000   Number         0  printf.o ABSOLUTE
    src\queue.c                              0x00000000   Number         0  queue.o ABSOLUTE
    src\startup_LPC17xx.s                    0x00000000   Number         0  startup_lpc17xx.o ABSOLUTE
    src\system_LPC17xx.c                     0x00000000   Number         0  system_lpc17xx.o ABSOLUTE
    src\timer.c                              0x00000000   Number         0  timer.o ABSOLUTE
    src\uart_irq.c                           0x00000000   Number         0  uart_irq.o ABSOLUTE
    src\uart_polling.c                       0x00000000   Number         0  uart_polling.o ABSOLUTE
    src\usr_proc.c                           0x00000000   Number         0  usr_proc.o ABSOLUTE
    !!!main                                  0x000000cc   Section        8  __main.o(!!!main)
    !!!scatter                               0x000000d4   Section       52  __scatter.o(!!!scatter)
    !!handler_copy                           0x00000108   Section       26  __scatter_copy.o(!!handler_copy)
    !!handler_zi                             0x00000124   Section       28  __scatter_zi.o(!!handler_zi)
    .ARM.Collect$$libinit$$00000000          0x00000140   Section        2  libinit.o(.ARM.Collect$$libinit$$00000000)
    .ARM.Collect$$libinit$$00000002          0x00000142   Section        0  libinit2.o(.ARM.Collect$$libinit$$00000002)
    .ARM.Collect$$libinit$$00000008          0x00000142   Section        0  libinit2.o(.ARM.Collect$$libinit$$00000008)
    .ARM.Collect$$libinit$$0000000A          0x00000142   Section        0  libinit2.o(.ARM.Collect$$libinit$$0000000A)
    .ARM.Collect$$libinit$$0000000C          0x00000142   Section        0  libinit2.o(.ARM.Collect$$libinit$$0000000C)
    .ARM.Collect$$libinit$$0000000F          0x00000142   Section        0  libinit2.o(.ARM.Collect$$libinit$$0000000F)
    .ARM.Collect$$libinit$$00000011          0x00000142   Section        0  libinit2.o(.ARM.Collect$$libinit$$00000011)
    .ARM.Collect$$libinit$$00000013          0x00000142   Section        0  libinit2.o(.ARM.Collect$$libinit$$00000013)
    .ARM.Collect$$libinit$$00000015          0x00000142   Section        0  libinit2.o(.ARM.Collect$$libinit$$00000015)
    .ARM.Collect$$libinit$$00000017          0x00000142   Section        0  libinit2.o(.ARM.Collect$$libinit$$00000017)
    .ARM.Collect$$libinit$$00000019          0x00000142   Section        0  libinit2.o(.ARM.Collect$$libinit$$00000019)
    .ARM.Collect$$libinit$$0000001B          0x00000142   Section        0  libinit2.o(.ARM.Collect$$libinit$$0000001B)
    .ARM.Collect$$libinit$$0000001D          0x00000142   Section        0  libinit2.o(.ARM.Collect$$libinit$$0000001D)
    .ARM.Collect$$libinit$$0000001F          0x00000142   Section        0  libinit2.o(.ARM.Collect$$libinit$$0000001F)
    .ARM.Collect$$libinit$$00000021          0x00000142   Section        0  libinit2.o(.ARM.Collect$$libinit$$00000021)
    .ARM.Collect$$libinit$$00000023          0x00000142   Section        0  libinit2.o(.ARM.Collect$$libinit$$00000023)
    .ARM.Collect$$libinit$$0000002A          0x00000142   Section        0  libinit2.o(.ARM.Collect$$libinit$$0000002A)
    .ARM.Collect$$libinit$$0000002C          0x00000142   Section        0  libinit2.o(.ARM.Collect$$libinit$$0000002C)
    .ARM.Collect$$libinit$$0000002E          0x00000142   Section        0  libinit2.o(.ARM.Collect$$libinit$$0000002E)
    .ARM.Collect$$libinit$$00000030          0x00000142   Section        0  libinit2.o(.ARM.Collect$$libinit$$00000030)
    .ARM.Collect$$libinit$$00000031          0x00000142   Section        2  libinit2.o(.ARM.Collect$$libinit$$00000031)
    .ARM.Collect$$libshutdown$$00000000      0x00000144   Section        2  libshutdown.o(.ARM.Collect$$libshutdown$$00000000)
    .ARM.Collect$$libshutdown$$00000003      0x00000146   Section        0  libshutdown2.o(.ARM.Collect$$libshutdown$$00000003)
    .ARM.Collect$$libshutdown$$00000006      0x00000146   Section        0  libshutdown2.o(.ARM.Collect$$libshutdown$$00000006)
    .ARM.Collect$$libshutdown$$00000009      0x00000146   Section        0  libshutdown2.o(.ARM.Collect$$libshutdown$$00000009)
    .ARM.Collect$$libshutdown$$0000000B      0x00000146   Section        0  libshutdown2.o(.ARM.Collect$$libshutdown$$0000000B)
    .ARM.Collect$$libshutdown$$0000000E      0x00000146   Section        0  libshutdown2.o(.ARM.Collect$$libshutdown$$0000000E)
    .ARM.Collect$$libshutdown$$0000000F      0x00000146   Section        2  libshutdown2.o(.ARM.Collect$$libshutdown$$0000000F)
    .ARM.Collect$$rtentry$$00000000          0x00000148   Section        0  rtentry.o(.ARM.Collect$$rtentry$$00000000)
    .ARM.Collect$$rtentry$$00000002          0x00000148   Section        0  rtentry2.o(.ARM.Collect$$rtentry$$00000002)
    .ARM.Collect$$rtentry$$00000004          0x00000148   Section        6  rtentry4.o(.ARM.Collect$$rtentry$$00000004)
    .ARM.Collect$$rtentry$$00000009          0x0000014e   Section        0  rtentry2.o(.ARM.Collect$$rtentry$$00000009)
    .ARM.Collect$$rtentry$$0000000A          0x0000014e   Section        4  rtentry2.o(.ARM.Collect$$rtentry$$0000000A)
    .ARM.Collect$$rtentry$$0000000C          0x00000152   Section        0  rtentry2.o(.ARM.Collect$$rtentry$$0000000C)
    .ARM.Collect$$rtentry$$0000000D          0x00000152   Section        8  rtentry2.o(.ARM.Collect$$rtentry$$0000000D)
    .ARM.Collect$$rtexit$$00000000           0x0000015a   Section        2  rtexit.o(.ARM.Collect$$rtexit$$00000000)
    .ARM.Collect$$rtexit$$00000002           0x0000015c   Section        0  rtexit2.o(.ARM.Collect$$rtexit$$00000002)
    .ARM.Collect$$rtexit$$00000003           0x0000015c   Section        4  rtexit2.o(.ARM.Collect$$rtexit$$00000003)
    .ARM.Collect$$rtexit$$00000004           0x00000160   Section        6  rtexit2.o(.ARM.Collect$$rtexit$$00000004)
    .emb_text                                0x00000168   Section       32  uart_irq.o(.emb_text)
    .emb_text                                0x00000188   Section       50  hal.o(.emb_text)
    .emb_text                                0x000001bc   Section       12  timer.o(.emb_text)
    .text                                    0x000001c8   Section       52  startup_lpc17xx.o(.text)
    .text                                    0x000001fc   Section        0  system_lpc17xx.o(.text)
    .text                                    0x00000418   Section        0  uart_polling.o(.text)
    .text                                    0x0000053c   Section        0  printf.o(.text)
    ui2a                                     0x0000053d   Thumb Code    86  printf.o(.text)
    i2a                                      0x00000593   Thumb Code    32  printf.o(.text)
    a2d                                      0x000005b3   Thumb Code    50  printf.o(.text)
    a2i                                      0x000005e5   Thumb Code    58  printf.o(.text)
    putchw                                   0x0000061f   Thumb Code    82  printf.o(.text)
    putcp                                    0x000007c5   Thumb Code    10  printf.o(.text)
    .text                                    0x00000800   Section        0  main_svc.o(.text)
    .text                                    0x00000828   Section        0  uart_irq.o(.text)
    NVIC_EnableIRQ                           0x0000098f   Thumb Code    24  uart_irq.o(.text)
    NVIC_DisableIRQ                          0x000009a7   Thumb Code    18  uart_irq.o(.text)
    .text                                    0x00000a70   Section        0  k_rtx_init.o(.text)
    .text                                    0x00000aa8   Section        0  k_memory.o(.text)
    .text                                    0x00000cc4   Section        0  k_process.o(.text)
    .text                                    0x0000122c   Section        0  heap.o(.text)
    .text                                    0x00001294   Section        0  queue.o(.text)
    .text                                    0x0000152c   Section        0  envelope.o(.text)
    .text                                    0x00001760   Section        0  timer.o(.text)
    .text                                    0x000017d0   Section        0  usr_proc.o(.text)
    .text                                    0x00001e10   Section        0  heapauxi.o(.text)
    .text                                    0x00001e16   Section       74  sys_stackheap_outer.o(.text)
    .text                                    0x00001e60   Section        0  exit.o(.text)
    .text                                    0x00001e6c   Section        8  libspace.o(.text)
    .text                                    0x00001e74   Section        0  sys_exit.o(.text)
    .text                                    0x00001e80   Section        2  use_no_semi.o(.text)
    .text                                    0x00001e82   Section        0  indicate_semi.o(.text)
    .constdata                               0x00001e84   Section      175  k_rtx_init.o(.constdata)
    .data                                    0x10000000   Section        4  system_lpc17xx.o(.data)
    .data                                    0x10000004   Section        8  printf.o(.data)
    stdout_putf                              0x10000004   Data           4  printf.o(.data)
    stdout_putp                              0x10000008   Data           4  printf.o(.data)
    .data                                    0x1000000c   Section       28  uart_irq.o(.data)
    .data                                    0x10000028   Section        4  k_memory.o(.data)
    .data                                    0x1000002c   Section       12  k_process.o(.data)
    .data                                    0x10000038   Section       16  heap.o(.data)
    .data                                    0x10000048   Section        4  timer.o(.data)
    .bss                                     0x1000004c   Section      120  k_memory.o(.bss)
    .bss                                     0x100000c4   Section      160  k_process.o(.bss)
    .bss                                     0x10000164   Section      140  usr_proc.o(.bss)
    .bss                                     0x100001f0   Section       96  libspace.o(.bss)
    HEAP                                     0x10000250   Section        0  startup_lpc17xx.o(HEAP)
    STACK                                    0x10000250   Section      512  startup_lpc17xx.o(STACK)
    Heap_Mem                                 0x10000250   Data           0  startup_lpc17xx.o(HEAP)
    Stack_Mem                                0x10000250   Data         512  startup_lpc17xx.o(STACK)
    __initial_sp                             0x10000450   Data           0  startup_lpc17xx.o(STACK)

    Global Symbols

    Symbol Name                              Value     Ov Type        Size  Object(Section)

    BuildAttributes$$THM_ISAv4$P$D$K$B$S$PE$A:L22UL41UL21$X:L11$S22US41US21$IEEE1$IW$USESV6$~STKCKD$USESV7$~SHL$OSPACE$ROPI$EBA8$UX$STANDARDLIB$REQ8$PRES8$EABIv2 0x00000000   Number         0  anon$$obj.o ABSOLUTE
    __ARM_use_no_argv                        0x00000000   Number         0  main_svc.o ABSOLUTE
    __Vectors                                0x00000000   Data           4  startup_lpc17xx.o(RESET)
    __ARM_exceptions_init                     - Undefined Weak Reference
    __alloca_initialize                       - Undefined Weak Reference
    __cpp_initialize__aeabi_                  - Undefined Weak Reference
    __cxa_finalize                            - Undefined Weak Reference
    __rt_locale                               - Undefined Weak Reference
    __sigvec_lookup                           - Undefined Weak Reference
    _atexit_init                              - Undefined Weak Reference
    _call_atexit_fns                          - Undefined Weak Reference
    _clock_init                               - Undefined Weak Reference
    _fp_trap_init                             - Undefined Weak Reference
    _fp_trap_shutdown                         - Undefined Weak Reference
    _get_lc_collate                           - Undefined Weak Reference
    _get_lc_ctype                             - Undefined Weak Reference
    _get_lc_monetary                          - Undefined Weak Reference
    _get_lc_numeric                           - Undefined Weak Reference
    _get_lc_time                              - Undefined Weak Reference
    _getenv_init                              - Undefined Weak Reference
    _handle_redirection                       - Undefined Weak Reference
    _init_alloc                               - Undefined Weak Reference
    _init_user_alloc                          - Undefined Weak Reference
    _initio                                   - Undefined Weak Reference
    _rand_init                                - Undefined Weak Reference
    _signal_finish                            - Undefined Weak Reference
    _signal_init                              - Undefined Weak Reference
    _terminate_alloc                          - Undefined Weak Reference
    _terminate_user_alloc                     - Undefined Weak Reference
    _terminateio                              - Undefined Weak Reference
    __main                                   0x000000cd   Thumb Code     8  __main.o(!!!main)
    __scatterload                            0x000000d5   Thumb Code     0  __scatter.o(!!!scatter)
    __scatterload_rt2                        0x000000d5   Thumb Code    44  __scatter.o(!!!scatter)
    __scatterload_rt2_thumb_only             0x000000d5   Thumb Code     0  __scatter.o(!!!scatter)
    __scatterload_null                       0x000000e3   Thumb Code     0  __scatter.o(!!!scatter)
    __scatterload_copy                       0x00000109   Thumb Code    26  __scatter_copy.o(!!handler_copy)
    __scatterload_zeroinit                   0x00000125   Thumb Code    28  __scatter_zi.o(!!handler_zi)
    __rt_lib_init                            0x00000141   Thumb Code     0  libinit.o(.ARM.Collect$$libinit$$00000000)
    __rt_lib_init_alloca_1                   0x00000143   Thumb Code     0  libinit2.o(.ARM.Collect$$libinit$$0000002C)
    __rt_lib_init_argv_1                     0x00000143   Thumb Code     0  libinit2.o(.ARM.Collect$$libinit$$0000002A)
    __rt_lib_init_atexit_1                   0x00000143   Thumb Code     0  libinit2.o(.ARM.Collect$$libinit$$00000019)
    __rt_lib_init_clock_1                    0x00000143   Thumb Code     0  libinit2.o(.ARM.Collect$$libinit$$0000001F)
    __rt_lib_init_cpp_1                      0x00000143   Thumb Code     0  libinit2.o(.ARM.Collect$$libinit$$00000030)
    __rt_lib_init_exceptions_1               0x00000143   Thumb Code     0  libinit2.o(.ARM.Collect$$libinit$$0000002E)
    __rt_lib_init_fp_1                       0x00000143   Thumb Code     0  libinit2.o(.ARM.Collect$$libinit$$00000002)
    __rt_lib_init_fp_trap_1                  0x00000143   Thumb Code     0  libinit2.o(.ARM.Collect$$libinit$$0000001D)
    __rt_lib_init_getenv_1                   0x00000143   Thumb Code     0  libinit2.o(.ARM.Collect$$libinit$$00000021)
    __rt_lib_init_heap_1                     0x00000143   Thumb Code     0  libinit2.o(.ARM.Collect$$libinit$$00000008)
    __rt_lib_init_lc_collate_1               0x00000143   Thumb Code     0  libinit2.o(.ARM.Collect$$libinit$$0000000F)
    __rt_lib_init_lc_ctype_1                 0x00000143   Thumb Code     0  libinit2.o(.ARM.Collect$$libinit$$00000011)
    __rt_lib_init_lc_monetary_1              0x00000143   Thumb Code     0  libinit2.o(.ARM.Collect$$libinit$$00000013)
    __rt_lib_init_lc_numeric_1               0x00000143   Thumb Code     0  libinit2.o(.ARM.Collect$$libinit$$00000015)
    __rt_lib_init_lc_time_1                  0x00000143   Thumb Code     0  libinit2.o(.ARM.Collect$$libinit$$00000017)
    __rt_lib_init_rand_1                     0x00000143   Thumb Code     0  libinit2.o(.ARM.Collect$$libinit$$0000000C)
    __rt_lib_init_return                     0x00000143   Thumb Code     0  libinit2.o(.ARM.Collect$$libinit$$00000031)
    __rt_lib_init_signal_1                   0x00000143   Thumb Code     0  libinit2.o(.ARM.Collect$$libinit$$0000001B)
    __rt_lib_init_stdio_1                    0x00000143   Thumb Code     0  libinit2.o(.ARM.Collect$$libinit$$00000023)
    __rt_lib_init_user_alloc_1               0x00000143   Thumb Code     0  libinit2.o(.ARM.Collect$$libinit$$0000000A)
    __rt_lib_shutdown                        0x00000145   Thumb Code     0  libshutdown.o(.ARM.Collect$$libshutdown$$00000000)
    __rt_lib_shutdown_fp_trap_1              0x00000147   Thumb Code     0  libshutdown2.o(.ARM.Collect$$libshutdown$$00000006)
    __rt_lib_shutdown_heap_1                 0x00000147   Thumb Code     0  libshutdown2.o(.ARM.Collect$$libshutdown$$0000000E)
    __rt_lib_shutdown_return                 0x00000147   Thumb Code     0  libshutdown2.o(.ARM.Collect$$libshutdown$$0000000F)
    __rt_lib_shutdown_signal_1               0x00000147   Thumb Code     0  libshutdown2.o(.ARM.Collect$$libshutdown$$00000009)
    __rt_lib_shutdown_stdio_1                0x00000147   Thumb Code     0  libshutdown2.o(.ARM.Collect$$libshutdown$$00000003)
    __rt_lib_shutdown_user_alloc_1           0x00000147   Thumb Code     0  libshutdown2.o(.ARM.Collect$$libshutdown$$0000000B)
    __rt_entry                               0x00000149   Thumb Code     0  rtentry.o(.ARM.Collect$$rtentry$$00000000)
    __rt_entry_presh_1                       0x00000149   Thumb Code     0  rtentry2.o(.ARM.Collect$$rtentry$$00000002)
    __rt_entry_sh                            0x00000149   Thumb Code     0  rtentry4.o(.ARM.Collect$$rtentry$$00000004)
    __rt_entry_li                            0x0000014f   Thumb Code     0  rtentry2.o(.ARM.Collect$$rtentry$$0000000A)
    __rt_entry_postsh_1                      0x0000014f   Thumb Code     0  rtentry2.o(.ARM.Collect$$rtentry$$00000009)
    __rt_entry_main                          0x00000153   Thumb Code     0  rtentry2.o(.ARM.Collect$$rtentry$$0000000D)
    __rt_entry_postli_1                      0x00000153   Thumb Code     0  rtentry2.o(.ARM.Collect$$rtentry$$0000000C)
    __rt_exit                                0x0000015b   Thumb Code     0  rtexit.o(.ARM.Collect$$rtexit$$00000000)
    __rt_exit_ls                             0x0000015d   Thumb Code     0  rtexit2.o(.ARM.Collect$$rtexit$$00000003)
    __rt_exit_prels_1                        0x0000015d   Thumb Code     0  rtexit2.o(.ARM.Collect$$rtexit$$00000002)
    __rt_exit_exit                           0x00000161   Thumb Code     0  rtexit2.o(.ARM.Collect$$rtexit$$00000004)
    UART0_IRQHandler                         0x00000169   Thumb Code    28  uart_irq.o(.emb_text)
    __rte                                    0x00000189   Thumb Code     6  hal.o(.emb_text)
    SVC_Handler                              0x0000018f   Thumb Code    44  hal.o(.emb_text)
    TIMER0_IRQHandler                        0x000001bd   Thumb Code    12  timer.o(.emb_text)
    Reset_Handler                            0x000001c9   Thumb Code     4  startup_lpc17xx.o(.text)
    NMI_Handler                              0x000001cd   Thumb Code     2  startup_lpc17xx.o(.text)
    HardFault_Handler                        0x000001cf   Thumb Code     2  startup_lpc17xx.o(.text)
    MemManage_Handler                        0x000001d1   Thumb Code     2  startup_lpc17xx.o(.text)
    BusFault_Handler                         0x000001d3   Thumb Code     2  startup_lpc17xx.o(.text)
    UsageFault_Handler                       0x000001d5   Thumb Code     2  startup_lpc17xx.o(.text)
    DebugMon_Handler                         0x000001d9   Thumb Code     2  startup_lpc17xx.o(.text)
    PendSV_Handler                           0x000001db   Thumb Code     2  startup_lpc17xx.o(.text)
    SysTick_Handler                          0x000001dd   Thumb Code     2  startup_lpc17xx.o(.text)
    ADC_IRQHandler                           0x000001df   Thumb Code     0  startup_lpc17xx.o(.text)
    BOD_IRQHandler                           0x000001df   Thumb Code     0  startup_lpc17xx.o(.text)
    CANActivity_IRQHandler                   0x000001df   Thumb Code     0  startup_lpc17xx.o(.text)
    CAN_IRQHandler                           0x000001df   Thumb Code     0  startup_lpc17xx.o(.text)
    DMA_IRQHandler                           0x000001df   Thumb Code     0  startup_lpc17xx.o(.text)
    EINT0_IRQHandler                         0x000001df   Thumb Code     0  startup_lpc17xx.o(.text)
    EINT1_IRQHandler                         0x000001df   Thumb Code     0  startup_lpc17xx.o(.text)
    EINT2_IRQHandler                         0x000001df   Thumb Code     0  startup_lpc17xx.o(.text)
    EINT3_IRQHandler                         0x000001df   Thumb Code     0  startup_lpc17xx.o(.text)
    ENET_IRQHandler                          0x000001df   Thumb Code     0  startup_lpc17xx.o(.text)
    I2C0_IRQHandler                          0x000001df   Thumb Code     0  startup_lpc17xx.o(.text)
    I2C1_IRQHandler                          0x000001df   Thumb Code     0  startup_lpc17xx.o(.text)
    I2C2_IRQHandler                          0x000001df   Thumb Code     0  startup_lpc17xx.o(.text)
    I2S_IRQHandler                           0x000001df   Thumb Code     0  startup_lpc17xx.o(.text)
    MCPWM_IRQHandler                         0x000001df   Thumb Code     0  startup_lpc17xx.o(.text)
    PLL0_IRQHandler                          0x000001df   Thumb Code     0  startup_lpc17xx.o(.text)
    PLL1_IRQHandler                          0x000001df   Thumb Code     0  startup_lpc17xx.o(.text)
    PWM1_IRQHandler                          0x000001df   Thumb Code     0  startup_lpc17xx.o(.text)
    QEI_IRQHandler                           0x000001df   Thumb Code     0  startup_lpc17xx.o(.text)
    RIT_IRQHandler                           0x000001df   Thumb Code     0  startup_lpc17xx.o(.text)
    RTC_IRQHandler                           0x000001df   Thumb Code     0  startup_lpc17xx.o(.text)
    SPI_IRQHandler                           0x000001df   Thumb Code     0  startup_lpc17xx.o(.text)
    SSP0_IRQHandler                          0x000001df   Thumb Code     0  startup_lpc17xx.o(.text)
    SSP1_IRQHandler                          0x000001df   Thumb Code     0  startup_lpc17xx.o(.text)
    TIMER1_IRQHandler                        0x000001df   Thumb Code     0  startup_lpc17xx.o(.text)
    TIMER2_IRQHandler                        0x000001df   Thumb Code     0  startup_lpc17xx.o(.text)
    TIMER3_IRQHandler                        0x000001df   Thumb Code     0  startup_lpc17xx.o(.text)
    UART1_IRQHandler                         0x000001df   Thumb Code     0  startup_lpc17xx.o(.text)
    UART2_IRQHandler                         0x000001df   Thumb Code     0  startup_lpc17xx.o(.text)
    UART3_IRQHandler                         0x000001df   Thumb Code     0  startup_lpc17xx.o(.text)
    USBActivity_IRQHandler                   0x000001df   Thumb Code     0  startup_lpc17xx.o(.text)
    USB_IRQHandler                           0x000001df   Thumb Code     0  startup_lpc17xx.o(.text)
    WDT_IRQHandler                           0x000001df   Thumb Code     0  startup_lpc17xx.o(.text)
    __user_initial_stackheap                 0x000001e1   Thumb Code     0  startup_lpc17xx.o(.text)
    SystemInit                               0x000001fd   Thumb Code   476  system_lpc17xx.o(.text)
    uart_init                                0x00000419   Thumb Code    96  uart_polling.o(.text)
    uart_get_char                            0x00000479   Thumb Code    36  uart_polling.o(.text)
    uart_put_char                            0x0000049d   Thumb Code    40  uart_polling.o(.text)
    uart_put_string                          0x000004c5   Thumb Code    38  uart_polling.o(.text)
    putc                                     0x000004eb   Thumb Code    28  uart_polling.o(.text)
    tfp_format                               0x00000671   Thumb Code   296  printf.o(.text)
    init_printf                              0x00000799   Thumb Code    10  printf.o(.text)
    tfp_printf                               0x000007a3   Thumb Code    34  printf.o(.text)
    tfp_sprintf                              0x000007cf   Thumb Code    38  printf.o(.text)
    main                                     0x00000801   Thumb Code    32  main_svc.o(.text)
    uart_irq_init                            0x00000829   Thumb Code   132  uart_irq.o(.text)
    c_UART0_IRQHandler                       0x000008ad   Thumb Code   192  uart_irq.o(.text)
    atomic                                   0x0000096d   Thumb Code    34  uart_irq.o(.text)
    k_rtx_init                               0x00000a71   Thumb Code    50  k_rtx_init.o(.text)
    memory_init                              0x00000aa9   Thumb Code   200  k_memory.o(.text)
    alloc_stack                              0x00000b71   Thumb Code    32  k_memory.o(.text)
    k_request_memory_block                   0x00000b91   Thumb Code    72  k_memory.o(.text)
    k_release_memory_block                   0x00000bd9   Thumb Code    86  k_memory.o(.text)
    print_num_mem_blk                        0x00000c2f   Thumb Code    38  k_memory.o(.text)
    get_num_mem_blk                          0x00000c55   Thumb Code    28  k_memory.o(.text)
    k_get_process_priority                   0x00000cc5   Thumb Code    40  k_process.o(.text)
    get_process_priority                     0x00000ced   Thumb Code    12  k_process.o(.text)
    process_switch                           0x00000cf9   Thumb Code   120  k_process.o(.text)
    scheduler                                0x00000d71   Thumb Code    18  k_process.o(.text)
    k_release_from_iprocess                  0x00000d83   Thumb Code    58  k_process.o(.text)
    get_pcb_from_pid                         0x00000dbd   Thumb Code    40  k_process.o(.text)
    Timer_i                                  0x00000de5   Thumb Code    68  k_process.o(.text)
    k_release_processor                      0x00000e29   Thumb Code    96  k_process.o(.text)
    CRT                                      0x00000e89   Thumb Code    96  k_process.o(.text)
    null                                     0x00000ee9   Thumb Code    30  k_process.o(.text)
    add_system_processes                     0x00000f07   Thumb Code    88  k_process.o(.text)
    process_init                             0x00000f5f   Thumb Code   242  k_process.o(.text)
    k_set_process_priority                   0x00001051   Thumb Code    52  k_process.o(.text)
    set_process_priority                     0x00001085   Thumb Code    16  k_process.o(.text)
    k_release_into_iprocess                  0x00001095   Thumb Code   338  k_process.o(.text)
    KCD                                      0x000011e7   Thumb Code    48  k_process.o(.text)
    UART_i                                   0x00001217   Thumb Code    14  k_process.o(.text)
    h_pop                                    0x0000122d   Thumb Code    54  heap.o(.text)
    h_push                                   0x00001263   Thumb Code    20  heap.o(.text)
    q_init                                   0x00001295   Thumb Code     8  queue.o(.text)
    q_pop                                    0x0000129d   Thumb Code    30  queue.o(.text)
    q_pop_highest_priority                   0x000012bb   Thumb Code    34  queue.o(.text)
    q_push                                   0x000012dd   Thumb Code    36  queue.o(.text)
    q_print_process                          0x00001301   Thumb Code    54  queue.o(.text)
    q_print_rdy_process                      0x00001337   Thumb Code    46  queue.o(.text)
    q_print_blk_mem_process                  0x00001365   Thumb Code    46  queue.o(.text)
    q_print_blk_rcv_process                  0x00001393   Thumb Code    38  queue.o(.text)
    q_remove_pid                             0x000013b9   Thumb Code    92  queue.o(.text)
    create_envelope                          0x0000152d   Thumb Code    62  envelope.o(.text)
    send_envelope                            0x0000156b   Thumb Code    54  envelope.o(.text)
    send_message                             0x000015a1   Thumb Code    46  envelope.o(.text)
    receive_message                          0x000015cf   Thumb Code   120  envelope.o(.text)
    receive_message_nonblocking              0x00001647   Thumb Code    18  envelope.o(.text)
    delayed_send                             0x00001659   Thumb Code    76  envelope.o(.text)
    get_num_msg                              0x000016a5   Thumb Code    56  envelope.o(.text)
    timer_init                               0x00001761   Thumb Code    64  timer.o(.text)
    c_TIMER0_IRQHandler                      0x000017a1   Thumb Code    42  timer.o(.text)
    message_receive_test                     0x000017d1   Thumb Code    76  usr_proc.o(.text)
    message_send_test                        0x0000181d   Thumb Code    62  usr_proc.o(.text)
    print_test_results                       0x0000185b   Thumb Code    76  usr_proc.o(.text)
    blocked_test                             0x000018a7   Thumb Code    90  usr_proc.o(.text)
    memory_block_test                        0x00001901   Thumb Code   162  usr_proc.o(.text)
    priority_test                            0x000019a3   Thumb Code   110  usr_proc.o(.text)
    proc2                                    0x00001a11   Thumb Code   102  usr_proc.o(.text)
    proc1                                    0x00001a77   Thumb Code   102  usr_proc.o(.text)
    set_test_procs                           0x00001add   Thumb Code   792  usr_proc.o(.text)
    __use_two_region_memory                  0x00001e11   Thumb Code     2  heapauxi.o(.text)
    __rt_heap_escrow$2region                 0x00001e13   Thumb Code     2  heapauxi.o(.text)
    __rt_heap_expand$2region                 0x00001e15   Thumb Code     2  heapauxi.o(.text)
    __user_setup_stackheap                   0x00001e17   Thumb Code    74  sys_stackheap_outer.o(.text)
    exit                                     0x00001e61   Thumb Code    12  exit.o(.text)
    __user_libspace                          0x00001e6d   Thumb Code     8  libspace.o(.text)
    __user_perproc_libspace                  0x00001e6d   Thumb Code     0  libspace.o(.text)
    __user_perthread_libspace                0x00001e6d   Thumb Code     0  libspace.o(.text)
    _sys_exit                                0x00001e75   Thumb Code     8  sys_exit.o(.text)
    __I$use$semihosting                      0x00001e81   Thumb Code     0  use_no_semi.o(.text)
    __use_no_semihosting_swi                 0x00001e81   Thumb Code     2  use_no_semi.o(.text)
    __semihosting_library_function           0x00001e83   Thumb Code     0  indicate_semi.o(.text)
    Region$$Table$$Base                      0x00001f34   Number         0  anon$$obj.o(Region$$Table)
    Region$$Table$$Limit                     0x00001f54   Number         0  anon$$obj.o(Region$$Table)
    SystemFrequency                          0x10000000   Data           4  system_lpc17xx.o(.data)
    g_buffer                                 0x1000000c   Data          16  uart_irq.o(.data)
    gp_buffer                                0x1000001c   Data           4  uart_irq.o(.data)
    g_send_char                              0x10000020   Data           1  uart_irq.o(.data)
    g_char_in                                0x10000021   Data           1  uart_irq.o(.data)
    g_char_out                               0x10000022   Data           1  uart_irq.o(.data)
    atomicflag                               0x10000024   Data           4  uart_irq.o(.data)
    gp_stack                                 0x10000028   Data           4  k_memory.o(.data)
    g_switch_flag                            0x1000002c   Data           4  k_process.o(.data)
    gp_pcbs                                  0x10000030   Data           4  k_process.o(.data)
    gp_current_process                       0x10000034   Data           4  k_process.o(.data)
    first_mem_block                          0x10000038   Data           4  heap.o(.data)
    NUM_MEM_BLK                              0x1000003c   Data           4  heap.o(.data)
    SIZE_MEM_BLK                             0x10000040   Data           4  heap.o(.data)
    heap_begin                               0x10000044   Data           4  heap.o(.data)
    g_timer_count                            0x10000048   Data           4  timer.o(.data)
    blocked_rcv_queue                        0x1000004c   Data          40  k_memory.o(.bss)
    blocked_queue                            0x10000074   Data          40  k_memory.o(.bss)
    ready_queue                              0x1000009c   Data          40  k_memory.o(.bss)
    g_proc_table                             0x100000c4   Data         160  k_process.o(.bss)
    g_test_procs                             0x10000164   Data         112  usr_proc.o(.bss)
    test_results                             0x100001d4   Data          28  usr_proc.o(.bss)
    __libspace_start                         0x100001f0   Data          96  libspace.o(.bss)
    __temporary_stack_top$libspace           0x10000250   Data           0  libspace.o(.bss)
    Image$$RW_IRAM1$$ZI$$Limit               0x10000450   Number         0  startup_lpc17xx.o(STACK)



==============================================================================

Memory Map of the image

  Image Entry point : 0x000000cd

  Load Region LR_IROM1 (Base: 0x00000000, Size: 0x00001fa0, Max: 0x00080000, ABSOLUTE)

    Execution Region ER_IROM1 (Base: 0x00000000, Size: 0x00001f54, Max: 0x00080000, ABSOLUTE)

    Base Addr    Size         Type   Attr      Idx    E Section Name        Object

    0x00000000   0x000000cc   Data   RO            3    RESET               startup_lpc17xx.o
    0x000000cc   0x00000008   Code   RO          408  * !!!main             c_w.l(__main.o)
    0x000000d4   0x00000034   Code   RO          562    !!!scatter          c_w.l(__scatter.o)
    0x00000108   0x0000001a   Code   RO          564    !!handler_copy      c_w.l(__scatter_copy.o)
    0x00000122   0x00000002   PAD
    0x00000124   0x0000001c   Code   RO          566    !!handler_zi        c_w.l(__scatter_zi.o)
    0x00000140   0x00000002   Code   RO          435    .ARM.Collect$$libinit$$00000000  c_w.l(libinit.o)
    0x00000142   0x00000000   Code   RO          442    .ARM.Collect$$libinit$$00000002  c_w.l(libinit2.o)
    0x00000142   0x00000000   Code   RO          445    .ARM.Collect$$libinit$$00000008  c_w.l(libinit2.o)
    0x00000142   0x00000000   Code   RO          447    .ARM.Collect$$libinit$$0000000A  c_w.l(libinit2.o)
    0x00000142   0x00000000   Code   RO          449    .ARM.Collect$$libinit$$0000000C  c_w.l(libinit2.o)
    0x00000142   0x00000000   Code   RO          452    .ARM.Collect$$libinit$$0000000F  c_w.l(libinit2.o)
    0x00000142   0x00000000   Code   RO          454    .ARM.Collect$$libinit$$00000011  c_w.l(libinit2.o)
    0x00000142   0x00000000   Code   RO          456    .ARM.Collect$$libinit$$00000013  c_w.l(libinit2.o)
    0x00000142   0x00000000   Code   RO          458    .ARM.Collect$$libinit$$00000015  c_w.l(libinit2.o)
    0x00000142   0x00000000   Code   RO          460    .ARM.Collect$$libinit$$00000017  c_w.l(libinit2.o)
    0x00000142   0x00000000   Code   RO          462    .ARM.Collect$$libinit$$00000019  c_w.l(libinit2.o)
    0x00000142   0x00000000   Code   RO          464    .ARM.Collect$$libinit$$0000001B  c_w.l(libinit2.o)
    0x00000142   0x00000000   Code   RO          466    .ARM.Collect$$libinit$$0000001D  c_w.l(libinit2.o)
    0x00000142   0x00000000   Code   RO          468    .ARM.Collect$$libinit$$0000001F  c_w.l(libinit2.o)
    0x00000142   0x00000000   Code   RO          470    .ARM.Collect$$libinit$$00000021  c_w.l(libinit2.o)
    0x00000142   0x00000000   Code   RO          472    .ARM.Collect$$libinit$$00000023  c_w.l(libinit2.o)
    0x00000142   0x00000000   Code   RO          476    .ARM.Collect$$libinit$$0000002A  c_w.l(libinit2.o)
    0x00000142   0x00000000   Code   RO          478    .ARM.Collect$$libinit$$0000002C  c_w.l(libinit2.o)
    0x00000142   0x00000000   Code   RO          480    .ARM.Collect$$libinit$$0000002E  c_w.l(libinit2.o)
    0x00000142   0x00000000   Code   RO          482    .ARM.Collect$$libinit$$00000030  c_w.l(libinit2.o)
    0x00000142   0x00000002   Code   RO          483    .ARM.Collect$$libinit$$00000031  c_w.l(libinit2.o)
    0x00000144   0x00000002   Code   RO          503    .ARM.Collect$$libshutdown$$00000000  c_w.l(libshutdown.o)
    0x00000146   0x00000000   Code   RO          517    .ARM.Collect$$libshutdown$$00000003  c_w.l(libshutdown2.o)
    0x00000146   0x00000000   Code   RO          520    .ARM.Collect$$libshutdown$$00000006  c_w.l(libshutdown2.o)
    0x00000146   0x00000000   Code   RO          523    .ARM.Collect$$libshutdown$$00000009  c_w.l(libshutdown2.o)
    0x00000146   0x00000000   Code   RO          525    .ARM.Collect$$libshutdown$$0000000B  c_w.l(libshutdown2.o)
    0x00000146   0x00000000   Code   RO          528    .ARM.Collect$$libshutdown$$0000000E  c_w.l(libshutdown2.o)
    0x00000146   0x00000002   Code   RO          529    .ARM.Collect$$libshutdown$$0000000F  c_w.l(libshutdown2.o)
    0x00000148   0x00000000   Code   RO          410    .ARM.Collect$$rtentry$$00000000  c_w.l(rtentry.o)
    0x00000148   0x00000000   Code   RO          412    .ARM.Collect$$rtentry$$00000002  c_w.l(rtentry2.o)
    0x00000148   0x00000006   Code   RO          424    .ARM.Collect$$rtentry$$00000004  c_w.l(rtentry4.o)
    0x0000014e   0x00000000   Code   RO          414    .ARM.Collect$$rtentry$$00000009  c_w.l(rtentry2.o)
    0x0000014e   0x00000004   Code   RO          415    .ARM.Collect$$rtentry$$0000000A  c_w.l(rtentry2.o)
    0x00000152   0x00000000   Code   RO          417    .ARM.Collect$$rtentry$$0000000C  c_w.l(rtentry2.o)
    0x00000152   0x00000008   Code   RO          418    .ARM.Collect$$rtentry$$0000000D  c_w.l(rtentry2.o)
    0x0000015a   0x00000002   Code   RO          439    .ARM.Collect$$rtexit$$00000000  c_w.l(rtexit.o)
    0x0000015c   0x00000000   Code   RO          485    .ARM.Collect$$rtexit$$00000002  c_w.l(rtexit2.o)
    0x0000015c   0x00000004   Code   RO          486    .ARM.Collect$$rtexit$$00000003  c_w.l(rtexit2.o)
    0x00000160   0x00000006   Code   RO          487    .ARM.Collect$$rtexit$$00000004  c_w.l(rtexit2.o)
    0x00000166   0x00000002   PAD
    0x00000168   0x00000020   Code   RO          129    .emb_text           uart_irq.o
    0x00000188   0x00000032   Code   RO          162    .emb_text           hal.o
    0x000001ba   0x00000002   PAD
    0x000001bc   0x0000000c   Code   RO          349    .emb_text           timer.o
    0x000001c8   0x00000034   Code   RO            4    .text               startup_lpc17xx.o
    0x000001fc   0x0000021c   Code   RO           12    .text               system_lpc17xx.o
    0x00000418   0x00000124   Code   RO           56    .text               uart_polling.o
    0x0000053c   0x000002c4   Code   RO           80    .text               printf.o
    0x00000800   0x00000028   Code   RO          102    .text               main_svc.o
    0x00000828   0x00000248   Code   RO          130    .text               uart_irq.o
    0x00000a70   0x00000038   Code   RO          169    .text               k_rtx_init.o
    0x00000aa8   0x0000021c   Code   RO          203    .text               k_memory.o
    0x00000cc4   0x00000568   Code   RO          239    .text               k_process.o
    0x0000122c   0x00000068   Code   RO          278    .text               heap.o
    0x00001294   0x00000298   Code   RO          306    .text               queue.o
    0x0000152c   0x00000234   Code   RO          321    .text               envelope.o
    0x00001760   0x00000070   Code   RO          350    .text               timer.o
    0x000017d0   0x00000640   Code   RO          385    .text               usr_proc.o
    0x00001e10   0x00000006   Code   RO          406    .text               c_w.l(heapauxi.o)
    0x00001e16   0x0000004a   Code   RO          426    .text               c_w.l(sys_stackheap_outer.o)
    0x00001e60   0x0000000c   Code   RO          428    .text               c_w.l(exit.o)
    0x00001e6c   0x00000008   Code   RO          436    .text               c_w.l(libspace.o)
    0x00001e74   0x0000000c   Code   RO          495    .text               c_w.l(sys_exit.o)
    0x00001e80   0x00000002   Code   RO          506    .text               c_w.l(use_no_semi.o)
    0x00001e82   0x00000000   Code   RO          508    .text               c_w.l(indicate_semi.o)
    0x00001e82   0x00000002   PAD
    0x00001e84   0x000000af   Data   RO          170    .constdata          k_rtx_init.o
    0x00001f33   0x00000001   PAD
    0x00001f34   0x00000020   Data   RO          560    Region$$Table       anon$$obj.o


    Execution Region RW_IRAM1 (Base: 0x10000000, Size: 0x00000450, Max: 0x00008000, ABSOLUTE)

    Base Addr    Size         Type   Attr      Idx    E Section Name        Object

    0x10000000   0x00000004   Data   RW           13    .data               system_lpc17xx.o
    0x10000004   0x00000008   Data   RW           81    .data               printf.o
    0x1000000c   0x0000001c   Data   RW          131    .data               uart_irq.o
    0x10000028   0x00000004   Data   RW          205    .data               k_memory.o
    0x1000002c   0x0000000c   Data   RW          241    .data               k_process.o
    0x10000038   0x00000010   Data   RW          279    .data               heap.o
    0x10000048   0x00000004   Data   RW          351    .data               timer.o
    0x1000004c   0x00000078   Zero   RW          204    .bss                k_memory.o
    0x100000c4   0x000000a0   Zero   RW          240    .bss                k_process.o
    0x10000164   0x0000008c   Zero   RW          386    .bss                usr_proc.o
    0x100001f0   0x00000060   Zero   RW          437    .bss                c_w.l(libspace.o)
    0x10000250   0x00000000   Zero   RW            2    HEAP                startup_lpc17xx.o
    0x10000250   0x00000200   Zero   RW            1    STACK               startup_lpc17xx.o


==============================================================================

Image component sizes


      Code (inc. data)   RO Data    RW Data    ZI Data      Debug   Object Name

       564        132          0          0          0       3923   envelope.o
        50          0          0          0          0        280   hal.o
       104         30          0         16          0       2273   heap.o
       540         84          0          4        120       3711   k_memory.o
      1384        258          0         12        160       8213   k_process.o
        56          6        175          0          0        381   k_rtx_init.o
        40          8          0          0          0       1323   main_svc.o
       708         12          0          8          0       3844   printf.o
       664        280          0          0          0       3306   queue.o
        52         18        204          0        512        724   startup_lpc17xx.o
       540         64          0          4          0      21519   system_lpc17xx.o
       124          6          0          4          0      25096   timer.o
       616        188          0         28          0      25910   uart_irq.o
       292         54          0          0          0       1861   uart_polling.o
      1600        680          0          0        140       2812   usr_proc.o

    ----------------------------------------------------------------------
      7336       1820        412         76        932     105176   Object Totals
         0          0         32          0          0          0   (incl. Generated)
         2          0          1          0          0          0   (incl. Padding)

    ----------------------------------------------------------------------

      Code (inc. data)   RO Data    RW Data    ZI Data      Debug   Library Member Name

         8          0          0          0          0         68   __main.o
        52          8          0          0          0          0   __scatter.o
        26          0          0          0          0          0   __scatter_copy.o
        28          0          0          0          0          0   __scatter_zi.o
        12          0          0          0          0         72   exit.o
         6          0          0          0          0        152   heapauxi.o
         0          0          0          0          0          0   indicate_semi.o
         2          0          0          0          0          0   libinit.o
         2          0          0          0          0          0   libinit2.o
         2          0          0          0          0          0   libshutdown.o
         2          0          0          0          0          0   libshutdown2.o
         8          4          0          0         96         68   libspace.o
         0          0          0          0          0          0   rtentry.o
        12          0          0          0          0          0   rtentry2.o
         6          0          0          0          0          0   rtentry4.o
         2          0          0          0          0          0   rtexit.o
        10          0          0          0          0          0   rtexit2.o
        12          4          0          0          0         68   sys_exit.o
        74          0          0          0          0         80   sys_stackheap_outer.o
         2          0          0          0          0         68   use_no_semi.o

    ----------------------------------------------------------------------
       272         16          0          0         96        576   Library Totals
         6          0          0          0          0          0   (incl. Padding)

    ----------------------------------------------------------------------

      Code (inc. data)   RO Data    RW Data    ZI Data      Debug   Library Name

       266         16          0          0         96        576   c_w.l

    ----------------------------------------------------------------------
       272         16          0          0         96        576   Library Totals

    ----------------------------------------------------------------------

==============================================================================


      Code (inc. data)   RO Data    RW Data    ZI Data      Debug   

      7608       1836        412         76       1028     104400   Grand Totals
      7608       1836        412         76       1028     104400   ELF Image Totals
      7608       1836        412         76          0          0   ROM Totals

==============================================================================

    Total RO  Size (Code + RO Data)                 8020 (   7.83kB)
    Total RW  Size (RW Data + ZI Data)              1104 (   1.08kB)
    Total ROM Size (Code + RO Data + RW Data)       8096 (   7.91kB)

==============================================================================

