<html>
<body>
<pre>
<h1>µVision Build Log</h1>
<h2>Project:</h2>
N:\SE350\nulab\SE-350-Lab\LAB 4\context_switching.uvproj
Project File Date:  03/22/2014

<h2>Output:</h2>
Rebuild target 'Context Switching SIM'
assembling startup_LPC17xx.s...
compiling system_LPC17xx.c...
compiling uart_polling.c...
compiling printf.c...
compiling main_svc.c...
compiling uart_irq.c...
compiling HAL.c...
compiling k_rtx_init.c...
compiling k_memory.c...
compiling k_process.c...
src\k_process.c(303): warning:  #550-D: variable "ret_val" was set but never used
src\k_process.c(347): warning:  #223-D: function "atomic_off" declared implicitly
src\k_process.c(314): warning:  #550-D: variable "ret_val" was set but never used
src\k_process.c(356): warning:  #550-D: variable "ret_val" was set but never used
src\k_process.c(518): warning:  #550-D: variable "ret_val" was set but never used
src\k_process.c(583): warning:  #550-D: variable "ret_val" was set but never used
src\k_process.c(608): warning:  #177-D: variable "ret_val" was declared but never referenced
src\k_process.c(611): warning:  #177-D: variable "sizemailbox" was declared but never referenced
src\k_process.c(652): warning:  #177-D: variable "ret_val" was declared but never referenced
src\k_process.c(658): warning:  #550-D: variable "g_send_char" was set but never used
compiling heap.c...
compiling queue.c...
compiling envelope.c...
compiling timer.c...
compiling usr_proc.c...
src\usr_proc.c(38): warning:  #167-D: argument of type "char *" is incompatible with parameter of type "unsigned char *"
src\usr_proc.c(254): warning:  #550-D: variable "ret_val" was set but never used
src\usr_proc.c(283): warning:  #550-D: variable "ret_val" was set but never used
src\usr_proc.c(328): warning:  #167-D: argument of type "char *" is incompatible with parameter of type "unsigned char *"
src\usr_proc.c(351): warning:  #223-D: function "q_init" declared implicitly
src\usr_proc.c(359): warning:  #223-D: function "q_pop" declared implicitly
src\usr_proc.c(363): warning:  #223-D: function "atoi" declared implicitly
src\usr_proc.c(383): warning:  #223-D: function "q_push" declared implicitly
compiling q_queue.c...
linking...
Program Size: Code=9792 RO-data=400 RW-data=80 ZI-data=1352  
"context_switching.axf" - 0 Error(s), 18 Warning(s).
Load "N:\\SE350\\nulab\\SE-350-Lab\\LAB 4\\context_switching.AXF" 
Erase Done.
Programming Done.
Verify OK.
Rebuild target 'Context Switching SIM'
assembling startup_LPC17xx.s...
compiling system_LPC17xx.c...
compiling uart_polling.c...
compiling printf.c...
compiling main_svc.c...
compiling uart_irq.c...
compiling HAL.c...
compiling k_rtx_init.c...
compiling k_memory.c...
compiling k_process.c...
src\k_process.c(303): warning:  #550-D: variable "ret_val" was set but never used
src\k_process.c(347): warning:  #223-D: function "atomic_off" declared implicitly
src\k_process.c(314): warning:  #550-D: variable "ret_val" was set but never used
src\k_process.c(356): warning:  #550-D: variable "ret_val" was set but never used
src\k_process.c(518): warning:  #550-D: variable "ret_val" was set but never used
src\k_process.c(583): warning:  #550-D: variable "ret_val" was set but never used
src\k_process.c(608): warning:  #177-D: variable "ret_val" was declared but never referenced
src\k_process.c(611): warning:  #177-D: variable "sizemailbox" was declared but never referenced
src\k_process.c(652): warning:  #177-D: variable "ret_val" was declared but never referenced
src\k_process.c(658): warning:  #550-D: variable "g_send_char" was set but never used
compiling heap.c...
compiling queue.c...
compiling envelope.c...
compiling timer.c...
compiling usr_proc.c...
src\usr_proc.c(38): warning:  #167-D: argument of type "char *" is incompatible with parameter of type "unsigned char *"
src\usr_proc.c(254): warning:  #550-D: variable "ret_val" was set but never used
src\usr_proc.c(283): warning:  #550-D: variable "ret_val" was set but never used
src\usr_proc.c(328): warning:  #167-D: argument of type "char *" is incompatible with parameter of type "unsigned char *"
src\usr_proc.c(351): warning:  #223-D: function "q_init" declared implicitly
src\usr_proc.c(359): warning:  #223-D: function "q_pop" declared implicitly
src\usr_proc.c(363): warning:  #223-D: function "atoi" declared implicitly
src\usr_proc.c(383): warning:  #223-D: function "q_push" declared implicitly
compiling q_queue.c...
linking...
Program Size: Code=9792 RO-data=400 RW-data=80 ZI-data=1352  
"context_switching.axf" - 0 Error(s), 18 Warning(s).
Load "N:\\SE350\\nulab\\SE-350-Lab\\LAB 4\\context_switching.AXF" 
Erase Done.
Programming Done.
Verify OK.
Rebuild target 'Context Switching SIM'
assembling startup_LPC17xx.s...
compiling system_LPC17xx.c...
compiling uart_polling.c...
compiling printf.c...
compiling main_svc.c...
compiling uart_irq.c...
compiling HAL.c...
compiling k_rtx_init.c...
compiling k_memory.c...
compiling k_process.c...
src\k_process.c(303): warning:  #550-D: variable "ret_val" was set but never used
src\k_process.c(347): warning:  #223-D: function "atomic_off" declared implicitly
src\k_process.c(314): warning:  #550-D: variable "ret_val" was set but never used
src\k_process.c(356): warning:  #550-D: variable "ret_val" was set but never used
src\k_process.c(518): warning:  #550-D: variable "ret_val" was set but never used
src\k_process.c(583): warning:  #550-D: variable "ret_val" was set but never used
src\k_process.c(608): warning:  #177-D: variable "ret_val" was declared but never referenced
src\k_process.c(611): warning:  #177-D: variable "sizemailbox" was declared but never referenced
src\k_process.c(652): warning:  #177-D: variable "ret_val" was declared but never referenced
src\k_process.c(658): warning:  #550-D: variable "g_send_char" was set but never used
compiling heap.c...
compiling queue.c...
compiling envelope.c...
compiling timer.c...
compiling usr_proc.c...
src\usr_proc.c(38): warning:  #167-D: argument of type "char *" is incompatible with parameter of type "unsigned char *"
src\usr_proc.c(254): warning:  #550-D: variable "ret_val" was set but never used
src\usr_proc.c(283): warning:  #550-D: variable "ret_val" was set but never used
src\usr_proc.c(328): warning:  #167-D: argument of type "char *" is incompatible with parameter of type "unsigned char *"
src\usr_proc.c(351): warning:  #223-D: function "q_init" declared implicitly
src\usr_proc.c(359): warning:  #223-D: function "q_pop" declared implicitly
src\usr_proc.c(363): warning:  #223-D: function "atoi" declared implicitly
src\usr_proc.c(383): warning:  #223-D: function "q_push" declared implicitly
compiling q_queue.c...
linking...
Program Size: Code=9792 RO-data=400 RW-data=80 ZI-data=1352  
"context_switching.axf" - 0 Error(s), 18 Warning(s).
Load "N:\\SE350\\nulab\\SE-350-Lab\\LAB 4\\context_switching.AXF" 
Erase Done.
Programming Done.
Verify OK.
Rebuild target 'Context Switching SIM'
assembling startup_LPC17xx.s...
compiling system_LPC17xx.c...
compiling uart_polling.c...
compiling printf.c...
compiling main_svc.c...
compiling uart_irq.c...
compiling HAL.c...
compiling k_rtx_init.c...
compiling k_memory.c...
compiling k_process.c...
src\k_process.c(303): warning:  #550-D: variable "ret_val" was set but never used
src\k_process.c(347): warning:  #223-D: function "atomic_off" declared implicitly
src\k_process.c(314): warning:  #550-D: variable "ret_val" was set but never used
src\k_process.c(356): warning:  #550-D: variable "ret_val" was set but never used
src\k_process.c(518): warning:  #550-D: variable "ret_val" was set but never used
src\k_process.c(583): warning:  #550-D: variable "ret_val" was set but never used
src\k_process.c(608): warning:  #177-D: variable "ret_val" was declared but never referenced
src\k_process.c(611): warning:  #177-D: variable "sizemailbox" was declared but never referenced
src\k_process.c(652): warning:  #177-D: variable "ret_val" was declared but never referenced
src\k_process.c(658): warning:  #550-D: variable "g_send_char" was set but never used
compiling heap.c...
compiling queue.c...
compiling envelope.c...
compiling timer.c...
compiling usr_proc.c...
src\usr_proc.c(38): warning:  #167-D: argument of type "char *" is incompatible with parameter of type "unsigned char *"
src\usr_proc.c(254): warning:  #550-D: variable "ret_val" was set but never used
src\usr_proc.c(283): warning:  #550-D: variable "ret_val" was set but never used
src\usr_proc.c(328): warning:  #167-D: argument of type "char *" is incompatible with parameter of type "unsigned char *"
src\usr_proc.c(351): warning:  #223-D: function "q_init" declared implicitly
src\usr_proc.c(359): warning:  #223-D: function "q_pop" declared implicitly
src\usr_proc.c(363): warning:  #223-D: function "atoi" declared implicitly
src\usr_proc.c(383): warning:  #223-D: function "q_push" declared implicitly
compiling q_queue.c...
linking...
Program Size: Code=9792 RO-data=400 RW-data=80 ZI-data=1352  
"context_switching.axf" - 0 Error(s), 18 Warning(s).
Load "N:\\SE350\\nulab\\SE-350-Lab\\LAB 4\\context_switching.AXF" 
Erase Done.
Programming Done.
Verify OK.
Rebuild target 'Context Switching SIM'
assembling startup_LPC17xx.s...
compiling system_LPC17xx.c...
compiling uart_polling.c...
compiling printf.c...
compiling main_svc.c...
compiling uart_irq.c...
compiling HAL.c...
compiling k_rtx_init.c...
compiling k_memory.c...
compiling k_process.c...
src\k_process.c(303): warning:  #550-D: variable "ret_val" was set but never used
src\k_process.c(347): warning:  #223-D: function "atomic_off" declared implicitly
src\k_process.c(314): warning:  #550-D: variable "ret_val" was set but never used
src\k_process.c(356): warning:  #550-D: variable "ret_val" was set but never used
src\k_process.c(518): warning:  #550-D: variable "ret_val" was set but never used
src\k_process.c(583): warning:  #550-D: variable "ret_val" was set but never used
src\k_process.c(608): warning:  #177-D: variable "ret_val" was declared but never referenced
src\k_process.c(611): warning:  #177-D: variable "sizemailbox" was declared but never referenced
src\k_process.c(652): warning:  #177-D: variable "ret_val" was declared but never referenced
src\k_process.c(658): warning:  #550-D: variable "g_send_char" was set but never used
compiling heap.c...
compiling queue.c...
compiling envelope.c...
compiling timer.c...
compiling usr_proc.c...
src\usr_proc.c(38): warning:  #167-D: argument of type "char *" is incompatible with parameter of type "unsigned char *"
src\usr_proc.c(254): warning:  #550-D: variable "ret_val" was set but never used
src\usr_proc.c(283): warning:  #550-D: variable "ret_val" was set but never used
src\usr_proc.c(328): warning:  #167-D: argument of type "char *" is incompatible with parameter of type "unsigned char *"
src\usr_proc.c(351): warning:  #223-D: function "q_init" declared implicitly
src\usr_proc.c(359): warning:  #223-D: function "q_pop" declared implicitly
src\usr_proc.c(363): warning:  #223-D: function "atoi" declared implicitly
src\usr_proc.c(383): warning:  #223-D: function "q_push" declared implicitly
compiling q_queue.c...
linking...
Program Size: Code=9792 RO-data=400 RW-data=80 ZI-data=1352  
"context_switching.axf" - 0 Error(s), 18 Warning(s).
Load "N:\\SE350\\nulab\\SE-350-Lab\\LAB 4\\context_switching.AXF" 
Erase Done.
Programming Done.
Verify OK.
Rebuild target 'Context Switching SIM'
assembling startup_LPC17xx.s...
compiling system_LPC17xx.c...
compiling uart_polling.c...
compiling printf.c...
compiling main_svc.c...
compiling uart_irq.c...
compiling HAL.c...
compiling k_rtx_init.c...
compiling k_memory.c...
compiling k_process.c...
src\k_process.c(303): warning:  #550-D: variable "ret_val" was set but never used
src\k_process.c(347): warning:  #223-D: function "atomic_off" declared implicitly
src\k_process.c(314): warning:  #550-D: variable "ret_val" was set but never used
src\k_process.c(356): warning:  #550-D: variable "ret_val" was set but never used
src\k_process.c(518): warning:  #550-D: variable "ret_val" was set but never used
src\k_process.c(583): warning:  #550-D: variable "ret_val" was set but never used
src\k_process.c(608): warning:  #177-D: variable "ret_val" was declared but never referenced
src\k_process.c(611): warning:  #177-D: variable "sizemailbox" was declared but never referenced
src\k_process.c(652): warning:  #177-D: variable "ret_val" was declared but never referenced
src\k_process.c(658): warning:  #550-D: variable "g_send_char" was set but never used
compiling heap.c...
compiling queue.c...
compiling envelope.c...
compiling timer.c...
compiling usr_proc.c...
src\usr_proc.c(38): warning:  #167-D: argument of type "char *" is incompatible with parameter of type "unsigned char *"
src\usr_proc.c(254): warning:  #550-D: variable "ret_val" was set but never used
src\usr_proc.c(283): warning:  #550-D: variable "ret_val" was set but never used
src\usr_proc.c(328): warning:  #167-D: argument of type "char *" is incompatible with parameter of type "unsigned char *"
src\usr_proc.c(351): warning:  #223-D: function "q_init" declared implicitly
src\usr_proc.c(359): warning:  #223-D: function "q_pop" declared implicitly
src\usr_proc.c(363): warning:  #223-D: function "atoi" declared implicitly
src\usr_proc.c(383): warning:  #223-D: function "q_push" declared implicitly
compiling q_queue.c...
linking...
Program Size: Code=9792 RO-data=400 RW-data=80 ZI-data=1352  
"context_switching.axf" - 0 Error(s), 18 Warning(s).
Load "N:\\SE350\\nulab\\SE-350-Lab\\LAB 4\\context_switching.AXF" 
Erase Done.
Programming Done.
Verify OK.
Rebuild target 'Context Switching SIM'
assembling startup_LPC17xx.s...
compiling system_LPC17xx.c...
compiling uart_polling.c...
compiling printf.c...
compiling main_svc.c...
compiling uart_irq.c...
compiling HAL.c...
compiling k_rtx_init.c...
compiling k_memory.c...
compiling k_process.c...
src\k_process.c(303): warning:  #550-D: variable "ret_val" was set but never used
src\k_process.c(347): warning:  #223-D: function "atomic_off" declared implicitly
src\k_process.c(314): warning:  #550-D: variable "ret_val" was set but never used
src\k_process.c(356): warning:  #550-D: variable "ret_val" was set but never used
src\k_process.c(518): warning:  #550-D: variable "ret_val" was set but never used
src\k_process.c(583): warning:  #550-D: variable "ret_val" was set but never used
src\k_process.c(608): warning:  #177-D: variable "ret_val" was declared but never referenced
src\k_process.c(611): warning:  #177-D: variable "sizemailbox" was declared but never referenced
src\k_process.c(652): warning:  #177-D: variable "ret_val" was declared but never referenced
src\k_process.c(658): warning:  #550-D: variable "g_send_char" was set but never used
compiling heap.c...
compiling queue.c...
compiling envelope.c...
compiling timer.c...
compiling usr_proc.c...
src\usr_proc.c(38): warning:  #167-D: argument of type "char *" is incompatible with parameter of type "unsigned char *"
src\usr_proc.c(254): warning:  #550-D: variable "ret_val" was set but never used
src\usr_proc.c(283): warning:  #550-D: variable "ret_val" was set but never used
src\usr_proc.c(328): warning:  #167-D: argument of type "char *" is incompatible with parameter of type "unsigned char *"
src\usr_proc.c(351): warning:  #223-D: function "q_init" declared implicitly
src\usr_proc.c(359): warning:  #223-D: function "q_pop" declared implicitly
src\usr_proc.c(363): warning:  #223-D: function "atoi" declared implicitly
src\usr_proc.c(383): warning:  #223-D: function "q_push" declared implicitly
compiling q_queue.c...
linking...
Program Size: Code=9792 RO-data=400 RW-data=80 ZI-data=1352  
"context_switching.axf" - 0 Error(s), 18 Warning(s).
Load "N:\\SE350\\nulab\\SE-350-Lab\\LAB 4\\context_switching.AXF" 
Erase Done.
Programming Done.
Verify OK.
Rebuild target 'Context Switching SIM'
assembling startup_LPC17xx.s...
compiling system_LPC17xx.c...
compiling uart_polling.c...
compiling printf.c...
compiling main_svc.c...
compiling uart_irq.c...
compiling HAL.c...
compiling k_rtx_init.c...
compiling k_memory.c...
compiling k_process.c...
src\k_process.c(303): warning:  #550-D: variable "ret_val" was set but never used
src\k_process.c(347): warning:  #223-D: function "atomic_off" declared implicitly
src\k_process.c(314): warning:  #550-D: variable "ret_val" was set but never used
src\k_process.c(356): warning:  #550-D: variable "ret_val" was set but never used
src\k_process.c(518): warning:  #550-D: variable "ret_val" was set but never used
src\k_process.c(583): warning:  #550-D: variable "ret_val" was set but never used
src\k_process.c(608): warning:  #177-D: variable "ret_val" was declared but never referenced
src\k_process.c(611): warning:  #177-D: variable "sizemailbox" was declared but never referenced
src\k_process.c(652): warning:  #177-D: variable "ret_val" was declared but never referenced
src\k_process.c(658): warning:  #550-D: variable "g_send_char" was set but never used
compiling heap.c...
compiling queue.c...
compiling envelope.c...
compiling timer.c...
compiling usr_proc.c...
src\usr_proc.c(38): warning:  #167-D: argument of type "char *" is incompatible with parameter of type "unsigned char *"
src\usr_proc.c(254): warning:  #550-D: variable "ret_val" was set but never used
src\usr_proc.c(283): warning:  #550-D: variable "ret_val" was set but never used
src\usr_proc.c(328): warning:  #167-D: argument of type "char *" is incompatible with parameter of type "unsigned char *"
src\usr_proc.c(351): warning:  #223-D: function "q_init" declared implicitly
src\usr_proc.c(359): warning:  #223-D: function "q_pop" declared implicitly
src\usr_proc.c(363): warning:  #223-D: function "atoi" declared implicitly
src\usr_proc.c(383): warning:  #223-D: function "q_push" declared implicitly
compiling q_queue.c...
linking...
Program Size: Code=9792 RO-data=400 RW-data=80 ZI-data=1352  
"context_switching.axf" - 0 Error(s), 18 Warning(s).
Load "N:\\SE350\\nulab\\SE-350-Lab\\LAB 4\\context_switching.AXF" 
Erase Done.
Programming Done.
Verify OK.
Rebuild target 'Context Switching SIM'
assembling startup_LPC17xx.s...
compiling system_LPC17xx.c...
compiling uart_polling.c...
compiling printf.c...
compiling main_svc.c...
compiling uart_irq.c...
compiling HAL.c...
compiling k_rtx_init.c...
compiling k_memory.c...
compiling k_process.c...
src\k_process.c(303): warning:  #550-D: variable "ret_val" was set but never used
src\k_process.c(347): warning:  #223-D: function "atomic_off" declared implicitly
src\k_process.c(314): warning:  #550-D: variable "ret_val" was set but never used
src\k_process.c(356): warning:  #550-D: variable "ret_val" was set but never used
src\k_process.c(518): warning:  #550-D: variable "ret_val" was set but never used
src\k_process.c(583): warning:  #550-D: variable "ret_val" was set but never used
src\k_process.c(608): warning:  #177-D: variable "ret_val" was declared but never referenced
src\k_process.c(611): warning:  #177-D: variable "sizemailbox" was declared but never referenced
src\k_process.c(652): warning:  #177-D: variable "ret_val" was declared but never referenced
src\k_process.c(658): warning:  #550-D: variable "g_send_char" was set but never used
compiling heap.c...
compiling queue.c...
compiling envelope.c...
src\envelope.c(49): error:  #20: identifier "buffer" is undefined
compiling timer.c...
compiling usr_proc.c...
src\usr_proc.c(38): warning:  #167-D: argument of type "char *" is incompatible with parameter of type "unsigned char *"
src\usr_proc.c(254): warning:  #550-D: variable "ret_val" was set but never used
src\usr_proc.c(283): warning:  #550-D: variable "ret_val" was set but never used
src\usr_proc.c(328): warning:  #167-D: argument of type "char *" is incompatible with parameter of type "unsigned char *"
src\usr_proc.c(351): warning:  #223-D: function "q_init" declared implicitly
src\usr_proc.c(359): warning:  #223-D: function "q_pop" declared implicitly
src\usr_proc.c(363): warning:  #223-D: function "atoi" declared implicitly
src\usr_proc.c(383): warning:  #223-D: function "q_push" declared implicitly
compiling q_queue.c...
Target not created
Build target 'Context Switching SIM'
compiling envelope.c...
src\envelope.c(53): warning:  #167-D: argument of type "char *" is incompatible with parameter of type "unsigned char *"
linking...
Program Size: Code=9868 RO-data=400 RW-data=80 ZI-data=1352  
"context_switching.axf" - 0 Error(s), 1 Warning(s).
Load "N:\\SE350\\nulab\\SE-350-Lab\\LAB 4\\context_switching.AXF" 
Erase Done.
Programming Done.
Verify OK.
Rebuild target 'Context Switching SIM'
assembling startup_LPC17xx.s...
compiling system_LPC17xx.c...
compiling uart_polling.c...
compiling printf.c...
compiling main_svc.c...
compiling uart_irq.c...
compiling HAL.c...
compiling k_rtx_init.c...
compiling k_memory.c...
compiling k_process.c...
src\k_process.c(303): warning:  #550-D: variable "ret_val" was set but never used
src\k_process.c(347): warning:  #223-D: function "atomic_off" declared implicitly
src\k_process.c(314): warning:  #550-D: variable "ret_val" was set but never used
src\k_process.c(356): warning:  #550-D: variable "ret_val" was set but never used
src\k_process.c(518): warning:  #550-D: variable "ret_val" was set but never used
src\k_process.c(583): warning:  #550-D: variable "ret_val" was set but never used
src\k_process.c(608): warning:  #177-D: variable "ret_val" was declared but never referenced
src\k_process.c(611): warning:  #177-D: variable "sizemailbox" was declared but never referenced
src\k_process.c(652): warning:  #177-D: variable "ret_val" was declared but never referenced
src\k_process.c(658): warning:  #550-D: variable "g_send_char" was set but never used
compiling heap.c...
compiling queue.c...
compiling envelope.c...
src\envelope.c(53): warning:  #167-D: argument of type "char *" is incompatible with parameter of type "unsigned char *"
compiling timer.c...
compiling usr_proc.c...
src\usr_proc.c(38): warning:  #167-D: argument of type "char *" is incompatible with parameter of type "unsigned char *"
src\usr_proc.c(254): warning:  #550-D: variable "ret_val" was set but never used
src\usr_proc.c(283): warning:  #550-D: variable "ret_val" was set but never used
src\usr_proc.c(328): warning:  #167-D: argument of type "char *" is incompatible with parameter of type "unsigned char *"
src\usr_proc.c(351): warning:  #223-D: function "q_init" declared implicitly
src\usr_proc.c(359): warning:  #223-D: function "q_pop" declared implicitly
src\usr_proc.c(363): warning:  #223-D: function "atoi" declared implicitly
src\usr_proc.c(383): warning:  #223-D: function "q_push" declared implicitly
compiling q_queue.c...
linking...
Program Size: Code=9868 RO-data=400 RW-data=80 ZI-data=1352  
"context_switching.axf" - 0 Error(s), 19 Warning(s).
Load "N:\\SE350\\nulab\\SE-350-Lab\\LAB 4\\context_switching.AXF" 
Erase Done.
Programming Done.
Verify OK.
Rebuild target 'Context Switching SIM'
assembling startup_LPC17xx.s...
compiling system_LPC17xx.c...
compiling uart_polling.c...
compiling printf.c...
compiling main_svc.c...
compiling uart_irq.c...
compiling HAL.c...
compiling k_rtx_init.c...
compiling k_memory.c...
compiling k_process.c...
src\k_process.c(303): warning:  #550-D: variable "ret_val" was set but never used
src\k_process.c(347): warning:  #223-D: function "atomic_off" declared implicitly
src\k_process.c(314): warning:  #550-D: variable "ret_val" was set but never used
src\k_process.c(356): warning:  #550-D: variable "ret_val" was set but never used
src\k_process.c(518): warning:  #550-D: variable "ret_val" was set but never used
src\k_process.c(583): warning:  #550-D: variable "ret_val" was set but never used
src\k_process.c(608): warning:  #177-D: variable "ret_val" was declared but never referenced
src\k_process.c(611): warning:  #177-D: variable "sizemailbox" was declared but never referenced
src\k_process.c(652): warning:  #177-D: variable "ret_val" was declared but never referenced
src\k_process.c(658): warning:  #550-D: variable "g_send_char" was set but never used
compiling heap.c...
compiling queue.c...
compiling envelope.c...
src\envelope.c(53): warning:  #167-D: argument of type "char *" is incompatible with parameter of type "unsigned char *"
compiling timer.c...
compiling usr_proc.c...
src\usr_proc.c(38): warning:  #167-D: argument of type "char *" is incompatible with parameter of type "unsigned char *"
src\usr_proc.c(260): error:  #65: expected a ";"
src\usr_proc.c(259): warning:  #177-D: variable "start" was declared but never referenced
src\usr_proc.c(254): warning:  #550-D: variable "ret_val" was set but never used
src\usr_proc.c(284): warning:  #550-D: variable "ret_val" was set but never used
src\usr_proc.c(329): warning:  #167-D: argument of type "char *" is incompatible with parameter of type "unsigned char *"
src\usr_proc.c(352): warning:  #223-D: function "q_init" declared implicitly
src\usr_proc.c(360): warning:  #223-D: function "q_pop" declared implicitly
src\usr_proc.c(364): warning:  #223-D: function "atoi" declared implicitly
src\usr_proc.c(384): warning:  #223-D: function "q_push" declared implicitly
compiling q_queue.c...
Target not created
Rebuild target 'Context Switching SIM'
assembling startup_LPC17xx.s...
compiling system_LPC17xx.c...
compiling uart_polling.c...
compiling printf.c...
compiling main_svc.c...
compiling uart_irq.c...
compiling HAL.c...
compiling k_rtx_init.c...
compiling k_memory.c...
compiling k_process.c...
src\k_process.c(303): warning:  #550-D: variable "ret_val" was set but never used
src\k_process.c(347): warning:  #223-D: function "atomic_off" declared implicitly
src\k_process.c(314): warning:  #550-D: variable "ret_val" was set but never used
src\k_process.c(356): warning:  #550-D: variable "ret_val" was set but never used
src\k_process.c(518): warning:  #550-D: variable "ret_val" was set but never used
src\k_process.c(583): warning:  #550-D: variable "ret_val" was set but never used
src\k_process.c(608): warning:  #177-D: variable "ret_val" was declared but never referenced
src\k_process.c(611): warning:  #177-D: variable "sizemailbox" was declared but never referenced
src\k_process.c(652): warning:  #177-D: variable "ret_val" was declared but never referenced
src\k_process.c(658): warning:  #550-D: variable "g_send_char" was set but never used
compiling heap.c...
compiling queue.c...
compiling envelope.c...
src\envelope.c(53): warning:  #167-D: argument of type "char *" is incompatible with parameter of type "unsigned char *"
compiling timer.c...
compiling usr_proc.c...
src\usr_proc.c(38): warning:  #167-D: argument of type "char *" is incompatible with parameter of type "unsigned char *"
src\usr_proc.c(254): warning:  #550-D: variable "ret_val" was set but never used
src\usr_proc.c(283): warning:  #550-D: variable "ret_val" was set but never used
src\usr_proc.c(328): warning:  #167-D: argument of type "char *" is incompatible with parameter of type "unsigned char *"
src\usr_proc.c(351): warning:  #223-D: function "q_init" declared implicitly
src\usr_proc.c(359): warning:  #223-D: function "q_pop" declared implicitly
src\usr_proc.c(363): warning:  #223-D: function "atoi" declared implicitly
src\usr_proc.c(383): warning:  #223-D: function "q_push" declared implicitly
compiling q_queue.c...
linking...
Program Size: Code=9848 RO-data=400 RW-data=80 ZI-data=1352  
"context_switching.axf" - 0 Error(s), 19 Warning(s).
Load "N:\\SE350\\nulab\\SE-350-Lab\\LAB 4\\context_switching.AXF" 
Erase Done.
Programming Done.
Verify OK.
Rebuild target 'Context Switching SIM'
assembling startup_LPC17xx.s...
compiling system_LPC17xx.c...
compiling uart_polling.c...
compiling printf.c...
compiling main_svc.c...
compiling uart_irq.c...
compiling HAL.c...
compiling k_rtx_init.c...
compiling k_memory.c...
compiling k_process.c...
src\k_process.c(303): warning:  #550-D: variable "ret_val" was set but never used
src\k_process.c(347): warning:  #223-D: function "atomic_off" declared implicitly
src\k_process.c(314): warning:  #550-D: variable "ret_val" was set but never used
src\k_process.c(356): warning:  #550-D: variable "ret_val" was set but never used
src\k_process.c(518): warning:  #550-D: variable "ret_val" was set but never used
src\k_process.c(583): warning:  #550-D: variable "ret_val" was set but never used
src\k_process.c(608): warning:  #177-D: variable "ret_val" was declared but never referenced
src\k_process.c(611): warning:  #177-D: variable "sizemailbox" was declared but never referenced
src\k_process.c(652): warning:  #177-D: variable "ret_val" was declared but never referenced
src\k_process.c(658): warning:  #550-D: variable "g_send_char" was set but never used
compiling heap.c...
compiling queue.c...
compiling envelope.c...
src\envelope.c(53): warning:  #167-D: argument of type "char *" is incompatible with parameter of type "unsigned char *"
compiling timer.c...
compiling usr_proc.c...
src\usr_proc.c(38): warning:  #167-D: argument of type "char *" is incompatible with parameter of type "unsigned char *"
src\usr_proc.c(254): warning:  #550-D: variable "ret_val" was set but never used
src\usr_proc.c(283): warning:  #550-D: variable "ret_val" was set but never used
src\usr_proc.c(328): warning:  #167-D: argument of type "char *" is incompatible with parameter of type "unsigned char *"
src\usr_proc.c(351): warning:  #223-D: function "q_init" declared implicitly
src\usr_proc.c(359): warning:  #223-D: function "q_pop" declared implicitly
src\usr_proc.c(363): warning:  #223-D: function "atoi" declared implicitly
src\usr_proc.c(383): warning:  #223-D: function "q_push" declared implicitly
compiling q_queue.c...
linking...
Program Size: Code=9796 RO-data=400 RW-data=76 ZI-data=1348  
"context_switching.axf" - 0 Error(s), 19 Warning(s).
Load "N:\\SE350\\nulab\\SE-350-Lab\\LAB 4\\context_switching.AXF" 
Erase Done.
Programming Done.
Verify OK.
Build target 'Context Switching SIM'
compiling uart_irq.c...
linking...
Program Size: Code=9820 RO-data=400 RW-data=80 ZI-data=1352  
"context_switching.axf" - 0 Error(s), 0 Warning(s).
Load "N:\\SE350\\nulab\\SE-350-Lab\\LAB 4\\context_switching.AXF" 
Erase Done.
Programming Done.
Verify OK.
Build target 'Context Switching SIM'
compiling uart_irq.c...
linking...
Program Size: Code=9864 RO-data=400 RW-data=80 ZI-data=1352  
"context_switching.axf" - 0 Error(s), 0 Warning(s).
Load "N:\\SE350\\nulab\\SE-350-Lab\\LAB 4\\context_switching.AXF" 
Erase Done.
Programming Done.
Verify OK.
Build target 'Context Switching SIM'
compiling uart_irq.c...
linking...
Program Size: Code=9848 RO-data=400 RW-data=80 ZI-data=1352  
"context_switching.axf" - 0 Error(s), 0 Warning(s).
Load "N:\\SE350\\nulab\\SE-350-Lab\\LAB 4\\context_switching.AXF" 
Erase Done.
Programming Done.
Verify OK.
Build target 'Context Switching SIM'
compiling uart_irq.c...
linking...
Program Size: Code=9848 RO-data=400 RW-data=80 ZI-data=1352  
"context_switching.axf" - 0 Error(s), 0 Warning(s).
Load "N:\\SE350\\nulab\\SE-350-Lab\\LAB 4\\context_switching.AXF" 
Erase Done.
Programming Done.
Verify OK.
Build target 'Context Switching SIM'
compiling envelope.c...
src\envelope.c(52): warning:  #167-D: argument of type "char *" is incompatible with parameter of type "unsigned char *"
src\envelope.c(54): error:  #167: argument of type "unsigned int" is incompatible with parameter of type "unsigned char *"
src\envelope.c(56): error:  #167: argument of type "int" is incompatible with parameter of type "unsigned char *"
Target not created
Build target 'Context Switching SIM'
compiling envelope.c...
src\envelope.c(52): warning:  #167-D: argument of type "char *" is incompatible with parameter of type "unsigned char *"
src\envelope.c(55): warning:  #167-D: argument of type "char *" is incompatible with parameter of type "unsigned char *"
src\envelope.c(58): warning:  #167-D: argument of type "char *" is incompatible with parameter of type "unsigned char *"
linking...
Program Size: Code=9888 RO-data=400 RW-data=80 ZI-data=1352  
"context_switching.axf" - 0 Error(s), 3 Warning(s).
Load "N:\\SE350\\nulab\\SE-350-Lab\\LAB 4\\context_switching.AXF" 
Erase Done.
Programming Done.
Verify OK.
Build target 'Context Switching SIM'
compiling uart_irq.c...
linking...
Program Size: Code=9868 RO-data=400 RW-data=80 ZI-data=1352  
"context_switching.axf" - 0 Error(s), 0 Warning(s).
Load "N:\\SE350\\nulab\\SE-350-Lab\\LAB 4\\context_switching.AXF" 
Erase Done.
Programming Done.
Verify OK.
Build target 'Context Switching SIM'
compiling usr_proc.c...
src\usr_proc.c(38): warning:  #167-D: argument of type "char *" is incompatible with parameter of type "unsigned char *"
src\usr_proc.c(254): warning:  #550-D: variable "ret_val" was set but never used
src\usr_proc.c(283): warning:  #550-D: variable "ret_val" was set but never used
src\usr_proc.c(328): warning:  #167-D: argument of type "char *" is incompatible with parameter of type "unsigned char *"
src\usr_proc.c(307): warning:  #177-D: variable "sender_pid" was declared but never referenced
src\usr_proc.c(351): warning:  #223-D: function "q_init" declared implicitly
src\usr_proc.c(359): warning:  #223-D: function "q_pop" declared implicitly
src\usr_proc.c(363): warning:  #223-D: function "atoi" declared implicitly
src\usr_proc.c(383): warning:  #223-D: function "q_push" declared implicitly
linking...
Program Size: Code=9736 RO-data=400 RW-data=80 ZI-data=1352  
"context_switching.axf" - 0 Error(s), 9 Warning(s).
Load "N:\\SE350\\nulab\\SE-350-Lab\\LAB 4\\context_switching.AXF" 
Erase Done.
Programming Done.
Verify OK.
Build target 'Context Switching SIM'
compiling uart_irq.c...
compiling timer.c...
compiling usr_proc.c...
src\usr_proc.c(38): warning:  #167-D: argument of type "char *" is incompatible with parameter of type "unsigned char *"
src\usr_proc.c(254): warning:  #550-D: variable "ret_val" was set but never used
src\usr_proc.c(283): warning:  #550-D: variable "ret_val" was set but never used
src\usr_proc.c(328): warning:  #167-D: argument of type "char *" is incompatible with parameter of type "unsigned char *"
src\usr_proc.c(351): warning:  #223-D: function "q_init" declared implicitly
src\usr_proc.c(359): warning:  #223-D: function "q_pop" declared implicitly
src\usr_proc.c(363): warning:  #223-D: function "atoi" declared implicitly
src\usr_proc.c(383): warning:  #223-D: function "q_push" declared implicitly
linking...
Program Size: Code=9904 RO-data=400 RW-data=80 ZI-data=1352  
"context_switching.axf" - 0 Error(s), 8 Warning(s).
Load "N:\\SE350\\nulab\\SE-350-Lab\\LAB 4\\context_switching.AXF" 
Erase Done.
Programming Done.
Verify OK.
Build target 'Context Switching SIM'
compiling timer.c...
linking...
Program Size: Code=9904 RO-data=400 RW-data=80 ZI-data=1352  
"context_switching.axf" - 0 Error(s), 0 Warning(s).
Load "N:\\SE350\\nulab\\SE-350-Lab\\LAB 4\\context_switching.AXF" 
Erase Done.
Programming Done.
Verify OK.
Rebuild target 'Context Switching SIM'
assembling startup_LPC17xx.s...
compiling system_LPC17xx.c...
compiling uart_polling.c...
compiling printf.c...
compiling main_svc.c...
compiling uart_irq.c...
compiling HAL.c...
compiling k_rtx_init.c...
compiling k_memory.c...
compiling k_process.c...
src\k_process.c(303): warning:  #550-D: variable "ret_val" was set but never used
src\k_process.c(347): warning:  #223-D: function "atomic_off" declared implicitly
src\k_process.c(314): warning:  #550-D: variable "ret_val" was set but never used
src\k_process.c(356): warning:  #550-D: variable "ret_val" was set but never used
src\k_process.c(518): warning:  #550-D: variable "ret_val" was set but never used
src\k_process.c(583): warning:  #550-D: variable "ret_val" was set but never used
src\k_process.c(608): warning:  #177-D: variable "ret_val" was declared but never referenced
src\k_process.c(611): warning:  #177-D: variable "sizemailbox" was declared but never referenced
src\k_process.c(652): warning:  #177-D: variable "ret_val" was declared but never referenced
src\k_process.c(658): warning:  #550-D: variable "g_send_char" was set but never used
compiling heap.c...
compiling queue.c...
compiling envelope.c...
src\envelope.c(52): warning:  #167-D: argument of type "char *" is incompatible with parameter of type "unsigned char *"
src\envelope.c(55): warning:  #167-D: argument of type "char *" is incompatible with parameter of type "unsigned char *"
src\envelope.c(58): warning:  #167-D: argument of type "char *" is incompatible with parameter of type "unsigned char *"
compiling timer.c...
compiling usr_proc.c...
src\usr_proc.c(38): warning:  #167-D: argument of type "char *" is incompatible with parameter of type "unsigned char *"
src\usr_proc.c(254): warning:  #550-D: variable "ret_val" was set but never used
src\usr_proc.c(283): warning:  #550-D: variable "ret_val" was set but never used
src\usr_proc.c(328): warning:  #167-D: argument of type "char *" is incompatible with parameter of type "unsigned char *"
src\usr_proc.c(351): warning:  #223-D: function "q_init" declared implicitly
src\usr_proc.c(359): warning:  #223-D: function "q_pop" declared implicitly
src\usr_proc.c(363): warning:  #223-D: function "atoi" declared implicitly
src\usr_proc.c(383): warning:  #223-D: function "q_push" declared implicitly
compiling q_queue.c...
linking...
Program Size: Code=9904 RO-data=400 RW-data=80 ZI-data=1352  
"context_switching.axf" - 0 Error(s), 21 Warning(s).
Build target 'Context Switching SIM'
compiling timer.c...
linking...
Program Size: Code=9904 RO-data=400 RW-data=80 ZI-data=1352  
"context_switching.axf" - 0 Error(s), 0 Warning(s).
Load "N:\\SE350\\nulab\\SE-350-Lab\\LAB 4\\context_switching.AXF" 
Erase Done.
Programming Done.
Verify OK.
Build target 'Context Switching SIM'
compiling uart_irq.c...
linking...
Program Size: Code=9888 RO-data=400 RW-data=80 ZI-data=1352  
"context_switching.axf" - 0 Error(s), 0 Warning(s).
Load "N:\\SE350\\nulab\\SE-350-Lab\\LAB 4\\context_switching.AXF" 
Erase Done.
Programming Done.
Verify OK.
Build target 'Context Switching SIM'
compiling uart_irq.c...
compiling usr_proc.c...
src\usr_proc.c(38): warning:  #167-D: argument of type "char *" is incompatible with parameter of type "unsigned char *"
src\usr_proc.c(254): warning:  #550-D: variable "ret_val" was set but never used
src\usr_proc.c(283): warning:  #550-D: variable "ret_val" was set but never used
src\usr_proc.c(328): warning:  #167-D: argument of type "char *" is incompatible with parameter of type "unsigned char *"
src\usr_proc.c(307): warning:  #177-D: variable "sender_pid" was declared but never referenced
src\usr_proc.c(351): warning:  #223-D: function "q_init" declared implicitly
src\usr_proc.c(359): warning:  #223-D: function "q_pop" declared implicitly
src\usr_proc.c(363): warning:  #223-D: function "atoi" declared implicitly
src\usr_proc.c(383): warning:  #223-D: function "q_push" declared implicitly
linking...
Program Size: Code=9736 RO-data=400 RW-data=80 ZI-data=1352  
"context_switching.axf" - 0 Error(s), 9 Warning(s).
Load "N:\\SE350\\nulab\\SE-350-Lab\\LAB 4\\context_switching.AXF" 
Erase Done.
Programming Done.
Verify OK.
Build target 'Context Switching SIM'
compiling uart_irq.c...
compiling timer.c...
compiling usr_proc.c...
src\usr_proc.c(38): warning:  #167-D: argument of type "char *" is incompatible with parameter of type "unsigned char *"
src\usr_proc.c(254): warning:  #550-D: variable "ret_val" was set but never used
src\usr_proc.c(283): warning:  #550-D: variable "ret_val" was set but never used
src\usr_proc.c(328): warning:  #167-D: argument of type "char *" is incompatible with parameter of type "unsigned char *"
src\usr_proc.c(351): warning:  #223-D: function "q_init" declared implicitly
src\usr_proc.c(359): warning:  #223-D: function "q_pop" declared implicitly
src\usr_proc.c(363): warning:  #223-D: function "atoi" declared implicitly
src\usr_proc.c(383): warning:  #223-D: function "q_push" declared implicitly
linking...
Program Size: Code=9904 RO-data=400 RW-data=80 ZI-data=1352  
"context_switching.axf" - 0 Error(s), 8 Warning(s).
Build target 'Context Switching SIM'
compiling envelope.c...
src\envelope.c(57): warning:  #167-D: argument of type "char *" is incompatible with parameter of type "unsigned char *"
src\envelope.c(60): warning:  #167-D: argument of type "char *" is incompatible with parameter of type "unsigned char *"
src\envelope.c(63): warning:  #167-D: argument of type "char *" is incompatible with parameter of type "unsigned char *"
linking...
Program Size: Code=9932 RO-data=400 RW-data=80 ZI-data=1352  
"context_switching.axf" - 0 Error(s), 3 Warning(s).
Load "N:\\SE350\\nulab\\SE-350-Lab\\LAB 4\\context_switching.AXF" 
Erase Done.
Programming Done.
Verify OK.
Build target 'Context Switching SIM'
compiling envelope.c...
src\envelope.c(56): warning:  #167-D: argument of type "char *" is incompatible with parameter of type "unsigned char *"
src\envelope.c(59): warning:  #167-D: argument of type "char *" is incompatible with parameter of type "unsigned char *"
src\envelope.c(62): warning:  #167-D: argument of type "char *" is incompatible with parameter of type "unsigned char *"
linking...
Program Size: Code=9916 RO-data=400 RW-data=80 ZI-data=1352  
"context_switching.axf" - 0 Error(s), 3 Warning(s).
Load "N:\\SE350\\nulab\\SE-350-Lab\\LAB 4\\context_switching.AXF" 
Erase Done.
Programming Done.
Verify OK.
Rebuild target 'Context Switching SIM'
assembling startup_LPC17xx.s...
compiling system_LPC17xx.c...
compiling uart_polling.c...
compiling printf.c...
compiling main_svc.c...
compiling uart_irq.c...
compiling HAL.c...
compiling k_rtx_init.c...
compiling k_memory.c...
compiling k_process.c...
src\k_process.c(303): warning:  #550-D: variable "ret_val" was set but never used
src\k_process.c(347): warning:  #223-D: function "atomic_off" declared implicitly
src\k_process.c(314): warning:  #550-D: variable "ret_val" was set but never used
src\k_process.c(356): warning:  #550-D: variable "ret_val" was set but never used
src\k_process.c(518): warning:  #550-D: variable "ret_val" was set but never used
src\k_process.c(583): warning:  #550-D: variable "ret_val" was set but never used
src\k_process.c(608): warning:  #177-D: variable "ret_val" was declared but never referenced
src\k_process.c(611): warning:  #177-D: variable "sizemailbox" was declared but never referenced
src\k_process.c(652): warning:  #177-D: variable "ret_val" was declared but never referenced
src\k_process.c(658): warning:  #550-D: variable "g_send_char" was set but never used
compiling heap.c...
compiling queue.c...
compiling envelope.c...
src\envelope.c(56): warning:  #167-D: argument of type "char *" is incompatible with parameter of type "unsigned char *"
src\envelope.c(59): warning:  #167-D: argument of type "char *" is incompatible with parameter of type "unsigned char *"
src\envelope.c(62): warning:  #167-D: argument of type "char *" is incompatible with parameter of type "unsigned char *"
compiling timer.c...
compiling usr_proc.c...
src\usr_proc.c(38): warning:  #167-D: argument of type "char *" is incompatible with parameter of type "unsigned char *"
src\usr_proc.c(254): warning:  #550-D: variable "ret_val" was set but never used
src\usr_proc.c(283): warning:  #550-D: variable "ret_val" was set but never used
src\usr_proc.c(328): warning:  #167-D: argument of type "char *" is incompatible with parameter of type "unsigned char *"
src\usr_proc.c(307): warning:  #177-D: variable "sender_pid" was declared but never referenced
src\usr_proc.c(351): warning:  #223-D: function "q_init" declared implicitly
src\usr_proc.c(359): warning:  #223-D: function "q_pop" declared implicitly
src\usr_proc.c(363): warning:  #223-D: function "atoi" declared implicitly
src\usr_proc.c(383): warning:  #223-D: function "q_push" declared implicitly
compiling q_queue.c...
linking...
Program Size: Code=9748 RO-data=400 RW-data=80 ZI-data=1352  
"context_switching.axf" - 0 Error(s), 22 Warning(s).
Load "N:\\SE350\\nulab\\SE-350-Lab\\LAB 4\\context_switching.AXF" 
Erase Done.
Programming Done.
Verify OK.
Build target 'Context Switching SIM'
compiling uart_irq.c...
compiling envelope.c...
src\envelope.c(49): warning:  #167-D: argument of type "char *" is incompatible with parameter of type "unsigned char *"
src\envelope.c(58): warning:  #167-D: argument of type "char *" is incompatible with parameter of type "unsigned char *"
src\envelope.c(61): warning:  #167-D: argument of type "char *" is incompatible with parameter of type "unsigned char *"
src\envelope.c(64): warning:  #167-D: argument of type "char *" is incompatible with parameter of type "unsigned char *"
compiling usr_proc.c...
src\usr_proc.c(38): warning:  #167-D: argument of type "char *" is incompatible with parameter of type "unsigned char *"
src\usr_proc.c(254): warning:  #550-D: variable "ret_val" was set but never used
src\usr_proc.c(283): warning:  #550-D: variable "ret_val" was set but never used
src\usr_proc.c(328): warning:  #167-D: argument of type "char *" is incompatible with parameter of type "unsigned char *"
src\usr_proc.c(351): warning:  #223-D: function "q_init" declared implicitly
src\usr_proc.c(359): warning:  #223-D: function "q_pop" declared implicitly
src\usr_proc.c(363): warning:  #223-D: function "atoi" declared implicitly
src\usr_proc.c(383): warning:  #223-D: function "q_push" declared implicitly
linking...
Program Size: Code=9932 RO-data=400 RW-data=80 ZI-data=1352  
"context_switching.axf" - 0 Error(s), 12 Warning(s).
Load "N:\\SE350\\nulab\\SE-350-Lab\\LAB 4\\context_switching.AXF" 
Erase Done.
Programming Done.
Verify OK.
Build target 'Context Switching SIM'
compiling usr_proc.c...
src\usr_proc.c(38): warning:  #167-D: argument of type "char *" is incompatible with parameter of type "unsigned char *"
src\usr_proc.c(254): warning:  #550-D: variable "ret_val" was set but never used
src\usr_proc.c(283): warning:  #550-D: variable "ret_val" was set but never used
src\usr_proc.c(328): warning:  #167-D: argument of type "char *" is incompatible with parameter of type "unsigned char *"
src\usr_proc.c(351): warning:  #223-D: function "q_init" declared implicitly
src\usr_proc.c(359): warning:  #223-D: function "q_pop" declared implicitly
src\usr_proc.c(363): warning:  #223-D: function "atoi" declared implicitly
src\usr_proc.c(383): warning:  #223-D: function "q_push" declared implicitly
linking...
Program Size: Code=9932 RO-data=400 RW-data=80 ZI-data=1352  
"context_switching.axf" - 0 Error(s), 8 Warning(s).
Build target 'Context Switching SIM'
compiling timer.c...
linking...
Program Size: Code=9932 RO-data=400 RW-data=80 ZI-data=1352  
"context_switching.axf" - 0 Error(s), 0 Warning(s).
Load "N:\\SE350\\nulab\\SE-350-Lab\\LAB 4\\context_switching.AXF" 
Erase Done.
Programming Done.
Verify OK.
Rebuild target 'Context Switching SIM'
assembling startup_LPC17xx.s...
compiling system_LPC17xx.c...
compiling uart_polling.c...
compiling printf.c...
compiling main_svc.c...
compiling uart_irq.c...
compiling HAL.c...
compiling k_rtx_init.c...
compiling k_memory.c...
compiling k_process.c...
src\k_process.c(303): warning:  #550-D: variable "ret_val" was set but never used
src\k_process.c(347): warning:  #223-D: function "atomic_off" declared implicitly
src\k_process.c(314): warning:  #550-D: variable "ret_val" was set but never used
src\k_process.c(356): warning:  #550-D: variable "ret_val" was set but never used
src\k_process.c(518): warning:  #550-D: variable "ret_val" was set but never used
src\k_process.c(583): warning:  #550-D: variable "ret_val" was set but never used
src\k_process.c(608): warning:  #177-D: variable "ret_val" was declared but never referenced
src\k_process.c(611): warning:  #177-D: variable "sizemailbox" was declared but never referenced
src\k_process.c(652): warning:  #177-D: variable "ret_val" was declared but never referenced
src\k_process.c(658): warning:  #550-D: variable "g_send_char" was set but never used
compiling heap.c...
compiling queue.c...
compiling envelope.c...
src\envelope.c(49): warning:  #167-D: argument of type "char *" is incompatible with parameter of type "unsigned char *"
src\envelope.c(58): warning:  #167-D: argument of type "char *" is incompatible with parameter of type "unsigned char *"
src\envelope.c(61): warning:  #167-D: argument of type "char *" is incompatible with parameter of type "unsigned char *"
src\envelope.c(64): warning:  #167-D: argument of type "char *" is incompatible with parameter of type "unsigned char *"
compiling timer.c...
compiling usr_proc.c...
src\usr_proc.c(38): warning:  #167-D: argument of type "char *" is incompatible with parameter of type "unsigned char *"
src\usr_proc.c(254): warning:  #550-D: variable "ret_val" was set but never used
src\usr_proc.c(283): warning:  #550-D: variable "ret_val" was set but never used
src\usr_proc.c(328): warning:  #167-D: argument of type "char *" is incompatible with parameter of type "unsigned char *"
src\usr_proc.c(351): warning:  #223-D: function "q_init" declared implicitly
src\usr_proc.c(359): warning:  #223-D: function "q_pop" declared implicitly
src\usr_proc.c(363): warning:  #223-D: function "atoi" declared implicitly
src\usr_proc.c(383): warning:  #223-D: function "q_push" declared implicitly
compiling q_queue.c...
linking...
Program Size: Code=9936 RO-data=400 RW-data=80 ZI-data=1352  
"context_switching.axf" - 0 Error(s), 22 Warning(s).
Load "N:\\SE350\\nulab\\SE-350-Lab\\LAB 4\\context_switching.AXF" 
Erase Done.
Programming Done.
Verify OK.
Build target 'Context Switching SIM'
compiling envelope.c...
src\envelope.c(53): warning:  #167-D: argument of type "char *" is incompatible with parameter of type "unsigned char *"
src\envelope.c(56): warning:  #167-D: argument of type "char *" is incompatible with parameter of type "unsigned char *"
src\envelope.c(59): warning:  #167-D: argument of type "char *" is incompatible with parameter of type "unsigned char *"
linking...
Program Size: Code=9908 RO-data=400 RW-data=80 ZI-data=1352  
"context_switching.axf" - 0 Error(s), 3 Warning(s).
Load "N:\\SE350\\nulab\\SE-350-Lab\\LAB 4\\context_switching.AXF" 
Erase Done.
Programming Done.
Verify OK.
Build target 'Context Switching SIM'
compiling usr_proc.c...
src\usr_proc.c(38): warning:  #167-D: argument of type "char *" is incompatible with parameter of type "unsigned char *"
src\usr_proc.c(254): warning:  #550-D: variable "ret_val" was set but never used
src\usr_proc.c(283): warning:  #550-D: variable "ret_val" was set but never used
src\usr_proc.c(328): warning:  #167-D: argument of type "char *" is incompatible with parameter of type "unsigned char *"
src\usr_proc.c(351): warning:  #223-D: function "q_init" declared implicitly
src\usr_proc.c(359): warning:  #223-D: function "q_pop" declared implicitly
src\usr_proc.c(363): warning:  #223-D: function "atoi" declared implicitly
src\usr_proc.c(383): warning:  #223-D: function "q_push" declared implicitly
linking...
Program Size: Code=9908 RO-data=400 RW-data=80 ZI-data=1352  
"context_switching.axf" - 0 Error(s), 8 Warning(s).
Load "N:\\SE350\\nulab\\SE-350-Lab\\LAB 4\\context_switching.AXF" 
Erase Done.
Programming Done.
Verify OK.
Build target 'Context Switching SIM'
compiling usr_proc.c...
src\usr_proc.c(38): warning:  #167-D: argument of type "char *" is incompatible with parameter of type "unsigned char *"
src\usr_proc.c(257): warning:  #550-D: variable "ret_val" was set but never used
src\usr_proc.c(286): warning:  #550-D: variable "ret_val" was set but never used
src\usr_proc.c(331): warning:  #167-D: argument of type "char *" is incompatible with parameter of type "unsigned char *"
src\usr_proc.c(354): warning:  #223-D: function "q_init" declared implicitly
src\usr_proc.c(362): warning:  #223-D: function "q_pop" declared implicitly
src\usr_proc.c(366): warning:  #223-D: function "atoi" declared implicitly
src\usr_proc.c(386): warning:  #223-D: function "q_push" declared implicitly
linking...
Program Size: Code=9916 RO-data=400 RW-data=80 ZI-data=1352  
"context_switching.axf" - 0 Error(s), 8 Warning(s).
Load "N:\\SE350\\nulab\\SE-350-Lab\\LAB 4\\context_switching.AXF" 
Erase Done.
Programming Done.
Verify OK.
Build target 'Context Switching SIM'
compiling usr_proc.c...
src\usr_proc.c(38): warning:  #167-D: argument of type "char *" is incompatible with parameter of type "unsigned char *"
src\usr_proc.c(257): warning:  #550-D: variable "ret_val" was set but never used
src\usr_proc.c(286): warning:  #550-D: variable "ret_val" was set but never used
src\usr_proc.c(331): warning:  #167-D: argument of type "char *" is incompatible with parameter of type "unsigned char *"
src\usr_proc.c(354): warning:  #223-D: function "q_init" declared implicitly
src\usr_proc.c(362): warning:  #223-D: function "q_pop" declared implicitly
src\usr_proc.c(366): warning:  #223-D: function "atoi" declared implicitly
src\usr_proc.c(386): warning:  #223-D: function "q_push" declared implicitly
linking...
Program Size: Code=9916 RO-data=400 RW-data=80 ZI-data=1352  
"context_switching.axf" - 0 Error(s), 8 Warning(s).
Load "N:\\SE350\\nulab\\SE-350-Lab\\LAB 4\\context_switching.AXF" 
Erase Done.
Programming Done.
Verify OK.
Build target 'Context Switching SIM'
compiling usr_proc.c...
src\usr_proc.c(38): warning:  #167-D: argument of type "char *" is incompatible with parameter of type "unsigned char *"
src\usr_proc.c(257): warning:  #550-D: variable "ret_val" was set but never used
src\usr_proc.c(286): warning:  #550-D: variable "ret_val" was set but never used
src\usr_proc.c(331): warning:  #167-D: argument of type "char *" is incompatible with parameter of type "unsigned char *"
src\usr_proc.c(354): warning:  #223-D: function "q_init" declared implicitly
src\usr_proc.c(362): warning:  #223-D: function "q_pop" declared implicitly
src\usr_proc.c(366): warning:  #223-D: function "atoi" declared implicitly
src\usr_proc.c(386): warning:  #223-D: function "q_push" declared implicitly
linking...
Program Size: Code=9916 RO-data=400 RW-data=80 ZI-data=1352  
"context_switching.axf" - 0 Error(s), 8 Warning(s).
Load "N:\\SE350\\nulab\\SE-350-Lab\\LAB 4\\context_switching.AXF" 
Erase Done.
Programming Done.
Verify OK.
Build target 'Context Switching SIM'
compiling usr_proc.c...
src\usr_proc.c(38): warning:  #167-D: argument of type "char *" is incompatible with parameter of type "unsigned char *"
src\usr_proc.c(257): warning:  #550-D: variable "ret_val" was set but never used
src\usr_proc.c(286): warning:  #550-D: variable "ret_val" was set but never used
src\usr_proc.c(331): warning:  #167-D: argument of type "char *" is incompatible with parameter of type "unsigned char *"
src\usr_proc.c(354): warning:  #223-D: function "q_init" declared implicitly
src\usr_proc.c(362): warning:  #223-D: function "q_pop" declared implicitly
src\usr_proc.c(366): warning:  #223-D: function "atoi" declared implicitly
src\usr_proc.c(386): warning:  #223-D: function "q_push" declared implicitly
linking...
Program Size: Code=9916 RO-data=400 RW-data=80 ZI-data=1352  
"context_switching.axf" - 0 Error(s), 8 Warning(s).
Load "N:\\SE350\\nulab\\SE-350-Lab\\LAB 4\\context_switching.AXF" 
Erase Done.
Programming Done.
Verify OK.
Build target 'Context Switching SIM'
compiling usr_proc.c...
src\usr_proc.c(38): warning:  #167-D: argument of type "char *" is incompatible with parameter of type "unsigned char *"
src\usr_proc.c(257): warning:  #550-D: variable "start_time" was set but never used
src\usr_proc.c(258): warning:  #550-D: variable "ret_val" was set but never used
src\usr_proc.c(289): warning:  #550-D: variable "ret_val" was set but never used
src\usr_proc.c(334): warning:  #167-D: argument of type "char *" is incompatible with parameter of type "unsigned char *"
src\usr_proc.c(357): warning:  #223-D: function "q_init" declared implicitly
src\usr_proc.c(365): warning:  #223-D: function "q_pop" declared implicitly
src\usr_proc.c(369): warning:  #223-D: function "atoi" declared implicitly
src\usr_proc.c(389): warning:  #223-D: function "q_push" declared implicitly
linking...
Program Size: Code=9916 RO-data=400 RW-data=80 ZI-data=1352  
"context_switching.axf" - 0 Error(s), 9 Warning(s).
Load "N:\\SE350\\nulab\\SE-350-Lab\\LAB 4\\context_switching.AXF" 
Erase Done.
Programming Done.
Verify OK.
Build target 'Context Switching SIM'
compiling envelope.c...
src\envelope.c(29): warning:  #177-D: variable "time_elapsed" was declared but never referenced
src\envelope.c(30): warning:  #177-D: variable "buffer" was declared but never referenced
compiling usr_proc.c...
src\usr_proc.c(38): warning:  #167-D: argument of type "char *" is incompatible with parameter of type "unsigned char *"
src\usr_proc.c(284): error:  #20: identifier "time_elapsed" is undefined
src\usr_proc.c(285): error:  #20: identifier "buffer" is undefined
src\usr_proc.c(258): warning:  #550-D: variable "ret_val" was set but never used
src\usr_proc.c(301): warning:  #550-D: variable "ret_val" was set but never used
src\usr_proc.c(346): warning:  #167-D: argument of type "char *" is incompatible with parameter of type "unsigned char *"
src\usr_proc.c(369): warning:  #223-D: function "q_init" declared implicitly
src\usr_proc.c(377): warning:  #223-D: function "q_pop" declared implicitly
src\usr_proc.c(381): warning:  #223-D: function "atoi" declared implicitly
src\usr_proc.c(401): warning:  #223-D: function "q_push" declared implicitly
Target not created
compiling usr_proc.c...
src\usr_proc.c(38): warning:  #167-D: argument of type "char *" is incompatible with parameter of type "unsigned char *"
src\usr_proc.c(289): warning:  #167-D: argument of type "char *" is incompatible with parameter of type "unsigned char *"
src\usr_proc.c(292): warning:  #167-D: argument of type "char *" is incompatible with parameter of type "unsigned char *"
src\usr_proc.c(295): warning:  #167-D: argument of type "char *" is incompatible with parameter of type "unsigned char *"
src\usr_proc.c(259): warning:  #550-D: variable "ret_val" was set but never used
src\usr_proc.c(303): warning:  #550-D: variable "ret_val" was set but never used
src\usr_proc.c(348): warning:  #167-D: argument of type "char *" is incompatible with parameter of type "unsigned char *"
src\usr_proc.c(371): warning:  #223-D: function "q_init" declared implicitly
src\usr_proc.c(379): warning:  #223-D: function "q_pop" declared implicitly
src\usr_proc.c(383): warning:  #223-D: function "atoi" declared implicitly
src\usr_proc.c(403): warning:  #223-D: function "q_push" declared implicitly
src\usr_proc.c - 0 Error(s), 11 Warning(s).
Rebuild target 'Context Switching SIM'
assembling startup_LPC17xx.s...
compiling system_LPC17xx.c...
compiling uart_polling.c...
compiling printf.c...
compiling main_svc.c...
compiling uart_irq.c...
compiling HAL.c...
compiling k_rtx_init.c...
compiling k_memory.c...
compiling k_process.c...
src\k_process.c(303): warning:  #550-D: variable "ret_val" was set but never used
src\k_process.c(347): warning:  #223-D: function "atomic_off" declared implicitly
src\k_process.c(314): warning:  #550-D: variable "ret_val" was set but never used
src\k_process.c(356): warning:  #550-D: variable "ret_val" was set but never used
src\k_process.c(518): warning:  #550-D: variable "ret_val" was set but never used
src\k_process.c(583): warning:  #550-D: variable "ret_val" was set but never used
src\k_process.c(608): warning:  #177-D: variable "ret_val" was declared but never referenced
src\k_process.c(611): warning:  #177-D: variable "sizemailbox" was declared but never referenced
src\k_process.c(652): warning:  #177-D: variable "ret_val" was declared but never referenced
src\k_process.c(658): warning:  #550-D: variable "g_send_char" was set but never used
compiling heap.c...
compiling queue.c...
compiling envelope.c...
src\envelope.c(29): warning:  #177-D: variable "time_elapsed" was declared but never referenced
src\envelope.c(30): warning:  #177-D: variable "buffer" was declared but never referenced
compiling timer.c...
compiling usr_proc.c...
src\usr_proc.c(38): warning:  #167-D: argument of type "char *" is incompatible with parameter of type "unsigned char *"
src\usr_proc.c(289): warning:  #167-D: argument of type "char *" is incompatible with parameter of type "unsigned char *"
src\usr_proc.c(292): warning:  #167-D: argument of type "char *" is incompatible with parameter of type "unsigned char *"
src\usr_proc.c(295): warning:  #167-D: argument of type "char *" is incompatible with parameter of type "unsigned char *"
src\usr_proc.c(259): warning:  #550-D: variable "ret_val" was set but never used
src\usr_proc.c(303): warning:  #550-D: variable "ret_val" was set but never used
src\usr_proc.c(348): warning:  #167-D: argument of type "char *" is incompatible with parameter of type "unsigned char *"
src\usr_proc.c(371): warning:  #223-D: function "q_init" declared implicitly
src\usr_proc.c(379): warning:  #223-D: function "q_pop" declared implicitly
src\usr_proc.c(383): warning:  #223-D: function "atoi" declared implicitly
src\usr_proc.c(403): warning:  #223-D: function "q_push" declared implicitly
compiling q_queue.c...
linking...
Program Size: Code=9916 RO-data=400 RW-data=80 ZI-data=1352  
"context_switching.axf" - 0 Error(s), 23 Warning(s).
Load "N:\\SE350\\nulab\\SE-350-Lab\\LAB 4\\context_switching.AXF" 
Erase Done.
Programming Done.
Verify OK.
Build target 'Context Switching SIM'
compiling usr_proc.c...
src\usr_proc.c(38): warning:  #167-D: argument of type "char *" is incompatible with parameter of type "unsigned char *"
src\usr_proc.c(289): warning:  #167-D: argument of type "char *" is incompatible with parameter of type "unsigned char *"
src\usr_proc.c(292): warning:  #167-D: argument of type "char *" is incompatible with parameter of type "unsigned char *"
src\usr_proc.c(295): warning:  #167-D: argument of type "char *" is incompatible with parameter of type "unsigned char *"
src\usr_proc.c(259): warning:  #550-D: variable "ret_val" was set but never used
src\usr_proc.c(303): warning:  #550-D: variable "ret_val" was set but never used
src\usr_proc.c(348): warning:  #167-D: argument of type "char *" is incompatible with parameter of type "unsigned char *"
src\usr_proc.c(371): warning:  #223-D: function "q_init" declared implicitly
src\usr_proc.c(379): warning:  #223-D: function "q_pop" declared implicitly
src\usr_proc.c(383): warning:  #223-D: function "atoi" declared implicitly
src\usr_proc.c(403): warning:  #223-D: function "q_push" declared implicitly
linking...
Program Size: Code=9904 RO-data=400 RW-data=80 ZI-data=1352  
"context_switching.axf" - 0 Error(s), 11 Warning(s).
Load "N:\\SE350\\nulab\\SE-350-Lab\\LAB 4\\context_switching.AXF" 
Erase Done.
Programming Done.
Verify OK.
Build target 'Context Switching SIM'
compiling usr_proc.c...
src\usr_proc.c(38): warning:  #167-D: argument of type "char *" is incompatible with parameter of type "unsigned char *"
src\usr_proc.c(289): warning:  #167-D: argument of type "char *" is incompatible with parameter of type "unsigned char *"
src\usr_proc.c(292): warning:  #167-D: argument of type "char *" is incompatible with parameter of type "unsigned char *"
src\usr_proc.c(295): warning:  #167-D: argument of type "char *" is incompatible with parameter of type "unsigned char *"
src\usr_proc.c(259): warning:  #550-D: variable "ret_val" was set but never used
src\usr_proc.c(303): warning:  #550-D: variable "ret_val" was set but never used
src\usr_proc.c(348): warning:  #167-D: argument of type "char *" is incompatible with parameter of type "unsigned char *"
src\usr_proc.c(371): warning:  #223-D: function "q_init" declared implicitly
src\usr_proc.c(379): warning:  #223-D: function "q_pop" declared implicitly
src\usr_proc.c(383): warning:  #223-D: function "atoi" declared implicitly
src\usr_proc.c(403): warning:  #223-D: function "q_push" declared implicitly
linking...
Program Size: Code=9916 RO-data=400 RW-data=80 ZI-data=1352  
"context_switching.axf" - 0 Error(s), 11 Warning(s).
Load "N:\\SE350\\nulab\\SE-350-Lab\\LAB 4\\context_switching.AXF" 
Erase Done.
Programming Done.
Verify OK.
Build target 'Context Switching SIM'
compiling usr_proc.c...
src\usr_proc.c(38): warning:  #167-D: argument of type "char *" is incompatible with parameter of type "unsigned char *"
src\usr_proc.c(289): warning:  #167-D: argument of type "char *" is incompatible with parameter of type "unsigned char *"
src\usr_proc.c(292): warning:  #167-D: argument of type "char *" is incompatible with parameter of type "unsigned char *"
src\usr_proc.c(295): warning:  #167-D: argument of type "char *" is incompatible with parameter of type "unsigned char *"
src\usr_proc.c(259): warning:  #550-D: variable "ret_val" was set but never used
src\usr_proc.c(303): warning:  #550-D: variable "ret_val" was set but never used
src\usr_proc.c(348): warning:  #167-D: argument of type "char *" is incompatible with parameter of type "unsigned char *"
src\usr_proc.c(371): warning:  #223-D: function "q_init" declared implicitly
src\usr_proc.c(379): warning:  #223-D: function "q_pop" declared implicitly
src\usr_proc.c(383): warning:  #223-D: function "atoi" declared implicitly
src\usr_proc.c(403): warning:  #223-D: function "q_push" declared implicitly
linking...
Program Size: Code=9916 RO-data=400 RW-data=80 ZI-data=1352  
"context_switching.axf" - 0 Error(s), 11 Warning(s).
Load "N:\\SE350\\nulab\\SE-350-Lab\\LAB 4\\context_switching.AXF" 
Erase Done.
Programming Done.
Verify OK.
Build target 'Context Switching SIM'
compiling usr_proc.c...
src\usr_proc.c(38): warning:  #167-D: argument of type "char *" is incompatible with parameter of type "unsigned char *"
src\usr_proc.c(289): warning:  #167-D: argument of type "char *" is incompatible with parameter of type "unsigned char *"
src\usr_proc.c(292): warning:  #167-D: argument of type "char *" is incompatible with parameter of type "unsigned char *"
src\usr_proc.c(295): warning:  #167-D: argument of type "char *" is incompatible with parameter of type "unsigned char *"
src\usr_proc.c(259): warning:  #550-D: variable "ret_val" was set but never used
src\usr_proc.c(303): warning:  #550-D: variable "ret_val" was set but never used
src\usr_proc.c(348): warning:  #167-D: argument of type "char *" is incompatible with parameter of type "unsigned char *"
src\usr_proc.c(371): warning:  #223-D: function "q_init" declared implicitly
src\usr_proc.c(379): warning:  #223-D: function "q_pop" declared implicitly
src\usr_proc.c(383): warning:  #223-D: function "atoi" declared implicitly
src\usr_proc.c(403): warning:  #223-D: function "q_push" declared implicitly
linking...
Program Size: Code=9904 RO-data=400 RW-data=80 ZI-data=1352  
"context_switching.axf" - 0 Error(s), 11 Warning(s).
Load "N:\\SE350\\nulab\\SE-350-Lab\\LAB 4\\context_switching.AXF" 
Erase Done.
Programming Done.
Verify OK.
Build target 'Context Switching SIM'
compiling usr_proc.c...
src\usr_proc.c(38): warning:  #167-D: argument of type "char *" is incompatible with parameter of type "unsigned char *"
src\usr_proc.c(265): error:  #268: declaration may not appear after executable statement in block
src\usr_proc.c(288): warning:  #167-D: argument of type "char *" is incompatible with parameter of type "unsigned char *"
src\usr_proc.c(291): warning:  #167-D: argument of type "char *" is incompatible with parameter of type "unsigned char *"
src\usr_proc.c(294): warning:  #167-D: argument of type "char *" is incompatible with parameter of type "unsigned char *"
src\usr_proc.c(259): warning:  #550-D: variable "ret_val" was set but never used
src\usr_proc.c(302): warning:  #550-D: variable "ret_val" was set but never used
src\usr_proc.c(347): warning:  #167-D: argument of type "char *" is incompatible with parameter of type "unsigned char *"
src\usr_proc.c(370): warning:  #223-D: function "q_init" declared implicitly
src\usr_proc.c(378): warning:  #223-D: function "q_pop" declared implicitly
src\usr_proc.c(382): warning:  #223-D: function "atoi" declared implicitly
src\usr_proc.c(402): warning:  #223-D: function "q_push" declared implicitly
Target not created
Build target 'Context Switching SIM'
compiling usr_proc.c...
src\usr_proc.c(38): warning:  #167-D: argument of type "char *" is incompatible with parameter of type "unsigned char *"
src\usr_proc.c(265): error:  #268: declaration may not appear after executable statement in block
src\usr_proc.c(288): warning:  #167-D: argument of type "char *" is incompatible with parameter of type "unsigned char *"
src\usr_proc.c(291): warning:  #167-D: argument of type "char *" is incompatible with parameter of type "unsigned char *"
src\usr_proc.c(294): warning:  #167-D: argument of type "char *" is incompatible with parameter of type "unsigned char *"
src\usr_proc.c(259): warning:  #550-D: variable "ret_val" was set but never used
src\usr_proc.c(302): warning:  #550-D: variable "ret_val" was set but never used
src\usr_proc.c(347): warning:  #167-D: argument of type "char *" is incompatible with parameter of type "unsigned char *"
src\usr_proc.c(370): warning:  #223-D: function "q_init" declared implicitly
src\usr_proc.c(378): warning:  #223-D: function "q_pop" declared implicitly
src\usr_proc.c(382): warning:  #223-D: function "atoi" declared implicitly
src\usr_proc.c(402): warning:  #223-D: function "q_push" declared implicitly
Target not created
Build target 'Context Switching SIM'
compiling usr_proc.c...
src\usr_proc.c(38): warning:  #167-D: argument of type "char *" is incompatible with parameter of type "unsigned char *"
src\usr_proc.c(288): warning:  #167-D: argument of type "char *" is incompatible with parameter of type "unsigned char *"
src\usr_proc.c(291): warning:  #167-D: argument of type "char *" is incompatible with parameter of type "unsigned char *"
src\usr_proc.c(294): warning:  #167-D: argument of type "char *" is incompatible with parameter of type "unsigned char *"
src\usr_proc.c(259): warning:  #550-D: variable "ret_val" was set but never used
src\usr_proc.c(302): warning:  #550-D: variable "ret_val" was set but never used
src\usr_proc.c(347): warning:  #167-D: argument of type "char *" is incompatible with parameter of type "unsigned char *"
src\usr_proc.c(370): warning:  #223-D: function "q_init" declared implicitly
src\usr_proc.c(378): warning:  #223-D: function "q_pop" declared implicitly
src\usr_proc.c(382): warning:  #223-D: function "atoi" declared implicitly
src\usr_proc.c(402): warning:  #223-D: function "q_push" declared implicitly
linking...
Program Size: Code=9904 RO-data=400 RW-data=80 ZI-data=1352  
"context_switching.axf" - 0 Error(s), 11 Warning(s).
Load "N:\\SE350\\nulab\\SE-350-Lab\\LAB 4\\context_switching.AXF" 
Erase Done.
Programming Done.
Verify OK.
Build target 'Context Switching SIM'
compiling usr_proc.c...
src\usr_proc.c(38): warning:  #167-D: argument of type "char *" is incompatible with parameter of type "unsigned char *"
src\usr_proc.c(288): warning:  #167-D: argument of type "char *" is incompatible with parameter of type "unsigned char *"
src\usr_proc.c(291): warning:  #167-D: argument of type "char *" is incompatible with parameter of type "unsigned char *"
src\usr_proc.c(294): warning:  #167-D: argument of type "char *" is incompatible with parameter of type "unsigned char *"
src\usr_proc.c(264): warning:  #177-D: variable "testMessage" was declared but never referenced
src\usr_proc.c(259): warning:  #550-D: variable "ret_val" was set but never used
src\usr_proc.c(261): warning:  #177-D: variable "text" was declared but never referenced
src\usr_proc.c(302): warning:  #550-D: variable "ret_val" was set but never used
src\usr_proc.c(347): warning:  #167-D: argument of type "char *" is incompatible with parameter of type "unsigned char *"
src\usr_proc.c(370): warning:  #223-D: function "q_init" declared implicitly
src\usr_proc.c(378): warning:  #223-D: function "q_pop" declared implicitly
src\usr_proc.c(382): warning:  #223-D: function "atoi" declared implicitly
src\usr_proc.c(402): warning:  #223-D: function "q_push" declared implicitly
linking...
Program Size: Code=9888 RO-data=400 RW-data=80 ZI-data=1352  
"context_switching.axf" - 0 Error(s), 13 Warning(s).
Load "N:\\SE350\\nulab\\SE-350-Lab\\LAB 4\\context_switching.AXF" 
Erase Done.
Programming Done.
Verify OK.
Build target 'Context Switching SIM'
compiling usr_proc.c...
src\usr_proc.c(38): warning:  #167-D: argument of type "char *" is incompatible with parameter of type "unsigned char *"
src\usr_proc.c(288): warning:  #167-D: argument of type "char *" is incompatible with parameter of type "unsigned char *"
src\usr_proc.c(291): warning:  #167-D: argument of type "char *" is incompatible with parameter of type "unsigned char *"
src\usr_proc.c(294): warning:  #167-D: argument of type "char *" is incompatible with parameter of type "unsigned char *"
src\usr_proc.c(259): warning:  #550-D: variable "ret_val" was set but never used
src\usr_proc.c(302): warning:  #550-D: variable "ret_val" was set but never used
src\usr_proc.c(347): warning:  #167-D: argument of type "char *" is incompatible with parameter of type "unsigned char *"
src\usr_proc.c(370): warning:  #223-D: function "q_init" declared implicitly
src\usr_proc.c(378): warning:  #223-D: function "q_pop" declared implicitly
src\usr_proc.c(382): warning:  #223-D: function "atoi" declared implicitly
src\usr_proc.c(402): warning:  #223-D: function "q_push" declared implicitly
linking...
Program Size: Code=9904 RO-data=400 RW-data=80 ZI-data=1352  
"context_switching.axf" - 0 Error(s), 11 Warning(s).
Load "N:\\SE350\\nulab\\SE-350-Lab\\LAB 4\\context_switching.AXF" 
Erase Done.
Programming Done.
Verify OK.
Build target 'Context Switching SIM'
compiling usr_proc.c...
src\usr_proc.c(38): warning:  #167-D: argument of type "char *" is incompatible with parameter of type "unsigned char *"
src\usr_proc.c(270): error:  #268: declaration may not appear after executable statement in block
src\usr_proc.c(288): warning:  #167-D: argument of type "char *" is incompatible with parameter of type "unsigned char *"
src\usr_proc.c(291): warning:  #167-D: argument of type "char *" is incompatible with parameter of type "unsigned char *"
src\usr_proc.c(294): warning:  #167-D: argument of type "char *" is incompatible with parameter of type "unsigned char *"
src\usr_proc.c(259): warning:  #550-D: variable "ret_val" was set but never used
src\usr_proc.c(302): warning:  #550-D: variable "ret_val" was set but never used
src\usr_proc.c(347): warning:  #167-D: argument of type "char *" is incompatible with parameter of type "unsigned char *"
src\usr_proc.c(370): warning:  #223-D: function "q_init" declared implicitly
src\usr_proc.c(378): warning:  #223-D: function "q_pop" declared implicitly
src\usr_proc.c(382): warning:  #223-D: function "atoi" declared implicitly
src\usr_proc.c(402): warning:  #223-D: function "q_push" declared implicitly
Target not created
Load "N:\\SE350\\nulab\\SE-350-Lab\\LAB 4\\context_switching.AXF" 
_____^
*** error 56: cannot open file
Build target 'Context Switching SIM'
compiling usr_proc.c...
src\usr_proc.c(38): warning:  #167-D: argument of type "char *" is incompatible with parameter of type "unsigned char *"
src\usr_proc.c(289): warning:  #167-D: argument of type "char *" is incompatible with parameter of type "unsigned char *"
src\usr_proc.c(292): warning:  #167-D: argument of type "char *" is incompatible with parameter of type "unsigned char *"
src\usr_proc.c(295): warning:  #167-D: argument of type "char *" is incompatible with parameter of type "unsigned char *"
src\usr_proc.c(259): warning:  #550-D: variable "ret_val" was set but never used
src\usr_proc.c(303): warning:  #550-D: variable "ret_val" was set but never used
src\usr_proc.c(348): warning:  #167-D: argument of type "char *" is incompatible with parameter of type "unsigned char *"
src\usr_proc.c(371): warning:  #223-D: function "q_init" declared implicitly
src\usr_proc.c(379): warning:  #223-D: function "q_pop" declared implicitly
src\usr_proc.c(383): warning:  #223-D: function "atoi" declared implicitly
src\usr_proc.c(403): warning:  #223-D: function "q_push" declared implicitly
linking...
Program Size: Code=9980 RO-data=400 RW-data=80 ZI-data=1352  
"context_switching.axf" - 0 Error(s), 11 Warning(s).
Load "N:\\SE350\\nulab\\SE-350-Lab\\LAB 4\\context_switching.AXF" 
Erase Done.
Programming Done.
Verify OK.
Build target 'Context Switching SIM'
compiling usr_proc.c...
src\usr_proc.c(38): warning:  #167-D: argument of type "char *" is incompatible with parameter of type "unsigned char *"
src\usr_proc.c(289): warning:  #167-D: argument of type "char *" is incompatible with parameter of type "unsigned char *"
src\usr_proc.c(292): warning:  #167-D: argument of type "char *" is incompatible with parameter of type "unsigned char *"
src\usr_proc.c(295): warning:  #167-D: argument of type "char *" is incompatible with parameter of type "unsigned char *"
src\usr_proc.c(259): warning:  #550-D: variable "ret_val" was set but never used
src\usr_proc.c(303): warning:  #550-D: variable "ret_val" was set but never used
src\usr_proc.c(348): warning:  #167-D: argument of type "char *" is incompatible with parameter of type "unsigned char *"
src\usr_proc.c(371): warning:  #223-D: function "q_init" declared implicitly
src\usr_proc.c(379): warning:  #223-D: function "q_pop" declared implicitly
src\usr_proc.c(383): warning:  #223-D: function "atoi" declared implicitly
src\usr_proc.c(403): warning:  #223-D: function "q_push" declared implicitly
linking...
Program Size: Code=9968 RO-data=400 RW-data=80 ZI-data=1352  
"context_switching.axf" - 0 Error(s), 11 Warning(s).
Load "N:\\SE350\\nulab\\SE-350-Lab\\LAB 4\\context_switching.AXF" 
Erase Done.
Programming Done.
Verify OK.
Build target 'Context Switching SIM'
compiling usr_proc.c...
src\usr_proc.c(38): warning:  #167-D: argument of type "char *" is incompatible with parameter of type "unsigned char *"
src\usr_proc.c(289): warning:  #167-D: argument of type "char *" is incompatible with parameter of type "unsigned char *"
src\usr_proc.c(292): warning:  #167-D: argument of type "char *" is incompatible with parameter of type "unsigned char *"
src\usr_proc.c(295): warning:  #167-D: argument of type "char *" is incompatible with parameter of type "unsigned char *"
src\usr_proc.c(259): warning:  #550-D: variable "ret_val" was set but never used
src\usr_proc.c(303): warning:  #550-D: variable "ret_val" was set but never used
src\usr_proc.c(348): warning:  #167-D: argument of type "char *" is incompatible with parameter of type "unsigned char *"
src\usr_proc.c(371): warning:  #223-D: function "q_init" declared implicitly
src\usr_proc.c(379): warning:  #223-D: function "q_pop" declared implicitly
src\usr_proc.c(383): warning:  #223-D: function "atoi" declared implicitly
src\usr_proc.c(403): warning:  #223-D: function "q_push" declared implicitly
linking...
Program Size: Code=9960 RO-data=400 RW-data=80 ZI-data=1352  
"context_switching.axf" - 0 Error(s), 11 Warning(s).
Load "N:\\SE350\\nulab\\SE-350-Lab\\LAB 4\\context_switching.AXF" 
Erase Done.
Programming Done.
Verify OK.
Build target 'Context Switching SIM'
compiling usr_proc.c...
src\usr_proc.c(38): warning:  #167-D: argument of type "char *" is incompatible with parameter of type "unsigned char *"
src\usr_proc.c(289): warning:  #167-D: argument of type "char *" is incompatible with parameter of type "unsigned char *"
src\usr_proc.c(292): warning:  #167-D: argument of type "char *" is incompatible with parameter of type "unsigned char *"
src\usr_proc.c(295): warning:  #167-D: argument of type "char *" is incompatible with parameter of type "unsigned char *"
src\usr_proc.c(259): warning:  #550-D: variable "ret_val" was set but never used
src\usr_proc.c(303): warning:  #550-D: variable "ret_val" was set but never used
src\usr_proc.c(348): warning:  #167-D: argument of type "char *" is incompatible with parameter of type "unsigned char *"
src\usr_proc.c(371): warning:  #223-D: function "q_init" declared implicitly
[...]
src\usr_proc.c(378): warning:  #223-D: function "q_init" declared implicitly
src\usr_proc.c(386): warning:  #223-D: function "q_pop" declared implicitly
src\usr_proc.c(390): warning:  #223-D: function "atoi" declared implicitly
src\usr_proc.c(410): warning:  #223-D: function "q_push" declared implicitly
linking...
Program Size: Code=9848 RO-data=400 RW-data=80 ZI-data=1352  
"context_switching.axf" - 0 Error(s), 9 Warning(s).
Load "N:\\SE350\\nulab\\SE-350-Lab\\LAB 4\\context_switching.AXF" 
Erase Done.
Programming Done.
Verify OK.
Build target 'Context Switching SIM'
compiling usr_proc.c...
src\usr_proc.c(38): warning:  #167-D: argument of type "char *" is incompatible with parameter of type "unsigned char *"
src\usr_proc.c(293): warning:  #167-D: argument of type "char *" is incompatible with parameter of type "unsigned char *"
src\usr_proc.c(267): warning:  #177-D: variable "testMessage2" was declared but never referenced
src\usr_proc.c(261): warning:  #550-D: variable "ret_val" was set but never used
src\usr_proc.c(304): warning:  #550-D: variable "ret_val" was set but never used
src\usr_proc.c(349): warning:  #167-D: argument of type "char *" is incompatible with parameter of type "unsigned char *"
src\usr_proc.c(372): warning:  #223-D: function "q_init" declared implicitly
src\usr_proc.c(380): warning:  #223-D: function "q_pop" declared implicitly
src\usr_proc.c(384): warning:  #223-D: function "atoi" declared implicitly
src\usr_proc.c(404): warning:  #223-D: function "q_push" declared implicitly
linking...
Program Size: Code=9868 RO-data=400 RW-data=80 ZI-data=1352  
"context_switching.axf" - 0 Error(s), 10 Warning(s).
Load "N:\\SE350\\nulab\\SE-350-Lab\\LAB 4\\context_switching.AXF" 
Erase Done.
Programming Done.
Verify OK.
Build target 'Context Switching SIM'
compiling usr_proc.c...
src\usr_proc.c(38): warning:  #167-D: argument of type "char *" is incompatible with parameter of type "unsigned char *"
src\usr_proc.c(293): warning:  #167-D: argument of type "char *" is incompatible with parameter of type "unsigned char *"
src\usr_proc.c(261): warning:  #550-D: variable "ret_val" was set but never used
src\usr_proc.c(304): warning:  #550-D: variable "ret_val" was set but never used
src\usr_proc.c(349): warning:  #167-D: argument of type "char *" is incompatible with parameter of type "unsigned char *"
src\usr_proc.c(372): warning:  #223-D: function "q_init" declared implicitly
src\usr_proc.c(380): warning:  #223-D: function "q_pop" declared implicitly
src\usr_proc.c(384): warning:  #223-D: function "atoi" declared implicitly
src\usr_proc.c(404): warning:  #223-D: function "q_push" declared implicitly
linking...
Program Size: Code=9916 RO-data=400 RW-data=80 ZI-data=1352  
"context_switching.axf" - 0 Error(s), 9 Warning(s).
Build target 'Context Switching SIM'
compiling usr_proc.c...
src\usr_proc.c(38): warning:  #167-D: argument of type "char *" is incompatible with parameter of type "unsigned char *"
src\usr_proc.c(293): warning:  #167-D: argument of type "char *" is incompatible with parameter of type "unsigned char *"
src\usr_proc.c(261): warning:  #550-D: variable "ret_val" was set but never used
src\usr_proc.c(304): warning:  #550-D: variable "ret_val" was set but never used
src\usr_proc.c(349): warning:  #167-D: argument of type "char *" is incompatible with parameter of type "unsigned char *"
src\usr_proc.c(372): warning:  #223-D: function "q_init" declared implicitly
src\usr_proc.c(380): warning:  #223-D: function "q_pop" declared implicitly
src\usr_proc.c(384): warning:  #223-D: function "atoi" declared implicitly
src\usr_proc.c(404): warning:  #223-D: function "q_push" declared implicitly
linking...
Program Size: Code=9916 RO-data=400 RW-data=80 ZI-data=1352  
"context_switching.axf" - 0 Error(s), 9 Warning(s).
Load "N:\\SE350\\nulab\\SE-350-Lab\\LAB 4\\context_switching.AXF" 
Erase Done.
Programming Done.
Verify OK.
Load "N:\\SE350\\nulab\\SE-350-Lab\\LAB 4\\context_switching.AXF" 
Erase Done.
Programming Done.
Verify OK.
Build target 'Context Switching SIM'
compiling usr_proc.c...
src\usr_proc.c(38): warning:  #167-D: argument of type "char *" is incompatible with parameter of type "unsigned char *"
src\usr_proc.c(293): warning:  #167-D: argument of type "char *" is incompatible with parameter of type "unsigned char *"
src\usr_proc.c(261): warning:  #550-D: variable "ret_val" was set but never used
src\usr_proc.c(304): warning:  #550-D: variable "ret_val" was set but never used
src\usr_proc.c(349): warning:  #167-D: argument of type "char *" is incompatible with parameter of type "unsigned char *"
src\usr_proc.c(372): warning:  #223-D: function "q_init" declared implicitly
src\usr_proc.c(380): warning:  #223-D: function "q_pop" declared implicitly
src\usr_proc.c(384): warning:  #223-D: function "atoi" declared implicitly
src\usr_proc.c(404): warning:  #223-D: function "q_push" declared implicitly
linking...
Program Size: Code=9912 RO-data=400 RW-data=80 ZI-data=1352  
"context_switching.axf" - 0 Error(s), 9 Warning(s).
Load "N:\\SE350\\nulab\\SE-350-Lab\\LAB 4\\context_switching.AXF" 
Erase Done.
Programming Done.
Verify OK.
Build target 'Context Switching SIM'
compiling usr_proc.c...
src\usr_proc.c(38): warning:  #167-D: argument of type "char *" is incompatible with parameter of type "unsigned char *"
src\usr_proc.c(293): warning:  #167-D: argument of type "char *" is incompatible with parameter of type "unsigned char *"
src\usr_proc.c(261): warning:  #550-D: variable "ret_val" was set but never used
src\usr_proc.c(304): warning:  #550-D: variable "ret_val" was set but never used
src\usr_proc.c(349): warning:  #167-D: argument of type "char *" is incompatible with parameter of type "unsigned char *"
src\usr_proc.c(372): warning:  #223-D: function "q_init" declared implicitly
src\usr_proc.c(380): warning:  #223-D: function "q_pop" declared implicitly
src\usr_proc.c(384): warning:  #223-D: function "atoi" declared implicitly
src\usr_proc.c(404): warning:  #223-D: function "q_push" declared implicitly
linking...
Program Size: Code=9912 RO-data=400 RW-data=80 ZI-data=1352  
"context_switching.axf" - 0 Error(s), 9 Warning(s).
Load "N:\\SE350\\nulab\\SE-350-Lab\\LAB 4\\context_switching.AXF" 
Erase Done.
Programming Done.
Verify OK.
Build target 'Context Switching SIM'
compiling usr_proc.c...
src\usr_proc.c(38): warning:  #167-D: argument of type "char *" is incompatible with parameter of type "unsigned char *"
src\usr_proc.c(293): warning:  #167-D: argument of type "char *" is incompatible with parameter of type "unsigned char *"
src\usr_proc.c(267): warning:  #177-D: variable "testMessage2" was declared but never referenced
src\usr_proc.c(261): warning:  #550-D: variable "ret_val" was set but never used
src\usr_proc.c(304): warning:  #550-D: variable "ret_val" was set but never used
src\usr_proc.c(349): warning:  #167-D: argument of type "char *" is incompatible with parameter of type "unsigned char *"
src\usr_proc.c(372): warning:  #223-D: function "q_init" declared implicitly
src\usr_proc.c(380): warning:  #223-D: function "q_pop" declared implicitly
src\usr_proc.c(384): warning:  #223-D: function "atoi" declared implicitly
src\usr_proc.c(404): warning:  #223-D: function "q_push" declared implicitly
linking...
Program Size: Code=9856 RO-data=400 RW-data=80 ZI-data=1352  
"context_switching.axf" - 0 Error(s), 10 Warning(s).
Load "N:\\SE350\\nulab\\SE-350-Lab\\LAB 4\\context_switching.AXF" 
Erase Done.
Programming Done.
Verify OK.
Build target 'Context Switching SIM'
compiling usr_proc.c...
src\usr_proc.c(38): warning:  #167-D: argument of type "char *" is incompatible with parameter of type "unsigned char *"
src\usr_proc.c(293): warning:  #167-D: argument of type "char *" is incompatible with parameter of type "unsigned char *"
src\usr_proc.c(266): warning:  #177-D: variable "testMessage" was declared but never referenced
src\usr_proc.c(267): warning:  #177-D: variable "testMessage2" was declared but never referenced
src\usr_proc.c(261): warning:  #550-D: variable "ret_val" was set but never used
src\usr_proc.c(263): warning:  #177-D: variable "text" was declared but never referenced
src\usr_proc.c(304): warning:  #550-D: variable "ret_val" was set but never used
src\usr_proc.c(349): warning:  #167-D: argument of type "char *" is incompatible with parameter of type "unsigned char *"
src\usr_proc.c(372): warning:  #223-D: function "q_init" declared implicitly
src\usr_proc.c(380): warning:  #223-D: function "q_pop" declared implicitly
src\usr_proc.c(384): warning:  #223-D: function "atoi" declared implicitly
src\usr_proc.c(404): warning:  #223-D: function "q_push" declared implicitly
linking...
Program Size: Code=9832 RO-data=400 RW-data=80 ZI-data=1352  
"context_switching.axf" - 0 Error(s), 12 Warning(s).
Load "N:\\SE350\\nulab\\SE-350-Lab\\LAB 4\\context_switching.AXF" 
Erase Done.
Programming Done.
Verify OK.
Load "N:\\SE350\\nulab\\SE-350-Lab\\LAB 4\\context_switching.AXF" 
Erase Done.
Programming Done.
Verify OK.
Build target 'Context Switching SIM'
compiling usr_proc.c...
src\usr_proc.c(38): warning:  #167-D: argument of type "char *" is incompatible with parameter of type "unsigned char *"
src\usr_proc.c(293): warning:  #167-D: argument of type "char *" is incompatible with parameter of type "unsigned char *"
src\usr_proc.c(266): warning:  #177-D: variable "testMessage" was declared but never referenced
src\usr_proc.c(267): warning:  #177-D: variable "testMessage2" was declared but never referenced
src\usr_proc.c(261): warning:  #550-D: variable "ret_val" was set but never used
src\usr_proc.c(263): warning:  #177-D: variable "text" was declared but never referenced
src\usr_proc.c(328): error:  #20: identifier "buffer" is undefined
src\usr_proc.c(307): warning:  #550-D: variable "ret_val" was set but never used
src\usr_proc.c(360): warning:  #167-D: argument of type "char *" is incompatible with parameter of type "unsigned char *"
src\usr_proc.c(383): warning:  #223-D: function "q_init" declared implicitly
src\usr_proc.c(391): warning:  #223-D: function "q_pop" declared implicitly
src\usr_proc.c(395): warning:  #223-D: function "atoi" declared implicitly
src\usr_proc.c(415): warning:  #223-D: function "q_push" declared implicitly
Target not created
Build target 'Context Switching SIM'
compiling usr_proc.c...
src\usr_proc.c(38): warning:  #167-D: argument of type "char *" is incompatible with parameter of type "unsigned char *"
src\usr_proc.c(293): warning:  #167-D: argument of type "char *" is incompatible with parameter of type "unsigned char *"
src\usr_proc.c(266): warning:  #177-D: variable "testMessage" was declared but never referenced
src\usr_proc.c(267): warning:  #177-D: variable "testMessage2" was declared but never referenced
src\usr_proc.c(262): warning:  #550-D: variable "ret_val" was set but never used
src\usr_proc.c(263): warning:  #177-D: variable "text" was declared but never referenced
src\usr_proc.c(331): warning:  #167-D: argument of type "char *" is incompatible with parameter of type "unsigned char *"
src\usr_proc.c(308): warning:  #550-D: variable "ret_val" was set but never used
src\usr_proc.c(361): warning:  #167-D: argument of type "char *" is incompatible with parameter of type "unsigned char *"
src\usr_proc.c(384): warning:  #223-D: function "q_init" declared implicitly
src\usr_proc.c(392): warning:  #223-D: function "q_pop" declared implicitly
src\usr_proc.c(396): warning:  #223-D: function "atoi" declared implicitly
src\usr_proc.c(416): warning:  #223-D: function "q_push" declared implicitly
linking...
Program Size: Code=9876 RO-data=400 RW-data=80 ZI-data=1352  
"context_switching.axf" - 0 Error(s), 13 Warning(s).
Load "N:\\SE350\\nulab\\SE-350-Lab\\LAB 4\\context_switching.AXF" 
Erase Done.
Programming Done.
Verify OK.
Load "N:\\SE350\\nulab\\SE-350-Lab\\LAB 4\\context_switching.AXF" 
Erase Done.
Programming Done.
Verify OK.
Build target 'Context Switching SIM'
compiling usr_proc.c...
src\usr_proc.c(38): warning:  #167-D: argument of type "char *" is incompatible with parameter of type "unsigned char *"
src\usr_proc.c(293): warning:  #167-D: argument of type "char *" is incompatible with parameter of type "unsigned char *"
src\usr_proc.c(266): warning:  #177-D: variable "testMessage" was declared but never referenced
src\usr_proc.c(267): warning:  #177-D: variable "testMessage2" was declared but never referenced
src\usr_proc.c(262): warning:  #550-D: variable "ret_val" was set but never used
src\usr_proc.c(263): warning:  #177-D: variable "text" was declared but never referenced
src\usr_proc.c(331): warning:  #167-D: argument of type "char *" is incompatible with parameter of type "unsigned char *"
src\usr_proc.c(311): warning:  #177-D: variable "i" was declared but never referenced
src\usr_proc.c(312): warning:  #177-D: variable "sender_id" was declared but never referenced
src\usr_proc.c(314): warning:  #177-D: variable "rcvMessage" was declared but never referenced
src\usr_proc.c(308): warning:  #550-D: variable "ret_val" was set but never used
src\usr_proc.c(361): warning:  #167-D: argument of type "char *" is incompatible with parameter of type "unsigned char *"
src\usr_proc.c(384): warning:  #223-D: function "q_init" declared implicitly
src\usr_proc.c(392): warning:  #223-D: function "q_pop" declared implicitly
src\usr_proc.c(396): warning:  #223-D: function "atoi" declared implicitly
src\usr_proc.c(416): warning:  #223-D: function "q_push" declared implicitly
linking...
Program Size: Code=9836 RO-data=400 RW-data=80 ZI-data=1352  
"context_switching.axf" - 0 Error(s), 16 Warning(s).
Load "N:\\SE350\\nulab\\SE-350-Lab\\LAB 4\\context_switching.AXF" 
Erase Done.
Programming Done.
Verify OK.
Build target 'Context Switching SIM'
compiling usr_proc.c...
src\usr_proc.c(38): warning:  #167-D: argument of type "char *" is incompatible with parameter of type "unsigned char *"
src\usr_proc.c(293): warning:  #167-D: argument of type "char *" is incompatible with parameter of type "unsigned char *"
src\usr_proc.c(266): warning:  #177-D: variable "testMessage" was declared but never referenced
src\usr_proc.c(267): warning:  #177-D: variable "testMessage2" was declared but never referenced
src\usr_proc.c(262): warning:  #550-D: variable "ret_val" was set but never used
src\usr_proc.c(263): warning:  #177-D: variable "text" was declared but never referenced
src\usr_proc.c(333): warning:  #167-D: argument of type "char *" is incompatible with parameter of type "unsigned char *"
src\usr_proc.c(311): warning:  #177-D: variable "i" was declared but never referenced
src\usr_proc.c(312): warning:  #177-D: variable "sender_id" was declared but never referenced
src\usr_proc.c(314): warning:  #177-D: variable "rcvMessage" was declared but never referenced
src\usr_proc.c(308): warning:  #550-D: variable "ret_val" was set but never used
src\usr_proc.c(363): warning:  #167-D: argument of type "char *" is incompatible with parameter of type "unsigned char *"
src\usr_proc.c(386): warning:  #223-D: function "q_init" declared implicitly
src\usr_proc.c(394): warning:  #223-D: function "q_pop" declared implicitly
src\usr_proc.c(398): warning:  #223-D: function "atoi" declared implicitly
src\usr_proc.c(418): warning:  #223-D: function "q_push" declared implicitly
linking...
Program Size: Code=9868 RO-data=400 RW-data=80 ZI-data=1352  
"context_switching.axf" - 0 Error(s), 16 Warning(s).
Load "N:\\SE350\\nulab\\SE-350-Lab\\LAB 4\\context_switching.AXF" 
Erase Done.
Programming Done.
Verify OK.
Build target 'Context Switching SIM'
compiling usr_proc.c...
src\usr_proc.c(38): warning:  #167-D: argument of type "char *" is incompatible with parameter of type "unsigned char *"
src\usr_proc.c(293): warning:  #167-D: argument of type "char *" is incompatible with parameter of type "unsigned char *"
src\usr_proc.c(266): warning:  #177-D: variable "testMessage" was declared but never referenced
src\usr_proc.c(267): warning:  #177-D: variable "testMessage2" was declared but never referenced
src\usr_proc.c(262): warning:  #550-D: variable "ret_val" was set but never used
src\usr_proc.c(263): warning:  #177-D: variable "text" was declared but never referenced
src\usr_proc.c(333): warning:  #167-D: argument of type "char *" is incompatible with parameter of type "unsigned char *"
src\usr_proc.c(311): warning:  #177-D: variable "i" was declared but never referenced
src\usr_proc.c(312): warning:  #177-D: variable "sender_id" was declared but never referenced
src\usr_proc.c(314): warning:  #177-D: variable "rcvMessage" was declared but never referenced
src\usr_proc.c(308): warning:  #550-D: variable "ret_val" was set but never used
src\usr_proc.c(363): warning:  #167-D: argument of type "char *" is incompatible with parameter of type "unsigned char *"
src\usr_proc.c(386): warning:  #223-D: function "q_init" declared implicitly
src\usr_proc.c(394): warning:  #223-D: function "q_pop" declared implicitly
src\usr_proc.c(398): warning:  #223-D: function "atoi" declared implicitly
src\usr_proc.c(418): warning:  #223-D: function "q_push" declared implicitly
linking...
Program Size: Code=9832 RO-data=400 RW-data=80 ZI-data=1352  
"context_switching.axf" - 0 Error(s), 16 Warning(s).
Load "N:\\SE350\\nulab\\SE-350-Lab\\LAB 4\\context_switching.AXF" 
Erase Done.
Programming Done.
Verify OK.
Rebuild target 'Context Switching SIM'
assembling startup_LPC17xx.s...
compiling system_LPC17xx.c...
compiling uart_polling.c...
compiling printf.c...
compiling main_svc.c...
compiling uart_irq.c...
compiling HAL.c...
compiling k_rtx_init.c...
compiling k_memory.c...
compiling k_process.c...
src\k_process.c(303): warning:  #550-D: variable "ret_val" was set but never used
src\k_process.c(347): warning:  #223-D: function "atomic_off" declared implicitly
src\k_process.c(314): warning:  #550-D: variable "ret_val" was set but never used
src\k_process.c(356): warning:  #550-D: variable "ret_val" was set but never used
src\k_process.c(518): warning:  #550-D: variable "ret_val" was set but never used
src\k_process.c(583): warning:  #550-D: variable "ret_val" was set but never used
src\k_process.c(608): warning:  #177-D: variable "ret_val" was declared but never referenced
src\k_process.c(611): warning:  #177-D: variable "sizemailbox" was declared but never referenced
src\k_process.c(652): warning:  #177-D: variable "ret_val" was declared but never referenced
src\k_process.c(658): warning:  #550-D: variable "g_send_char" was set but never used
compiling heap.c...
compiling queue.c...
compiling envelope.c...
src\envelope.c(29): warning:  #177-D: variable "time_elapsed" was declared but never referenced
src\envelope.c(30): warning:  #177-D: variable "buffer" was declared but never referenced
compiling timer.c...
compiling usr_proc.c...
src\usr_proc.c(38): warning:  #167-D: argument of type "char *" is incompatible with parameter of type "unsigned char *"
src\usr_proc.c(263): warning:  #177-D: variable "testMessage2" was declared but never referenced
src\usr_proc.c(258): warning:  #550-D: variable "ret_val" was set but never used
src\usr_proc.c(288): warning:  #550-D: variable "ret_val" was set but never used
src\usr_proc.c(332): warning:  #167-D: argument of type "char *" is incompatible with parameter of type "unsigned char *"
src\usr_proc.c(355): warning:  #223-D: function "q_init" declared implicitly
src\usr_proc.c(363): warning:  #223-D: function "q_pop" declared implicitly
src\usr_proc.c(367): warning:  #223-D: function "atoi" declared implicitly
src\usr_proc.c(387): warning:  #223-D: function "q_push" declared implicitly
compiling q_queue.c...
linking...
Program Size: Code=9836 RO-data=400 RW-data=80 ZI-data=1352  
"context_switching.axf" - 0 Error(s), 21 Warning(s).
Load "N:\\SE350\\nulab\\SE-350-Lab\\LAB 4\\context_switching.AXF" 
Erase Done.
Programming Done.
Verify OK.
Load "N:\\SE350\\nulab\\SE-350-Lab\\LAB 4\\context_switching.AXF" 
Erase Done.
Programming Done.
Verify OK.
